<html>
<body>
<pre>
<h1>µVision Build Log</h1>
<h2>Tool Versions:</h2>
IDE-Version: µVision V5.30.0.0
Copyright (C) 2020 ARM Ltd and ARM Germany GmbH. All rights reserved.
License Information: Safa Bulat, student, LIC=----
 
Tool Versions:
Toolchain:       MDK-Lite  Version: 5.30.0.0
Toolchain Path:  C:\Keil_v5\ARM\ARMCC\Bin
C Compiler:      Armcc.exe V5.06 update 6 (build 750)
Assembler:       Armasm.exe V5.06 update 6 (build 750)
Linker/Locator:  ArmLink.exe V5.06 update 6 (build 750)
Library Manager: ArmAr.exe V5.06 update 6 (build 750)
Hex Converter:   FromElf.exe V5.06 update 6 (build 750)
CPU DLL:         SARMCM3.DLL V5.30.0.0
Dialog DLL:      DCM.DLL V1.17.3.0
Target DLL:      STLink\ST-LINKIII-KEIL_SWO.dll V3.0.7.0
Dialog DLL:      TCM.DLL V1.42.0.0
 
<h2>Project:</h2>
C:\Users\Seffet\Desktop\PCWorkStuff\CubeMX\UART\UART_\MDK-ARM\UART_.uvprojx
Project File Date:  07/31/2020

<h2>Output:</h2>
*** Using Compiler 'V5.06 update 6 (build 750)', folder: 'C:\Keil_v5\ARM\ARMCC\Bin'
Build target 'UART_'
assembling startup_stm32f407xx.s...
compiling stm32f4xx_hal_msp.c...
compiling stm32f4xx_it.c...
compiling stm32f4xx_hal_tim_ex.c...
compiling stm32f4xx_hal_uart.c...
compiling main.c...
../Src/main.c(99): warning:  #177-D: variable "X"  was declared but never referenced
  	uint8_t X = 0;
../Src/main.c(102): warning:  #177-D: variable "txMSG"  was declared but never referenced
  	char txMSG[30] ="Geldi...!";
../Src/main.c(103): warning:  #177-D: variable "codes"  was declared but never referenced
  	char codes[5]="KodEn";
../Src/main.c(104): warning:  #177-D: variable "codes2"  was declared but never referenced
  	char codes2[5]="KodDs";
../Src/main.c(105): warning:  #177-D: variable "code1"  was declared but never referenced
  	char code1[4]="Loop";
../Src/main.c(106): warning:  #177-D: variable "code2"  was declared but never referenced
  	char code2[4]="Leds";
../Src/main.c(107): warning:  #177-D: variable "code3"  was declared but never referenced
  	char code3[4]="Echo";
../Src/main.c(108): warning:  #177-D: variable "Start"  was declared but never referenced
  	char Start[30]="\r\n\tMuhabbetBasladi";
../Src/main.c(109): warning:  #177-D: variable "En"  was declared but never referenced
  	char En[30]="\r\nKod girisi yapiniz.";
../Src/main.c(110): warning:  #177-D: variable "Ds"  was declared but never referenced
  	char Ds[30]="\r\nKod girisi bitmistir.";
../Src/main.c: 10 warnings, 0 errors
compiling stm32f4xx_hal_tim.c...
compiling stm32f4xx_hal_rcc.c...
compiling stm32f4xx_hal_flash.c...
compiling stm32f4xx_hal_flash_ex.c...
compiling stm32f4xx_hal_flash_ramfunc.c...
compiling stm32f4xx_hal_gpio.c...
compiling stm32f4xx_hal_dma.c...
compiling stm32f4xx_hal_rcc_ex.c...
compiling stm32f4xx_hal_dma_ex.c...
compiling stm32f4xx_hal_exti.c...
compiling stm32f4xx_hal.c...
compiling system_stm32f4xx.c...
compiling stm32f4xx_hal_cortex.c...
compiling stm32f4xx_hal_pwr_ex.c...
compiling stm32f4xx_hal_pwr.c...
linking...
Program Size: Code=5636 RO-data=584 RW-data=16 ZI-data=1216  
FromELF: creating hex file...
"UART_\UART_.axf" - 0 Error(s), 10 Warning(s).

<h2>Software Packages used:</h2>

Package Vendor: ARM
                http://www.keil.com/pack/ARM.CMSIS.5.7.0.pack
                ARM.CMSIS.5.7.0
                CMSIS (Cortex Microcontroller Software Interface Standard)
   * Component: CORE Version: 5.4.0

Package Vendor: Keil
                http://www.keil.com/pack/Keil.STM32F4xx_DFP.2.14.0.pack
                Keil.STM32F4xx_DFP.2.14.0
                STMicroelectronics STM32F4 Series Device Support, Drivers and Examples

<h2>Collection of Component include folders:</h2>
  .\RTE\_UART_
  C:\Users\Seffet\AppData\Local\Arm\Packs\ARM\CMSIS\5.7.0\CMSIS\Core\Include
  C:\Users\Seffet\AppData\Local\Arm\Packs\Keil\STM32F4xx_DFP\2.14.0\Drivers\CMSIS\Device\ST\STM32F4xx\Include

<h2>Collection of Component Files used:</h2>

   * Component: ARM::CMSIS:CORE:5.4.0
Build Time Elapsed:  00:00:32
</pre>
</body>
</html>
