Component: ARM Compiler 5.06 update 6 (build 750) Tool: armlink [4d35ed]

==============================================================================

Section Cross References

    startup_stm32f429xx.o(RESET) refers to startup_stm32f429xx.o(STACK) for __initial_sp
    startup_stm32f429xx.o(RESET) refers to startup_stm32f429xx.o(.text) for Reset_Handler
    startup_stm32f429xx.o(RESET) refers to stm32f4xx_it.o(i.NMI_Handler) for NMI_Handler
    startup_stm32f429xx.o(RESET) refers to stm32f4xx_it.o(i.HardFault_Handler) for HardFault_Handler
    startup_stm32f429xx.o(RESET) refers to stm32f4xx_it.o(i.MemManage_Handler) for MemManage_Handler
    startup_stm32f429xx.o(RESET) refers to stm32f4xx_it.o(i.BusFault_Handler) for BusFault_Handler
    startup_stm32f429xx.o(RESET) refers to stm32f4xx_it.o(i.UsageFault_Handler) for UsageFault_Handler
    startup_stm32f429xx.o(RESET) refers to stm32f4xx_it.o(i.SVC_Handler) for SVC_Handler
    startup_stm32f429xx.o(RESET) refers to stm32f4xx_it.o(i.DebugMon_Handler) for DebugMon_Handler
    startup_stm32f429xx.o(RESET) refers to stm32f4xx_it.o(i.PendSV_Handler) for PendSV_Handler
    startup_stm32f429xx.o(RESET) refers to stm32f4xx_it.o(i.SysTick_Handler) for SysTick_Handler
    startup_stm32f429xx.o(RESET) refers to stm32f4xx_it.o(i.RCC_IRQHandler) for RCC_IRQHandler
    startup_stm32f429xx.o(RESET) refers to stm32f4xx_it.o(i.EXTI0_IRQHandler) for EXTI0_IRQHandler
    startup_stm32f429xx.o(RESET) refers to stm32f4xx_it.o(i.DMA1_Stream5_IRQHandler) for DMA1_Stream5_IRQHandler
    startup_stm32f429xx.o(RESET) refers to stm32f4xx_it.o(i.ADC_IRQHandler) for ADC_IRQHandler
    startup_stm32f429xx.o(RESET) refers to stm32f4xx_it.o(i.TIM2_IRQHandler) for TIM2_IRQHandler
    startup_stm32f429xx.o(RESET) refers to stm32f4xx_it.o(i.TIM4_IRQHandler) for TIM4_IRQHandler
    startup_stm32f429xx.o(RESET) refers to stm32f4xx_it.o(i.SPI1_IRQHandler) for SPI1_IRQHandler
    startup_stm32f429xx.o(RESET) refers to stm32f4xx_it.o(i.USART2_IRQHandler) for USART2_IRQHandler
    startup_stm32f429xx.o(.text) refers to system_stm32f4xx.o(i.SystemInit) for SystemInit
    startup_stm32f429xx.o(.text) refers to entry.o(.ARM.Collect$$$$00000000) for __main
    i2c-lcd.o(i.LCD1602_cursor) refers to i2c-lcd.o(i.lcd_send_cmd) for lcd_send_cmd
    i2c-lcd.o(i.LCD1602_cursor) refers to i2c-lcd.o(.data) for .data
    i2c-lcd.o(i.LCD1602_noCursor) refers to i2c-lcd.o(i.lcd_send_cmd) for lcd_send_cmd
    i2c-lcd.o(i.LCD1602_noCursor) refers to i2c-lcd.o(.data) for .data
    i2c-lcd.o(i.lcd_PrintFloat) refers to f2d.o(.text) for __aeabi_f2d
    i2c-lcd.o(i.lcd_PrintFloat) refers to printfa.o(i.__0sprintf) for __2sprintf
    i2c-lcd.o(i.lcd_PrintFloat) refers to i2c-lcd.o(i.lcd_send_string) for lcd_send_string
    i2c-lcd.o(i.lcd_PrintInt) refers to printfa.o(i.__0sprintf) for __2sprintf
    i2c-lcd.o(i.lcd_PrintInt) refers to i2c-lcd.o(i.lcd_send_string) for lcd_send_string
    i2c-lcd.o(i.lcd_clear) refers to i2c-lcd.o(i.lcd_send_cmd) for lcd_send_cmd
    i2c-lcd.o(i.lcd_clear) refers to i2c-lcd.o(i.lcd_send_data) for lcd_send_data
    i2c-lcd.o(i.lcd_clear2) refers to i2c-lcd.o(i.lcd_send_cmd) for lcd_send_cmd
    i2c-lcd.o(i.lcd_clear2) refers to i2c-lcd.o(i.lcd_send_data) for lcd_send_data
    i2c-lcd.o(i.lcd_init) refers to stm32f4xx_hal.o(i.HAL_Delay) for HAL_Delay
    i2c-lcd.o(i.lcd_init) refers to i2c-lcd.o(i.lcd_send_cmd) for lcd_send_cmd
    i2c-lcd.o(i.lcd_put_cur) refers to i2c-lcd.o(i.lcd_send_cmd) for lcd_send_cmd
    i2c-lcd.o(i.lcd_send_cmd) refers to stm32f4xx_hal_i2c.o(i.HAL_I2C_Master_Transmit) for HAL_I2C_Master_Transmit
    i2c-lcd.o(i.lcd_send_cmd) refers to main.o(.bss) for hi2c3
    i2c-lcd.o(i.lcd_send_data) refers to stm32f4xx_hal_i2c.o(i.HAL_I2C_Master_Transmit) for HAL_I2C_Master_Transmit
    i2c-lcd.o(i.lcd_send_data) refers to main.o(.bss) for hi2c3
    i2c-lcd.o(i.lcd_send_string) refers to i2c-lcd.o(i.lcd_send_data) for lcd_send_data
    i2c-lcd.o(i.lcd_setCursor) refers to i2c-lcd.o(i.lcd_send_cmd) for lcd_send_cmd
    main.o(i.Alarm) refers to stm32f4xx_hal_gpio.o(i.HAL_GPIO_WritePin) for HAL_GPIO_WritePin
    main.o(i.Alarm) refers to i2c-lcd.o(i.lcd_setCursor) for lcd_setCursor
    main.o(i.Alarm) refers to i2c-lcd.o(i.lcd_send_string) for lcd_send_string
    main.o(i.Alarm) refers to printfa.o(i.__0printf) for __2printf
    main.o(i.Alarm) refers to stm32f4xx_hal.o(i.HAL_Delay) for HAL_Delay
    main.o(i.Alarm) refers to main.o(.data) for .data
    main.o(i.Buzzer) refers to stm32f4xx_hal_gpio.o(i.HAL_GPIO_WritePin) for HAL_GPIO_WritePin
    main.o(i.Buzzer) refers to stm32f4xx_hal.o(i.HAL_Delay) for HAL_Delay
    main.o(i.ClearJunk) refers to i2c-lcd.o(i.lcd_setCursor) for lcd_setCursor
    main.o(i.ClearJunk) refers to i2c-lcd.o(i.lcd_send_string) for lcd_send_string
    main.o(i.ClearJunk) refers to i2c-lcd.o(i.lcd_send_data) for lcd_send_data
[...]
    .text                                    0x080005a8   Section        0  iusefp.o(.text)
    .text                                    0x08000662   Section        0  dadd.o(.text)
    .text                                    0x080007b0   Section        0  dmul.o(.text)
    .text                                    0x08000894   Section        0  dfixul.o(.text)
    .text                                    0x080008c4   Section       48  cdrcmple.o(.text)
    .text                                    0x080008f4   Section       36  init.o(.text)
    .text                                    0x08000918   Section        0  fgetc_b.o(.text)
    .text                                    0x08000944   Section        0  llsshr.o(.text)
    .text                                    0x08000968   Section        0  scanf_char.o(.text)
    _scanf_char_input                        0x08000969   Thumb Code    12  scanf_char.o(.text)
    .text                                    0x08000990   Section        0  semi.o(.text)
    .text                                    0x08000990   Section        0  isspace_c.o(.text)
    .text                                    0x0800099c   Section        0  _scanf.o(.text)
    .text                                    0x08000cc8   Section        0  ctype_c.o(.text)
    .text                                    0x08000cc8   Section        0  iusesemig.o(.text)
    i.ADC_IRQHandler                         0x08000cf0   Section        0  stm32f4xx_it.o(i.ADC_IRQHandler)
    i.ADC_Init                               0x08000cfc   Section        0  stm32f4xx_hal_adc.o(i.ADC_Init)
    ADC_Init                                 0x08000cfd   Thumb Code   284  stm32f4xx_hal_adc.o(i.ADC_Init)
    i.Alarm                                  0x08000e24   Section        0  main.o(i.Alarm)
    i.BusFault_Handler                       0x08000e9c   Section        0  stm32f4xx_it.o(i.BusFault_Handler)
    i.Buzzer                                 0x08000ea0   Section        0  main.o(i.Buzzer)
    i.ClearJunk                              0x08000ecc   Section        0  main.o(i.ClearJunk)
    i.DMA1_Stream5_IRQHandler                0x08000f20   Section        0  stm32f4xx_it.o(i.DMA1_Stream5_IRQHandler)
    i.DMA_CalcBaseAndBitshift                0x08000f2c   Section        0  stm32f4xx_hal_dma.o(i.DMA_CalcBaseAndBitshift)
    DMA_CalcBaseAndBitshift                  0x08000f2d   Thumb Code    34  stm32f4xx_hal_dma.o(i.DMA_CalcBaseAndBitshift)
    i.DMA_CheckFifoParam                     0x08000f54   Section        0  stm32f4xx_hal_dma.o(i.DMA_CheckFifoParam)
    DMA_CheckFifoParam                       0x08000f55   Thumb Code    84  stm32f4xx_hal_dma.o(i.DMA_CheckFifoParam)
    i.Days                                   0x08000fa8   Section        0  main.o(i.Days)
    i.DebugMon_Handler                       0x080010a0   Section        0  stm32f4xx_it.o(i.DebugMon_Handler)
    i.EXTI0_IRQHandler                       0x080010a2   Section        0  stm32f4xx_it.o(i.EXTI0_IRQHandler)
    i.Error_Handler                          0x080010a8   Section        0  main.o(i.Error_Handler)
    i.HAL_ADCEx_InjectedConvCpltCallback     0x080010aa   Section        0  stm32f4xx_hal_adc_ex.o(i.HAL_ADCEx_InjectedConvCpltCallback)
    i.HAL_ADC_ConfigChannel                  0x080010ac   Section        0  stm32f4xx_hal_adc.o(i.HAL_ADC_ConfigChannel)
    i.HAL_ADC_ConvCpltCallback               0x08001210   Section        0  main.o(i.HAL_ADC_ConvCpltCallback)
    i.HAL_ADC_ErrorCallback                  0x080012c8   Section        0  stm32f4xx_hal_adc.o(i.HAL_ADC_ErrorCallback)
    i.HAL_ADC_GetValue                       0x080012ca   Section        0  stm32f4xx_hal_adc.o(i.HAL_ADC_GetValue)
    i.HAL_ADC_IRQHandler                     0x080012d0   Section        0  stm32f4xx_hal_adc.o(i.HAL_ADC_IRQHandler)
    i.HAL_ADC_Init                           0x0800140c   Section        0  stm32f4xx_hal_adc.o(i.HAL_ADC_Init)
    i.HAL_ADC_LevelOutOfWindowCallback       0x08001460   Section        0  stm32f4xx_hal_adc.o(i.HAL_ADC_LevelOutOfWindowCallback)
    i.HAL_ADC_MspInit                        0x08001464   Section        0  stm32f4xx_hal_msp.o(i.HAL_ADC_MspInit)
    i.HAL_ADC_Start_IT                       0x080014d4   Section        0  stm32f4xx_hal_adc.o(i.HAL_ADC_Start_IT)
    i.HAL_DMA_Abort_IT                       0x080015cc   Section        0  stm32f4xx_hal_dma.o(i.HAL_DMA_Abort_IT)
    i.HAL_DMA_IRQHandler                     0x080015f0   Section        0  stm32f4xx_hal_dma.o(i.HAL_DMA_IRQHandler)
    i.HAL_DMA_Init                           0x08001790   Section        0  stm32f4xx_hal_dma.o(i.HAL_DMA_Init)
    i.HAL_Delay                              0x08001864   Section        0  stm32f4xx_hal.o(i.HAL_Delay)
    i.HAL_GPIO_EXTI_Callback                 0x08001888   Section        0  main.o(i.HAL_GPIO_EXTI_Callback)
    i.HAL_GPIO_EXTI_IRQHandler               0x080018d0   Section        0  stm32f4xx_hal_gpio.o(i.HAL_GPIO_EXTI_IRQHandler)
    i.HAL_GPIO_Init                          0x080018e8   Section        0  stm32f4xx_hal_gpio.o(i.HAL_GPIO_Init)
    i.HAL_GPIO_ReadPin                       0x08001abc   Section        0  stm32f4xx_hal_gpio.o(i.HAL_GPIO_ReadPin)
    i.HAL_GPIO_TogglePin                     0x08001ac6   Section        0  stm32f4xx_hal_gpio.o(i.HAL_GPIO_TogglePin)
    i.HAL_GPIO_WritePin                      0x08001ad4   Section        0  stm32f4xx_hal_gpio.o(i.HAL_GPIO_WritePin)
    i.HAL_GetTick                            0x08001ae0   Section        0  stm32f4xx_hal.o(i.HAL_GetTick)
    i.HAL_I2CEx_ConfigAnalogFilter           0x08001aec   Section        0  stm32f4xx_hal_i2c_ex.o(i.HAL_I2CEx_ConfigAnalogFilter)
    i.HAL_I2CEx_ConfigDigitalFilter          0x08001b2e   Section        0  stm32f4xx_hal_i2c_ex.o(i.HAL_I2CEx_ConfigDigitalFilter)
    i.HAL_I2C_Init                           0x08001b6c   Section        0  stm32f4xx_hal_i2c.o(i.HAL_I2C_Init)
    i.HAL_I2C_Master_Transmit                0x08001cf4   Section        0  stm32f4xx_hal_i2c.o(i.HAL_I2C_Master_Transmit)
    i.HAL_I2C_MspInit                        0x08001e20   Section        0  stm32f4xx_hal_msp.o(i.HAL_I2C_MspInit)
    i.HAL_IncTick                            0x08001ea8   Section        0  stm32f4xx_hal.o(i.HAL_IncTick)
    i.HAL_Init                               0x08001eb8   Section        0  stm32f4xx_hal.o(i.HAL_Init)
    i.HAL_InitTick                           0x08001eec   Section        0  stm32f4xx_hal.o(i.HAL_InitTick)
    i.HAL_MspInit                            0x08001f2c   Section        0  stm32f4xx_hal_msp.o(i.HAL_MspInit)
    i.HAL_NVIC_EnableIRQ                     0x08001f6c   Section        0  stm32f4xx_hal_cortex.o(i.HAL_NVIC_EnableIRQ)
    i.HAL_NVIC_SetPriority                   0x08001f88   Section        0  stm32f4xx_hal_cortex.o(i.HAL_NVIC_SetPriority)
    i.HAL_NVIC_SetPriorityGrouping           0x08001fc8   Section        0  stm32f4xx_hal_cortex.o(i.HAL_NVIC_SetPriorityGrouping)
    i.HAL_RCC_ClockConfig                    0x08001fec   Section        0  stm32f4xx_hal_rcc.o(i.HAL_RCC_ClockConfig)
    i.HAL_RCC_GetPCLK1Freq                   0x08002120   Section        0  stm32f4xx_hal_rcc.o(i.HAL_RCC_GetPCLK1Freq)
    i.HAL_RCC_GetPCLK2Freq                   0x08002140   Section        0  stm32f4xx_hal_rcc.o(i.HAL_RCC_GetPCLK2Freq)
    i.HAL_RCC_GetSysClockFreq                0x08002160   Section        0  stm32f4xx_hal_rcc.o(i.HAL_RCC_GetSysClockFreq)
    i.HAL_RCC_OscConfig                      0x080021c0   Section        0  stm32f4xx_hal_rcc.o(i.HAL_RCC_OscConfig)
    i.HAL_SPI_ErrorCallback                  0x0800251c   Section        0  stm32f4xx_hal_spi.o(i.HAL_SPI_ErrorCallback)
    i.HAL_SPI_IRQHandler                     0x08002520   Section        0  stm32f4xx_hal_spi.o(i.HAL_SPI_IRQHandler)
    i.HAL_SPI_Init                           0x0800261c   Section        0  stm32f4xx_hal_spi.o(i.HAL_SPI_Init)
    i.HAL_SPI_MspInit                        0x0800269c   Section        0  stm32f4xx_hal_msp.o(i.HAL_SPI_MspInit)
    i.HAL_SPI_Receive_IT                     0x08002714   Section        0  stm32f4xx_hal_spi.o(i.HAL_SPI_Receive_IT)
    i.HAL_SPI_RxCpltCallback                 0x080027b8   Section        0  main.o(i.HAL_SPI_RxCpltCallback)
    i.HAL_SPI_TransmitReceive_IT             0x080027bc   Section        0  stm32f4xx_hal_spi.o(i.HAL_SPI_TransmitReceive_IT)
    i.HAL_SPI_TxRxCpltCallback               0x08002860   Section        0  stm32f4xx_hal_spi.o(i.HAL_SPI_TxRxCpltCallback)
    i.HAL_SYSTICK_Config                     0x08002862   Section        0  stm32f4xx_hal_cortex.o(i.HAL_SYSTICK_Config)
    i.HAL_TIMEx_BreakCallback                0x0800288a   Section        0  stm32f4xx_hal_tim_ex.o(i.HAL_TIMEx_BreakCallback)
    i.HAL_TIMEx_CommutCallback               0x0800288c   Section        0  stm32f4xx_hal_tim_ex.o(i.HAL_TIMEx_CommutCallback)
    i.HAL_TIMEx_MasterConfigSynchronization  0x08002890   Section        0  stm32f4xx_hal_tim_ex.o(i.HAL_TIMEx_MasterConfigSynchronization)
    i.HAL_TIM_Base_Init                      0x08002920   Section        0  stm32f4xx_hal_tim.o(i.HAL_TIM_Base_Init)
    i.HAL_TIM_Base_MspInit                   0x08002958   Section        0  stm32f4xx_hal_msp.o(i.HAL_TIM_Base_MspInit)
    i.HAL_TIM_Base_Start                     0x080029d0   Section        0  stm32f4xx_hal_tim.o(i.HAL_TIM_Base_Start)
    i.HAL_TIM_Base_Start_IT                  0x080029f4   Section        0  stm32f4xx_hal_tim.o(i.HAL_TIM_Base_Start_IT)
    i.HAL_TIM_ConfigClockSource              0x08002a16   Section        0  stm32f4xx_hal_tim.o(i.HAL_TIM_ConfigClockSource)
    i.HAL_TIM_IC_CaptureCallback             0x08002aec   Section        0  stm32f4xx_hal_tim.o(i.HAL_TIM_IC_CaptureCallback)
    i.HAL_TIM_IRQHandler                     0x08002aee   Section        0  stm32f4xx_hal_tim.o(i.HAL_TIM_IRQHandler)
    i.HAL_TIM_OC_DelayElapsedCallback        0x08002c54   Section        0  stm32f4xx_hal_tim.o(i.HAL_TIM_OC_DelayElapsedCallback)
    i.HAL_TIM_PWM_PulseFinishedCallback      0x08002c56   Section        0  stm32f4xx_hal_tim.o(i.HAL_TIM_PWM_PulseFinishedCallback)
    i.HAL_TIM_PWM_Start                      0x08002c58   Section        0  stm32f4xx_hal_tim.o(i.HAL_TIM_PWM_Start)
    i.HAL_TIM_PeriodElapsedCallback          0x08002c9c   Section        0  main.o(i.HAL_TIM_PeriodElapsedCallback)
    i.HAL_TIM_TriggerCallback                0x08002d58   Section        0  stm32f4xx_hal_tim.o(i.HAL_TIM_TriggerCallback)
    i.HAL_UART_ErrorCallback                 0x08002d5a   Section        0  stm32f4xx_hal_uart.o(i.HAL_UART_ErrorCallback)
    i.HAL_UART_IRQHandler                    0x08002d5c   Section        0  stm32f4xx_hal_uart.o(i.HAL_UART_IRQHandler)
    i.HAL_UART_Init                          0x08002e70   Section        0  stm32f4xx_hal_uart.o(i.HAL_UART_Init)
    i.HAL_UART_MspInit                       0x08002ed4   Section        0  stm32f4xx_hal_msp.o(i.HAL_UART_MspInit)
    i.HAL_UART_Receive                       0x08002f84   Section        0  stm32f4xx_hal_uart.o(i.HAL_UART_Receive)
    i.HAL_UART_RxCpltCallback                0x08003042   Section        0  stm32f4xx_hal_uart.o(i.HAL_UART_RxCpltCallback)
    i.HAL_UART_Transmit                      0x08003044   Section        0  stm32f4xx_hal_uart.o(i.HAL_UART_Transmit)
    i.HAL_UART_TxCpltCallback                0x08003100   Section        0  main.o(i.HAL_UART_TxCpltCallback)
    i.HardFault_Handler                      0x08003118   Section        0  stm32f4xx_it.o(i.HardFault_Handler)
    i.I2C_IsAcknowledgeFailed                0x0800311a   Section        0  stm32f4xx_hal_i2c.o(i.I2C_IsAcknowledgeFailed)
    I2C_IsAcknowledgeFailed                  0x0800311b   Thumb Code    46  stm32f4xx_hal_i2c.o(i.I2C_IsAcknowledgeFailed)
    i.I2C_MasterRequestWrite                 0x08003148   Section        0  stm32f4xx_hal_i2c.o(i.I2C_MasterRequestWrite)
    I2C_MasterRequestWrite                   0x08003149   Thumb Code   150  stm32f4xx_hal_i2c.o(i.I2C_MasterRequestWrite)
    i.I2C_WaitOnBTFFlagUntilTimeout          0x080031e4   Section        0  stm32f4xx_hal_i2c.o(i.I2C_WaitOnBTFFlagUntilTimeout)
    I2C_WaitOnBTFFlagUntilTimeout            0x080031e5   Thumb Code    76  stm32f4xx_hal_i2c.o(i.I2C_WaitOnBTFFlagUntilTimeout)
    i.I2C_WaitOnFlagUntilTimeout             0x08003230   Section        0  stm32f4xx_hal_i2c.o(i.I2C_WaitOnFlagUntilTimeout)
    I2C_WaitOnFlagUntilTimeout               0x08003231   Thumb Code   104  stm32f4xx_hal_i2c.o(i.I2C_WaitOnFlagUntilTimeout)
    i.I2C_WaitOnMasterAddressFlagUntilTimeout 0x08003298   Section        0  stm32f4xx_hal_i2c.o(i.I2C_WaitOnMasterAddressFlagUntilTimeout)
    I2C_WaitOnMasterAddressFlagUntilTimeout  0x08003299   Thumb Code   150  stm32f4xx_hal_i2c.o(i.I2C_WaitOnMasterAddressFlagUntilTimeout)
    i.I2C_WaitOnTXEFlagUntilTimeout          0x0800332e   Section        0  stm32f4xx_hal_i2c.o(i.I2C_WaitOnTXEFlagUntilTimeout)
    I2C_WaitOnTXEFlagUntilTimeout            0x0800332f   Thumb Code    76  stm32f4xx_hal_i2c.o(i.I2C_WaitOnTXEFlagUntilTimeout)
    i.MX_ADC1_Init                           0x0800337c   Section        0  main.o(i.MX_ADC1_Init)
    MX_ADC1_Init                             0x0800337d   Thumb Code    74  main.o(i.MX_ADC1_Init)
    i.MX_GPIO_Init                           0x080033d0   Section        0  main.o(i.MX_GPIO_Init)
    MX_GPIO_Init                             0x080033d1   Thumb Code   238  main.o(i.MX_GPIO_Init)
    i.MX_I2C3_Init                           0x080034d8   Section        0  main.o(i.MX_I2C3_Init)
    MX_I2C3_Init                             0x080034d9   Thumb Code    56  main.o(i.MX_I2C3_Init)
    i.MX_SPI1_Init                           0x0800351c   Section        0  main.o(i.MX_SPI1_Init)
    MX_SPI1_Init                             0x0800351d   Thumb Code    38  main.o(i.MX_SPI1_Init)
    i.MX_TIM2_Init                           0x0800354c   Section        0  main.o(i.MX_TIM2_Init)
    MX_TIM2_Init                             0x0800354d   Thumb Code    78  main.o(i.MX_TIM2_Init)
    i.MX_TIM3_Init                           0x080035a0   Section        0  main.o(i.MX_TIM3_Init)
    MX_TIM3_Init                             0x080035a1   Thumb Code    76  main.o(i.MX_TIM3_Init)
    i.MX_TIM4_Init                           0x080035f4   Section        0  main.o(i.MX_TIM4_Init)
    MX_TIM4_Init                             0x080035f5   Thumb Code    76  main.o(i.MX_TIM4_Init)
    i.MemManage_Handler                      0x08003648   Section        0  stm32f4xx_it.o(i.MemManage_Handler)
    i.NMI_Handler                            0x0800364a   Section        0  stm32f4xx_it.o(i.NMI_Handler)
    i.PendSV_Handler                         0x0800364c   Section        0  stm32f4xx_it.o(i.PendSV_Handler)
    i.RCC_IRQHandler                         0x0800364e   Section        0  stm32f4xx_it.o(i.RCC_IRQHandler)
    i.SPI1_IRQHandler                        0x08003650   Section        0  stm32f4xx_it.o(i.SPI1_IRQHandler)
    i.SPI_2linesRxISR_16BIT                  0x0800365c   Section        0  stm32f4xx_hal_spi.o(i.SPI_2linesRxISR_16BIT)
    SPI_2linesRxISR_16BIT                    0x0800365d   Thumb Code    48  stm32f4xx_hal_spi.o(i.SPI_2linesRxISR_16BIT)
    i.SPI_2linesRxISR_8BIT                   0x0800368c   Section        0  stm32f4xx_hal_spi.o(i.SPI_2linesRxISR_8BIT)
    SPI_2linesRxISR_8BIT                     0x0800368d   Thumb Code    48  stm32f4xx_hal_spi.o(i.SPI_2linesRxISR_8BIT)
    i.SPI_2linesTxISR_16BIT                  0x080036bc   Section        0  stm32f4xx_hal_spi.o(i.SPI_2linesTxISR_16BIT)
    SPI_2linesTxISR_16BIT                    0x080036bd   Thumb Code    48  stm32f4xx_hal_spi.o(i.SPI_2linesTxISR_16BIT)
    i.SPI_2linesTxISR_8BIT                   0x080036ec   Section        0  stm32f4xx_hal_spi.o(i.SPI_2linesTxISR_8BIT)
    SPI_2linesTxISR_8BIT                     0x080036ed   Thumb Code    48  stm32f4xx_hal_spi.o(i.SPI_2linesTxISR_8BIT)
    i.SPI_CloseRxTx_ISR                      0x0800371c   Section        0  stm32f4xx_hal_spi.o(i.SPI_CloseRxTx_ISR)
    SPI_CloseRxTx_ISR                        0x0800371d   Thumb Code   140  stm32f4xx_hal_spi.o(i.SPI_CloseRxTx_ISR)
    i.SPI_CloseRx_ISR                        0x080037ac   Section        0  stm32f4xx_hal_spi.o(i.SPI_CloseRx_ISR)
    SPI_CloseRx_ISR                          0x080037ad   Thumb Code    76  stm32f4xx_hal_spi.o(i.SPI_CloseRx_ISR)
    i.SPI_DMAAbortOnError                    0x080037f8   Section        0  stm32f4xx_hal_spi.o(i.SPI_DMAAbortOnError)
    SPI_DMAAbortOnError                      0x080037f9   Thumb Code    16  stm32f4xx_hal_spi.o(i.SPI_DMAAbortOnError)
    i.SPI_EndRxTransaction                   0x08003808   Section        0  stm32f4xx_hal_spi.o(i.SPI_EndRxTransaction)
    SPI_EndRxTransaction                     0x08003809   Thumb Code    92  stm32f4xx_hal_spi.o(i.SPI_EndRxTransaction)
    i.SPI_EndRxTxTransaction                 0x08003864   Section        0  stm32f4xx_hal_spi.o(i.SPI_EndRxTxTransaction)
    SPI_EndRxTxTransaction                   0x08003865   Thumb Code    80  stm32f4xx_hal_spi.o(i.SPI_EndRxTxTransaction)
    i.SPI_RxISR_16BIT                        0x080038bc   Section        0  stm32f4xx_hal_spi.o(i.SPI_RxISR_16BIT)
    SPI_RxISR_16BIT                          0x080038bd   Thumb Code    32  stm32f4xx_hal_spi.o(i.SPI_RxISR_16BIT)
    i.SPI_RxISR_8BIT                         0x080038dc   Section        0  stm32f4xx_hal_spi.o(i.SPI_RxISR_8BIT)
    SPI_RxISR_8BIT                           0x080038dd   Thumb Code    32  stm32f4xx_hal_spi.o(i.SPI_RxISR_8BIT)
    i.SPI_WaitFlagStateUntilTimeout          0x080038fc   Section        0  stm32f4xx_hal_spi.o(i.SPI_WaitFlagStateUntilTimeout)
    SPI_WaitFlagStateUntilTimeout            0x080038fd   Thumb Code   148  stm32f4xx_hal_spi.o(i.SPI_WaitFlagStateUntilTimeout)
    i.SVC_Handler                            0x08003990   Section        0  stm32f4xx_it.o(i.SVC_Handler)
    i.SysTick_Handler                        0x08003992   Section        0  stm32f4xx_it.o(i.SysTick_Handler)
    i.SystemClock_Config                     0x08003998   Section        0  main.o(i.SystemClock_Config)
    i.SystemInit                             0x08003a1c   Section        0  system_stm32f4xx.o(i.SystemInit)
    i.TIM2_IRQHandler                        0x08003a38   Section        0  stm32f4xx_it.o(i.TIM2_IRQHandler)
    i.TIM4_IRQHandler                        0x08003a44   Section        0  stm32f4xx_it.o(i.TIM4_IRQHandler)
    i.TIM_Base_SetConfig                     0x08003a50   Section        0  stm32f4xx_hal_tim.o(i.TIM_Base_SetConfig)
    i.TIM_CCxChannelCmd                      0x08003b18   Section        0  stm32f4xx_hal_tim.o(i.TIM_CCxChannelCmd)
    i.TIM_ETR_SetConfig                      0x08003b32   Section        0  stm32f4xx_hal_tim.o(i.TIM_ETR_SetConfig)
    i.TIM_ITRx_SetConfig                     0x08003b46   Section        0  stm32f4xx_hal_tim.o(i.TIM_ITRx_SetConfig)
    TIM_ITRx_SetConfig                       0x08003b47   Thumb Code    16  stm32f4xx_hal_tim.o(i.TIM_ITRx_SetConfig)
    i.TIM_TI1_ConfigInputStage               0x08003b56   Section        0  stm32f4xx_hal_tim.o(i.TIM_TI1_ConfigInputStage)
    TIM_TI1_ConfigInputStage                 0x08003b57   Thumb Code    34  stm32f4xx_hal_tim.o(i.TIM_TI1_ConfigInputStage)
    i.TIM_TI2_ConfigInputStage               0x08003b78   Section        0  stm32f4xx_hal_tim.o(i.TIM_TI2_ConfigInputStage)
    TIM_TI2_ConfigInputStage                 0x08003b79   Thumb Code    36  stm32f4xx_hal_tim.o(i.TIM_TI2_ConfigInputStage)
    i.UART_DMAAbortOnError                   0x08003b9c   Section        0  stm32f4xx_hal_uart.o(i.UART_DMAAbortOnError)
    UART_DMAAbortOnError                     0x08003b9d   Thumb Code    16  stm32f4xx_hal_uart.o(i.UART_DMAAbortOnError)
    i.UART_EndRxTransfer                     0x08003bac   Section        0  stm32f4xx_hal_uart.o(i.UART_EndRxTransfer)
    UART_EndRxTransfer                       0x08003bad   Thumb Code    28  stm32f4xx_hal_uart.o(i.UART_EndRxTransfer)
    i.UART_Receive_IT                        0x08003bc8   Section        0  stm32f4xx_hal_uart.o(i.UART_Receive_IT)
    UART_Receive_IT                          0x08003bc9   Thumb Code   150  stm32f4xx_hal_uart.o(i.UART_Receive_IT)
    i.UART_SetConfig                         0x08003c60   Section        0  stm32f4xx_hal_uart.o(i.UART_SetConfig)
    UART_SetConfig                           0x08003c61   Thumb Code   286  stm32f4xx_hal_uart.o(i.UART_SetConfig)
    i.UART_Transmit_IT                       0x08003d88   Section        0  stm32f4xx_hal_uart.o(i.UART_Transmit_IT)
    UART_Transmit_IT                         0x08003d89   Thumb Code    98  stm32f4xx_hal_uart.o(i.UART_Transmit_IT)
    i.UART_WaitOnFlagUntilTimeout            0x08003dea   Section        0  stm32f4xx_hal_uart.o(i.UART_WaitOnFlagUntilTimeout)
    UART_WaitOnFlagUntilTimeout              0x08003deb   Thumb Code   100  stm32f4xx_hal_uart.o(i.UART_WaitOnFlagUntilTimeout)
    i.UARTsetMenu                            0x08003e50   Section        0  main.o(i.UARTsetMenu)
    i.USART2_IRQHandler                      0x0800411c   Section        0  stm32f4xx_it.o(i.USART2_IRQHandler)
    i.UsageFault_Handler                     0x08004128   Section        0  stm32f4xx_it.o(i.UsageFault_Handler)
    i.__0printf                              0x0800412c   Section        0  printfa.o(i.__0printf)
    i.__0sprintf                             0x0800414c   Section        0  printfa.o(i.__0sprintf)
    i.__NVIC_SetPriority                     0x08004174   Section        0  stm32f4xx_hal_cortex.o(i.__NVIC_SetPriority)
    __NVIC_SetPriority                       0x08004175   Thumb Code    32  stm32f4xx_hal_cortex.o(i.__NVIC_SetPriority)
    i.__scatterload_copy                     0x08004194   Section       14  handlers.o(i.__scatterload_copy)
    i.__scatterload_null                     0x080041a2   Section        2  handlers.o(i.__scatterload_null)
    i.__scatterload_zeroinit                 0x080041a4   Section       14  handlers.o(i.__scatterload_zeroinit)
    i._fp_digits                             0x080041b4   Section        0  printfa.o(i._fp_digits)
    _fp_digits                               0x080041b5   Thumb Code   366  printfa.o(i._fp_digits)
    i._printf_core                           0x08004338   Section        0  printfa.o(i._printf_core)
    _printf_core                             0x08004339   Thumb Code  1744  printfa.o(i._printf_core)
    i._printf_post_padding                   0x08004a14   Section        0  printfa.o(i._printf_post_padding)
    _printf_post_padding                     0x08004a15   Thumb Code    36  printfa.o(i._printf_post_padding)
    i._printf_pre_padding                    0x08004a38   Section        0  printfa.o(i._printf_pre_padding)
    _printf_pre_padding                      0x08004a39   Thumb Code    46  printfa.o(i._printf_pre_padding)
    i._sputc                                 0x08004a66   Section        0  printfa.o(i._sputc)
    _sputc                                   0x08004a67   Thumb Code    10  printfa.o(i._sputc)
    i.fgetc                                  0x08004a70   Section        0  main.o(i.fgetc)
    i.fputc                                  0x08004aa8   Section        0  main.o(i.fputc)
    i.lcd_PrintInt                           0x08004ac0   Section        0  i2c-lcd.o(i.lcd_PrintInt)
    i.lcd_init                               0x08004ad8   Section        0  i2c-lcd.o(i.lcd_init)
    i.lcd_send_cmd                           0x08004b50   Section        0  i2c-lcd.o(i.lcd_send_cmd)
    i.lcd_send_data                          0x08004b90   Section        0  i2c-lcd.o(i.lcd_send_data)
    i.lcd_send_string                        0x08004bd0   Section        0  i2c-lcd.o(i.lcd_send_string)
    i.lcd_setCursor                          0x08004be4   Section        0  i2c-lcd.o(i.lcd_setCursor)
    i.main                                   0x08004c00   Section        0  main.o(i.main)
    .constdata                               0x080050ac   Section        8  stm32f4xx_hal_dma.o(.constdata)
    flagBitshiftOffset                       0x080050ac   Data           8  stm32f4xx_hal_dma.o(.constdata)
    .constdata                               0x080050b4   Section       16  system_stm32f4xx.o(.constdata)
    .constdata                               0x080050c4   Section        8  system_stm32f4xx.o(.constdata)
    .constdata                               0x080050cc   Section       64  ctype_c.o(.constdata)
    .conststring                             0x0800510c   Section       17  main.o(.conststring)
    .data                                    0x20000000   Section       86  main.o(.data)
    .data                                    0x20000058   Section       12  stm32f4xx_hal.o(.data)
    .data                                    0x20000064   Section        4  system_stm32f4xx.o(.data)
    .data                                    0x20000068   Section        4  stdin.o(.data)
    .data                                    0x2000006c   Section        4  stdout.o(.data)
    .data                                    0x20000070   Section        3  fgetc_b.o(.data)
    ungetc_sp                                0x20000070   Data           1  fgetc_b.o(.data)
    ungetc_stack                             0x20000071   Data           2  fgetc_b.o(.data)
    .bss                                     0x20000074   Section      500  main.o(.bss)
    .bss                                     0x20000268   Section       96  main.o(.bss)
    STACK                                    0x200002c8   Section     1024  startup_stm32f429xx.o(STACK)

    Global Symbols

    Symbol Name                              Value     Ov Type        Size  Object(Section)

    BuildAttributes$$THM_ISAv4$E$P$D$K$B$S$7EM$VFPi3$EXTD16$VFPS$VFMA$PE$A:L22UL41UL21$X:L11$S22US41US21$IEEE1$IW$USESV6$~STKCKD$USESV7$~SHL$OSPACE$ROPI$EBA8$MICROLIB$REQ8$PRES8$EABIv2 0x00000000   Number         0  anon$$obj.o ABSOLUTE
    __ARM_use_no_argv                        0x00000000   Number         0  main.o ABSOLUTE
    _printf_a                                0x00000000   Number         0  stubs.o ABSOLUTE
    _printf_c                                0x00000000   Number         0  stubs.o ABSOLUTE
    _printf_charcount                        0x00000000   Number         0  stubs.o ABSOLUTE
    _printf_d                                0x00000000   Number         0  stubs.o ABSOLUTE
    _printf_e                                0x00000000   Number         0  stubs.o ABSOLUTE
    _printf_f                                0x00000000   Number         0  stubs.o ABSOLUTE
    _printf_flags                            0x00000000   Number         0  stubs.o ABSOLUTE
    _printf_fp_dec                           0x00000000   Number         0  stubs.o ABSOLUTE
    _printf_fp_hex                           0x00000000   Number         0  stubs.o ABSOLUTE
    _printf_g                                0x00000000   Number         0  stubs.o ABSOLUTE
    _printf_i                                0x00000000   Number         0  stubs.o ABSOLUTE
    _printf_int_dec                          0x00000000   Number         0  stubs.o ABSOLUTE
    _printf_l                                0x00000000   Number         0  stubs.o ABSOLUTE
    _printf_lc                               0x00000000   Number         0  stubs.o ABSOLUTE
    _printf_ll                               0x00000000   Number         0  stubs.o ABSOLUTE
    _printf_lld                              0x00000000   Number         0  stubs.o ABSOLUTE
    _printf_lli                              0x00000000   Number         0  stubs.o ABSOLUTE
    _printf_llo                              0x00000000   Number         0  stubs.o ABSOLUTE
    _printf_llu                              0x00000000   Number         0  stubs.o ABSOLUTE
    _printf_llx                              0x00000000   Number         0  stubs.o ABSOLUTE
    _printf_longlong_dec                     0x00000000   Number         0  stubs.o ABSOLUTE
    _printf_longlong_hex                     0x00000000   Number         0  stubs.o ABSOLUTE
    _printf_longlong_oct                     0x00000000   Number         0  stubs.o ABSOLUTE
    _printf_ls                               0x00000000   Number         0  stubs.o ABSOLUTE
    _printf_mbtowc                           0x00000000   Number         0  stubs.o ABSOLUTE
    _printf_n                                0x00000000   Number         0  stubs.o ABSOLUTE
    _printf_o                                0x00000000   Number         0  stubs.o ABSOLUTE
    _printf_p                                0x00000000   Number         0  stubs.o ABSOLUTE
    _printf_percent                          0x00000000   Number         0  stubs.o ABSOLUTE
    _printf_pre_padding                      0x00000000   Number         0  stubs.o ABSOLUTE
    _printf_return_value                     0x00000000   Number         0  stubs.o ABSOLUTE
    _printf_s                                0x00000000   Number         0  stubs.o ABSOLUTE
    _printf_sizespec                         0x00000000   Number         0  stubs.o ABSOLUTE
    _printf_str                              0x00000000   Number         0  stubs.o ABSOLUTE
    _printf_truncate_signed                  0x00000000   Number         0  stubs.o ABSOLUTE
    _printf_truncate_unsigned                0x00000000   Number         0  stubs.o ABSOLUTE
    _printf_u                                0x00000000   Number         0  stubs.o ABSOLUTE
    _printf_wc                               0x00000000   Number         0  stubs.o ABSOLUTE
    _printf_wctomb                           0x00000000   Number         0  stubs.o ABSOLUTE
    _printf_widthprec                        0x00000000   Number         0  stubs.o ABSOLUTE
    _printf_x                                0x00000000   Number         0  stubs.o ABSOLUTE
    __cpp_initialize__aeabi_                  - Undefined Weak Reference
    __cxa_finalize                            - Undefined Weak Reference
    __decompress                              - Undefined Weak Reference
    _clock_init                               - Undefined Weak Reference
    _microlib_exit                            - Undefined Weak Reference
    _scanf_longlong                           - Undefined Weak Reference
    _scanf_real                               - Undefined Weak Reference
    _scanf_string                             - Undefined Weak Reference
    __Vectors_Size                           0x000001ac   Number         0  startup_stm32f429xx.o ABSOLUTE
    __Vectors                                0x08000000   Data           4  startup_stm32f429xx.o(RESET)
    __Vectors_End                            0x080001ac   Data           0  startup_stm32f429xx.o(RESET)
    __main                                   0x080001ad   Thumb Code     0  entry.o(.ARM.Collect$$$$00000000)
    _main_stk                                0x080001ad   Thumb Code     0  entry2.o(.ARM.Collect$$$$00000001)
    _main_scatterload                        0x080001b1   Thumb Code     0  entry5.o(.ARM.Collect$$$$00000004)
    __main_after_scatterload                 0x080001b5   Thumb Code     0  entry5.o(.ARM.Collect$$$$00000004)
    _main_clock                              0x080001b5   Thumb Code     0  entry7b.o(.ARM.Collect$$$$00000008)
    _main_cpp_init                           0x080001b5   Thumb Code     0  entry8b.o(.ARM.Collect$$$$0000000A)
    _main_init                               0x080001b5   Thumb Code     0  entry9a.o(.ARM.Collect$$$$0000000B)
    __rt_final_cpp                           0x080001bd   Thumb Code     0  entry10a.o(.ARM.Collect$$$$0000000D)
    __rt_final_exit                          0x080001bd   Thumb Code     0  entry11a.o(.ARM.Collect$$$$0000000F)
    Reset_Handler                            0x080001c1   Thumb Code     8  startup_stm32f429xx.o(.text)
    CAN1_RX0_IRQHandler                      0x080001db   Thumb Code     0  startup_stm32f429xx.o(.text)
    CAN1_RX1_IRQHandler                      0x080001db   Thumb Code     0  startup_stm32f429xx.o(.text)
    CAN1_SCE_IRQHandler                      0x080001db   Thumb Code     0  startup_stm32f429xx.o(.text)
    CAN1_TX_IRQHandler                       0x080001db   Thumb Code     0  startup_stm32f429xx.o(.text)
    CAN2_RX0_IRQHandler                      0x080001db   Thumb Code     0  startup_stm32f429xx.o(.text)
    CAN2_RX1_IRQHandler                      0x080001db   Thumb Code     0  startup_stm32f429xx.o(.text)
    CAN2_SCE_IRQHandler                      0x080001db   Thumb Code     0  startup_stm32f429xx.o(.text)
    CAN2_TX_IRQHandler                       0x080001db   Thumb Code     0  startup_stm32f429xx.o(.text)
    DCMI_IRQHandler                          0x080001db   Thumb Code     0  startup_stm32f429xx.o(.text)
    DMA1_Stream0_IRQHandler                  0x080001db   Thumb Code     0  startup_stm32f429xx.o(.text)
    DMA1_Stream1_IRQHandler                  0x080001db   Thumb Code     0  startup_stm32f429xx.o(.text)
    DMA1_Stream2_IRQHandler                  0x080001db   Thumb Code     0  startup_stm32f429xx.o(.text)
    DMA1_Stream3_IRQHandler                  0x080001db   Thumb Code     0  startup_stm32f429xx.o(.text)
    DMA1_Stream4_IRQHandler                  0x080001db   Thumb Code     0  startup_stm32f429xx.o(.text)
    DMA1_Stream6_IRQHandler                  0x080001db   Thumb Code     0  startup_stm32f429xx.o(.text)
    DMA1_Stream7_IRQHandler                  0x080001db   Thumb Code     0  startup_stm32f429xx.o(.text)
    DMA2D_IRQHandler                         0x080001db   Thumb Code     0  startup_stm32f429xx.o(.text)
    DMA2_Stream0_IRQHandler                  0x080001db   Thumb Code     0  startup_stm32f429xx.o(.text)
    DMA2_Stream1_IRQHandler                  0x080001db   Thumb Code     0  startup_stm32f429xx.o(.text)
    DMA2_Stream2_IRQHandler                  0x080001db   Thumb Code     0  startup_stm32f429xx.o(.text)
    DMA2_Stream3_IRQHandler                  0x080001db   Thumb Code     0  startup_stm32f429xx.o(.text)
    DMA2_Stream4_IRQHandler                  0x080001db   Thumb Code     0  startup_stm32f429xx.o(.text)
    DMA2_Stream5_IRQHandler                  0x080001db   Thumb Code     0  startup_stm32f429xx.o(.text)
    DMA2_Stream6_IRQHandler                  0x080001db   Thumb Code     0  startup_stm32f429xx.o(.text)
    DMA2_Stream7_IRQHandler                  0x080001db   Thumb Code     0  startup_stm32f429xx.o(.text)
    ETH_IRQHandler                           0x080001db   Thumb Code     0  startup_stm32f429xx.o(.text)
    ETH_WKUP_IRQHandler                      0x080001db   Thumb Code     0  startup_stm32f429xx.o(.text)
    EXTI15_10_IRQHandler                     0x080001db   Thumb Code     0  startup_stm32f429xx.o(.text)
    EXTI1_IRQHandler                         0x080001db   Thumb Code     0  startup_stm32f429xx.o(.text)
    EXTI2_IRQHandler                         0x080001db   Thumb Code     0  startup_stm32f429xx.o(.text)
    EXTI3_IRQHandler                         0x080001db   Thumb Code     0  startup_stm32f429xx.o(.text)
    EXTI4_IRQHandler                         0x080001db   Thumb Code     0  startup_stm32f429xx.o(.text)
    EXTI9_5_IRQHandler                       0x080001db   Thumb Code     0  startup_stm32f429xx.o(.text)
    FLASH_IRQHandler                         0x080001db   Thumb Code     0  startup_stm32f429xx.o(.text)
    FMC_IRQHandler                           0x080001db   Thumb Code     0  startup_stm32f429xx.o(.text)
    FPU_IRQHandler                           0x080001db   Thumb Code     0  startup_stm32f429xx.o(.text)
    HASH_RNG_IRQHandler                      0x080001db   Thumb Code     0  startup_stm32f429xx.o(.text)
    I2C1_ER_IRQHandler                       0x080001db   Thumb Code     0  startup_stm32f429xx.o(.text)
    I2C1_EV_IRQHandler                       0x080001db   Thumb Code     0  startup_stm32f429xx.o(.text)
    I2C2_ER_IRQHandler                       0x080001db   Thumb Code     0  startup_stm32f429xx.o(.text)
    I2C2_EV_IRQHandler                       0x080001db   Thumb Code     0  startup_stm32f429xx.o(.text)
    I2C3_ER_IRQHandler                       0x080001db   Thumb Code     0  startup_stm32f429xx.o(.text)
    I2C3_EV_IRQHandler                       0x080001db   Thumb Code     0  startup_stm32f429xx.o(.text)
    LTDC_ER_IRQHandler                       0x080001db   Thumb Code     0  startup_stm32f429xx.o(.text)
    LTDC_IRQHandler                          0x080001db   Thumb Code     0  startup_stm32f429xx.o(.text)
    OTG_FS_IRQHandler                        0x080001db   Thumb Code     0  startup_stm32f429xx.o(.text)
    OTG_FS_WKUP_IRQHandler                   0x080001db   Thumb Code     0  startup_stm32f429xx.o(.text)
    OTG_HS_EP1_IN_IRQHandler                 0x080001db   Thumb Code     0  startup_stm32f429xx.o(.text)
    OTG_HS_EP1_OUT_IRQHandler                0x080001db   Thumb Code     0  startup_stm32f429xx.o(.text)
    OTG_HS_IRQHandler                        0x080001db   Thumb Code     0  startup_stm32f429xx.o(.text)
    OTG_HS_WKUP_IRQHandler                   0x080001db   Thumb Code     0  startup_stm32f429xx.o(.text)
    PVD_IRQHandler                           0x080001db   Thumb Code     0  startup_stm32f429xx.o(.text)
    RTC_Alarm_IRQHandler                     0x080001db   Thumb Code     0  startup_stm32f429xx.o(.text)
    RTC_WKUP_IRQHandler                      0x080001db   Thumb Code     0  startup_stm32f429xx.o(.text)
    SAI1_IRQHandler                          0x080001db   Thumb Code     0  startup_stm32f429xx.o(.text)
    SDIO_IRQHandler                          0x080001db   Thumb Code     0  startup_stm32f429xx.o(.text)
    SPI2_IRQHandler                          0x080001db   Thumb Code     0  startup_stm32f429xx.o(.text)
    SPI3_IRQHandler                          0x080001db   Thumb Code     0  startup_stm32f429xx.o(.text)
    SPI4_IRQHandler                          0x080001db   Thumb Code     0  startup_stm32f429xx.o(.text)
    SPI5_IRQHandler                          0x080001db   Thumb Code     0  startup_stm32f429xx.o(.text)
    SPI6_IRQHandler                          0x080001db   Thumb Code     0  startup_stm32f429xx.o(.text)
    TAMP_STAMP_IRQHandler                    0x080001db   Thumb Code     0  startup_stm32f429xx.o(.text)
    TIM1_BRK_TIM9_IRQHandler                 0x080001db   Thumb Code     0  startup_stm32f429xx.o(.text)
    TIM1_CC_IRQHandler                       0x080001db   Thumb Code     0  startup_stm32f429xx.o(.text)
    TIM1_TRG_COM_TIM11_IRQHandler            0x080001db   Thumb Code     0  startup_stm32f429xx.o(.text)
    TIM1_UP_TIM10_IRQHandler                 0x080001db   Thumb Code     0  startup_stm32f429xx.o(.text)
    TIM3_IRQHandler                          0x080001db   Thumb Code     0  startup_stm32f429xx.o(.text)
    TIM5_IRQHandler                          0x080001db   Thumb Code     0  startup_stm32f429xx.o(.text)
    TIM6_DAC_IRQHandler                      0x080001db   Thumb Code     0  startup_stm32f429xx.o(.text)
    TIM7_IRQHandler                          0x080001db   Thumb Code     0  startup_stm32f429xx.o(.text)
    TIM8_BRK_TIM12_IRQHandler                0x080001db   Thumb Code     0  startup_stm32f429xx.o(.text)
    TIM8_CC_IRQHandler                       0x080001db   Thumb Code     0  startup_stm32f429xx.o(.text)
    TIM8_TRG_COM_TIM14_IRQHandler            0x080001db   Thumb Code     0  startup_stm32f429xx.o(.text)
    TIM8_UP_TIM13_IRQHandler                 0x080001db   Thumb Code     0  startup_stm32f429xx.o(.text)
    UART4_IRQHandler                         0x080001db   Thumb Code     0  startup_stm32f429xx.o(.text)
    UART5_IRQHandler                         0x080001db   Thumb Code     0  startup_stm32f429xx.o(.text)
    UART7_IRQHandler                         0x080001db   Thumb Code     0  startup_stm32f429xx.o(.text)
    UART8_IRQHandler                         0x080001db   Thumb Code     0  startup_stm32f429xx.o(.text)
    USART1_IRQHandler                        0x080001db   Thumb Code     0  startup_stm32f429xx.o(.text)
    USART3_IRQHandler                        0x080001db   Thumb Code     0  startup_stm32f429xx.o(.text)
    USART6_IRQHandler                        0x080001db   Thumb Code     0  startup_stm32f429xx.o(.text)
    WWDG_IRQHandler                          0x080001db   Thumb Code     0  startup_stm32f429xx.o(.text)
    __aeabi_uldivmod                         0x080001e5   Thumb Code    98  uldiv.o(.text)
    __aeabi_memset                           0x08000247   Thumb Code    14  memseta.o(.text)
    __aeabi_memset4                          0x08000247   Thumb Code     0  memseta.o(.text)
    __aeabi_memset8                          0x08000247   Thumb Code     0  memseta.o(.text)
    __aeabi_memclr                           0x08000255   Thumb Code     4  memseta.o(.text)
    __aeabi_memclr4                          0x08000255   Thumb Code     0  memseta.o(.text)
    __aeabi_memclr8                          0x08000255   Thumb Code     0  memseta.o(.text)
    _memset$wrapper                          0x08000259   Thumb Code    18  memseta.o(.text)
    __0scanf                                 0x0800026d   Thumb Code    26  __0scanf.o(.text)
    _scanf_int                               0x0800028d   Thumb Code   332  _scanf_int.o(.text)
    __aeabi_ddiv                             0x080003d9   Thumb Code   222  ddiv.o(.text)
    __aeabi_ui2d                             0x080004b7   Thumb Code    26  dfltui.o(.text)
    __aeabi_d2iz                             0x080004d1   Thumb Code    62  dfixi.o(.text)
    __aeabi_uidiv                            0x0800050f   Thumb Code     0  uidiv.o(.text)
    __aeabi_uidivmod                         0x0800050f   Thumb Code    44  uidiv.o(.text)
    __aeabi_llsl                             0x0800053b   Thumb Code    30  llshl.o(.text)
    _ll_shift_l                              0x0800053b   Thumb Code     0  llshl.o(.text)
    __aeabi_llsr                             0x08000559   Thumb Code    32  llushr.o(.text)
    _ll_ushift_r                             0x08000559   Thumb Code     0  llushr.o(.text)
    _chval                                   0x08000579   Thumb Code    28  _chval.o(.text)
    __vfscanf_char_file                      0x08000595   Thumb Code    12  scanf_char_file.o(.text)
    __I$use$fp                               0x080005a9   Thumb Code     0  iusefp.o(.text)
    _double_round                            0x080005a9   Thumb Code    30  depilogue.o(.text)
    _double_epilogue                         0x080005c7   Thumb Code   156  depilogue.o(.text)
    __aeabi_dadd                             0x08000663   Thumb Code   322  dadd.o(.text)
    __aeabi_dsub                             0x080007a5   Thumb Code     6  dadd.o(.text)
    __aeabi_drsub                            0x080007ab   Thumb Code     6  dadd.o(.text)
    __aeabi_dmul                             0x080007b1   Thumb Code   228  dmul.o(.text)
    __aeabi_d2ulz                            0x08000895   Thumb Code    48  dfixul.o(.text)
    __aeabi_cdrcmple                         0x080008c5   Thumb Code    48  cdrcmple.o(.text)
    __scatterload                            0x080008f5   Thumb Code    28  init.o(.text)
    __scatterload_rt2                        0x080008f5   Thumb Code     0  init.o(.text)
    _fgetc$bs                                0x08000919   Thumb Code    28  fgetc_b.o(.text)
    __backspace                              0x08000935   Thumb Code    10  fgetc_b.o(.text)
    __aeabi_lasr                             0x08000945   Thumb Code    36  llsshr.o(.text)
    _ll_sshift_r                             0x08000945   Thumb Code     0  llsshr.o(.text)
    __vfscanf_char                           0x08000975   Thumb Code    20  scanf_char.o(.text)
    __semihosting_library_function           0x08000991   Thumb Code     0  semi.o(.text)
    isspace                                  0x08000991   Thumb Code    10  isspace_c.o(.text)
    __vfscanf                                0x0800099d   Thumb Code   808  _scanf.o(.text)
    __I$use$semihosting$fgetc                0x08000cc9   Thumb Code     0  iusesemig.o(.text)
    __ctype_lookup                           0x08000cc9   Thumb Code    34  ctype_c.o(.text)
    ADC_IRQHandler                           0x08000cf1   Thumb Code     6  stm32f4xx_it.o(i.ADC_IRQHandler)
    Alarm                                    0x08000e25   Thumb Code    76  main.o(i.Alarm)
    BusFault_Handler                         0x08000e9d   Thumb Code     2  stm32f4xx_it.o(i.BusFault_Handler)
    Buzzer                                   0x08000ea1   Thumb Code    38  main.o(i.Buzzer)
    ClearJunk                                0x08000ecd   Thumb Code    76  main.o(i.ClearJunk)
    DMA1_Stream5_IRQHandler                  0x08000f21   Thumb Code     6  stm32f4xx_it.o(i.DMA1_Stream5_IRQHandler)
    Days                                     0x08000fa9   Thumb Code   104  main.o(i.Days)
    DebugMon_Handler                         0x080010a1   Thumb Code     2  stm32f4xx_it.o(i.DebugMon_Handler)
    EXTI0_IRQHandler                         0x080010a3   Thumb Code     6  stm32f4xx_it.o(i.EXTI0_IRQHandler)
    Error_Handler                            0x080010a9   Thumb Code     2  main.o(i.Error_Handler)
    HAL_ADCEx_InjectedConvCpltCallback       0x080010ab   Thumb Code     2  stm32f4xx_hal_adc_ex.o(i.HAL_ADCEx_InjectedConvCpltCallback)
    HAL_ADC_ConfigChannel                    0x080010ad   Thumb Code   334  stm32f4xx_hal_adc.o(i.HAL_ADC_ConfigChannel)
    HAL_ADC_ConvCpltCallback                 0x08001211   Thumb Code   160  main.o(i.HAL_ADC_ConvCpltCallback)
    HAL_ADC_ErrorCallback                    0x080012c9   Thumb Code     2  stm32f4xx_hal_adc.o(i.HAL_ADC_ErrorCallback)
    HAL_ADC_GetValue                         0x080012cb   Thumb Code     6  stm32f4xx_hal_adc.o(i.HAL_ADC_GetValue)
    HAL_ADC_IRQHandler                       0x080012d1   Thumb Code   316  stm32f4xx_hal_adc.o(i.HAL_ADC_IRQHandler)
    HAL_ADC_Init                             0x0800140d   Thumb Code    84  stm32f4xx_hal_adc.o(i.HAL_ADC_Init)
    HAL_ADC_LevelOutOfWindowCallback         0x08001461   Thumb Code     2  stm32f4xx_hal_adc.o(i.HAL_ADC_LevelOutOfWindowCallback)
    HAL_ADC_MspInit                          0x08001465   Thumb Code   100  stm32f4xx_hal_msp.o(i.HAL_ADC_MspInit)
    HAL_ADC_Start_IT                         0x080014d5   Thumb Code   220  stm32f4xx_hal_adc.o(i.HAL_ADC_Start_IT)
    HAL_DMA_Abort_IT                         0x080015cd   Thumb Code    36  stm32f4xx_hal_dma.o(i.HAL_DMA_Abort_IT)
    HAL_DMA_IRQHandler                       0x080015f1   Thumb Code   412  stm32f4xx_hal_dma.o(i.HAL_DMA_IRQHandler)
    HAL_DMA_Init                             0x08001791   Thumb Code   206  stm32f4xx_hal_dma.o(i.HAL_DMA_Init)
    HAL_Delay                                0x08001865   Thumb Code    32  stm32f4xx_hal.o(i.HAL_Delay)
    HAL_GPIO_EXTI_Callback                   0x08001889   Thumb Code    54  main.o(i.HAL_GPIO_EXTI_Callback)
    HAL_GPIO_EXTI_IRQHandler                 0x080018d1   Thumb Code    18  stm32f4xx_hal_gpio.o(i.HAL_GPIO_EXTI_IRQHandler)
    HAL_GPIO_Init                            0x080018e9   Thumb Code   414  stm32f4xx_hal_gpio.o(i.HAL_GPIO_Init)
    HAL_GPIO_ReadPin                         0x08001abd   Thumb Code    10  stm32f4xx_hal_gpio.o(i.HAL_GPIO_ReadPin)
    HAL_GPIO_TogglePin                       0x08001ac7   Thumb Code    14  stm32f4xx_hal_gpio.o(i.HAL_GPIO_TogglePin)
    HAL_GPIO_WritePin                        0x08001ad5   Thumb Code    10  stm32f4xx_hal_gpio.o(i.HAL_GPIO_WritePin)
    HAL_GetTick                              0x08001ae1   Thumb Code     6  stm32f4xx_hal.o(i.HAL_GetTick)
    HAL_I2CEx_ConfigAnalogFilter             0x08001aed   Thumb Code    66  stm32f4xx_hal_i2c_ex.o(i.HAL_I2CEx_ConfigAnalogFilter)
    HAL_I2CEx_ConfigDigitalFilter            0x08001b2f   Thumb Code    62  stm32f4xx_hal_i2c_ex.o(i.HAL_I2CEx_ConfigDigitalFilter)
    HAL_I2C_Init                             0x08001b6d   Thumb Code   376  stm32f4xx_hal_i2c.o(i.HAL_I2C_Init)
    HAL_I2C_Master_Transmit                  0x08001cf5   Thumb Code   290  stm32f4xx_hal_i2c.o(i.HAL_I2C_Master_Transmit)
    HAL_I2C_MspInit                          0x08001e21   Thumb Code   118  stm32f4xx_hal_msp.o(i.HAL_I2C_MspInit)
    HAL_IncTick                              0x08001ea9   Thumb Code    12  stm32f4xx_hal.o(i.HAL_IncTick)
    HAL_Init                                 0x08001eb9   Thumb Code    48  stm32f4xx_hal.o(i.HAL_Init)
    HAL_InitTick                             0x08001eed   Thumb Code    54  stm32f4xx_hal.o(i.HAL_InitTick)
    HAL_MspInit                              0x08001f2d   Thumb Code    60  stm32f4xx_hal_msp.o(i.HAL_MspInit)
    HAL_NVIC_EnableIRQ                       0x08001f6d   Thumb Code    26  stm32f4xx_hal_cortex.o(i.HAL_NVIC_EnableIRQ)
    HAL_NVIC_SetPriority                     0x08001f89   Thumb Code    60  stm32f4xx_hal_cortex.o(i.HAL_NVIC_SetPriority)
    HAL_NVIC_SetPriorityGrouping             0x08001fc9   Thumb Code    26  stm32f4xx_hal_cortex.o(i.HAL_NVIC_SetPriorityGrouping)
    HAL_RCC_ClockConfig                      0x08001fed   Thumb Code   288  stm32f4xx_hal_rcc.o(i.HAL_RCC_ClockConfig)
    HAL_RCC_GetPCLK1Freq                     0x08002121   Thumb Code    20  stm32f4xx_hal_rcc.o(i.HAL_RCC_GetPCLK1Freq)
    HAL_RCC_GetPCLK2Freq                     0x08002141   Thumb Code    20  stm32f4xx_hal_rcc.o(i.HAL_RCC_GetPCLK2Freq)
    HAL_RCC_GetSysClockFreq                  0x08002161   Thumb Code    88  stm32f4xx_hal_rcc.o(i.HAL_RCC_GetSysClockFreq)
    HAL_RCC_OscConfig                        0x080021c1   Thumb Code   840  stm32f4xx_hal_rcc.o(i.HAL_RCC_OscConfig)
    HAL_SPI_ErrorCallback                    0x0800251d   Thumb Code     2  stm32f4xx_hal_spi.o(i.HAL_SPI_ErrorCallback)
    HAL_SPI_IRQHandler                       0x08002521   Thumb Code   246  stm32f4xx_hal_spi.o(i.HAL_SPI_IRQHandler)
    HAL_SPI_Init                             0x0800261d   Thumb Code   128  stm32f4xx_hal_spi.o(i.HAL_SPI_Init)
    HAL_SPI_MspInit                          0x0800269d   Thumb Code   108  stm32f4xx_hal_msp.o(i.HAL_SPI_MspInit)
    HAL_SPI_Receive_IT                       0x08002715   Thumb Code   156  stm32f4xx_hal_spi.o(i.HAL_SPI_Receive_IT)
    HAL_SPI_RxCpltCallback                   0x080027b9   Thumb Code     2  main.o(i.HAL_SPI_RxCpltCallback)
    HAL_SPI_TransmitReceive_IT               0x080027bd   Thumb Code   146  stm32f4xx_hal_spi.o(i.HAL_SPI_TransmitReceive_IT)
    HAL_SPI_TxRxCpltCallback                 0x08002861   Thumb Code     2  stm32f4xx_hal_spi.o(i.HAL_SPI_TxRxCpltCallback)
    HAL_SYSTICK_Config                       0x08002863   Thumb Code    40  stm32f4xx_hal_cortex.o(i.HAL_SYSTICK_Config)
    HAL_TIMEx_BreakCallback                  0x0800288b   Thumb Code     2  stm32f4xx_hal_tim_ex.o(i.HAL_TIMEx_BreakCallback)
    HAL_TIMEx_CommutCallback                 0x0800288d   Thumb Code     2  stm32f4xx_hal_tim_ex.o(i.HAL_TIMEx_CommutCallback)
    HAL_TIMEx_MasterConfigSynchronization    0x08002891   Thumb Code   116  stm32f4xx_hal_tim_ex.o(i.HAL_TIMEx_MasterConfigSynchronization)
    HAL_TIM_Base_Init                        0x08002921   Thumb Code    54  stm32f4xx_hal_tim.o(i.HAL_TIM_Base_Init)
    HAL_TIM_Base_MspInit                     0x08002959   Thumb Code   108  stm32f4xx_hal_msp.o(i.HAL_TIM_Base_MspInit)
    HAL_TIM_Base_Start                       0x080029d1   Thumb Code    36  stm32f4xx_hal_tim.o(i.HAL_TIM_Base_Start)
    HAL_TIM_Base_Start_IT                    0x080029f5   Thumb Code    34  stm32f4xx_hal_tim.o(i.HAL_TIM_Base_Start_IT)
    HAL_TIM_ConfigClockSource                0x08002a17   Thumb Code   214  stm32f4xx_hal_tim.o(i.HAL_TIM_ConfigClockSource)
    HAL_TIM_IC_CaptureCallback               0x08002aed   Thumb Code     2  stm32f4xx_hal_tim.o(i.HAL_TIM_IC_CaptureCallback)
    HAL_TIM_IRQHandler                       0x08002aef   Thumb Code   358  stm32f4xx_hal_tim.o(i.HAL_TIM_IRQHandler)
    HAL_TIM_OC_DelayElapsedCallback          0x08002c55   Thumb Code     2  stm32f4xx_hal_tim.o(i.HAL_TIM_OC_DelayElapsedCallback)
    HAL_TIM_PWM_PulseFinishedCallback        0x08002c57   Thumb Code     2  stm32f4xx_hal_tim.o(i.HAL_TIM_PWM_PulseFinishedCallback)
    HAL_TIM_PWM_Start                        0x08002c59   Thumb Code    58  stm32f4xx_hal_tim.o(i.HAL_TIM_PWM_Start)
    HAL_TIM_PeriodElapsedCallback            0x08002c9d   Thumb Code   132  main.o(i.HAL_TIM_PeriodElapsedCallback)
    HAL_TIM_TriggerCallback                  0x08002d59   Thumb Code     2  stm32f4xx_hal_tim.o(i.HAL_TIM_TriggerCallback)
    HAL_UART_ErrorCallback                   0x08002d5b   Thumb Code     2  stm32f4xx_hal_uart.o(i.HAL_UART_ErrorCallback)
    HAL_UART_IRQHandler                      0x08002d5d   Thumb Code   270  stm32f4xx_hal_uart.o(i.HAL_UART_IRQHandler)
    HAL_UART_Init                            0x08002e71   Thumb Code    98  stm32f4xx_hal_uart.o(i.HAL_UART_Init)
    HAL_UART_MspInit                         0x08002ed5   Thumb Code   154  stm32f4xx_hal_msp.o(i.HAL_UART_MspInit)
    HAL_UART_Receive                         0x08002f85   Thumb Code   190  stm32f4xx_hal_uart.o(i.HAL_UART_Receive)
    HAL_UART_RxCpltCallback                  0x08003043   Thumb Code     2  stm32f4xx_hal_uart.o(i.HAL_UART_RxCpltCallback)
    HAL_UART_Transmit                        0x08003045   Thumb Code   186  stm32f4xx_hal_uart.o(i.HAL_UART_Transmit)
    HAL_UART_TxCpltCallback                  0x08003101   Thumb Code    16  main.o(i.HAL_UART_TxCpltCallback)
    HardFault_Handler                        0x08003119   Thumb Code     2  stm32f4xx_it.o(i.HardFault_Handler)
    MemManage_Handler                        0x08003649   Thumb Code     2  stm32f4xx_it.o(i.MemManage_Handler)
    NMI_Handler                              0x0800364b   Thumb Code     2  stm32f4xx_it.o(i.NMI_Handler)
    PendSV_Handler                           0x0800364d   Thumb Code     2  stm32f4xx_it.o(i.PendSV_Handler)
    RCC_IRQHandler                           0x0800364f   Thumb Code     2  stm32f4xx_it.o(i.RCC_IRQHandler)
    SPI1_IRQHandler                          0x08003651   Thumb Code     6  stm32f4xx_it.o(i.SPI1_IRQHandler)
    SVC_Handler                              0x08003991   Thumb Code     2  stm32f4xx_it.o(i.SVC_Handler)
    SysTick_Handler                          0x08003993   Thumb Code     4  stm32f4xx_it.o(i.SysTick_Handler)
    SystemClock_Config                       0x08003999   Thumb Code   124  main.o(i.SystemClock_Config)
    SystemInit                               0x08003a1d   Thumb Code    22  system_stm32f4xx.o(i.SystemInit)
    TIM2_IRQHandler                          0x08003a39   Thumb Code     6  stm32f4xx_it.o(i.TIM2_IRQHandler)
    TIM4_IRQHandler                          0x08003a45   Thumb Code     6  stm32f4xx_it.o(i.TIM4_IRQHandler)
    TIM_Base_SetConfig                       0x08003a51   Thumb Code   156  stm32f4xx_hal_tim.o(i.TIM_Base_SetConfig)
    TIM_CCxChannelCmd                        0x08003b19   Thumb Code    26  stm32f4xx_hal_tim.o(i.TIM_CCxChannelCmd)
    TIM_ETR_SetConfig                        0x08003b33   Thumb Code    20  stm32f4xx_hal_tim.o(i.TIM_ETR_SetConfig)
    UARTsetMenu                              0x08003e51   Thumb Code   340  main.o(i.UARTsetMenu)
    USART2_IRQHandler                        0x0800411d   Thumb Code     6  stm32f4xx_it.o(i.USART2_IRQHandler)
    UsageFault_Handler                       0x08004129   Thumb Code     2  stm32f4xx_it.o(i.UsageFault_Handler)
    __0printf                                0x0800412d   Thumb Code    22  printfa.o(i.__0printf)
    __1printf                                0x0800412d   Thumb Code     0  printfa.o(i.__0printf)
    __2printf                                0x0800412d   Thumb Code     0  printfa.o(i.__0printf)
    __c89printf                              0x0800412d   Thumb Code     0  printfa.o(i.__0printf)
    printf                                   0x0800412d   Thumb Code     0  printfa.o(i.__0printf)
    __0sprintf                               0x0800414d   Thumb Code    34  printfa.o(i.__0sprintf)
    __1sprintf                               0x0800414d   Thumb Code     0  printfa.o(i.__0sprintf)
    __2sprintf                               0x0800414d   Thumb Code     0  printfa.o(i.__0sprintf)
    __c89sprintf                             0x0800414d   Thumb Code     0  printfa.o(i.__0sprintf)
    sprintf                                  0x0800414d   Thumb Code     0  printfa.o(i.__0sprintf)
    __scatterload_copy                       0x08004195   Thumb Code    14  handlers.o(i.__scatterload_copy)
    __scatterload_null                       0x080041a3   Thumb Code     2  handlers.o(i.__scatterload_null)
    __scatterload_zeroinit                   0x080041a5   Thumb Code    14  handlers.o(i.__scatterload_zeroinit)
    fgetc                                    0x08004a71   Thumb Code    52  main.o(i.fgetc)
    fputc                                    0x08004aa9   Thumb Code    20  main.o(i.fputc)
    lcd_PrintInt                             0x08004ac1   Thumb Code    20  i2c-lcd.o(i.lcd_PrintInt)
    lcd_init                                 0x08004ad9   Thumb Code   120  i2c-lcd.o(i.lcd_init)
    lcd_send_cmd                             0x08004b51   Thumb Code    58  i2c-lcd.o(i.lcd_send_cmd)
    lcd_send_data                            0x08004b91   Thumb Code    58  i2c-lcd.o(i.lcd_send_data)
    lcd_send_string                          0x08004bd1   Thumb Code    20  i2c-lcd.o(i.lcd_send_string)
    lcd_setCursor                            0x08004be5   Thumb Code    26  i2c-lcd.o(i.lcd_setCursor)
    main                                     0x08004c01   Thumb Code  1178  main.o(i.main)
    AHBPrescTable                            0x080050b4   Data          16  system_stm32f4xx.o(.constdata)
    APBPrescTable                            0x080050c4   Data           8  system_stm32f4xx.o(.constdata)
    __ctype_categories                       0x080050cc   Data          64  ctype_c.o(.constdata)
    Region$$Table$$Base                      0x08005120   Number         0  anon$$obj.o(Region$$Table)
    Region$$Table$$Limit                     0x08005140   Number         0  anon$$obj.o(Region$$Table)
    dayBuff                                  0x20000000   Data           1  main.o(.data)
    UARTmenuBuff                             0x20000001   Data           1  main.o(.data)
    UARTSetmenuBuff                          0x20000002   Data           1  main.o(.data)
    UARTmenuScale                            0x20000003   Data           1  main.o(.data)
    UARTdayScale                             0x20000004   Data           1  main.o(.data)
    UARTSetmenuScale                         0x20000005   Data           1  main.o(.data)
    SPIseconds                               0x20000006   Data           1  main.o(.data)
    SPIminutes                               0x20000007   Data           1  main.o(.data)
    SPIhours                                 0x20000008   Data           1  main.o(.data)
    adcval                                   0x2000000a   Data           2  main.o(.data)
    count1                                   0x2000000c   Data           4  main.o(.data)
    seconds                                  0x20000010   Data           4  main.o(.data)
    minutes                                  0x20000014   Data           4  main.o(.data)
    hours                                    0x20000018   Data           4  main.o(.data)
    day                                      0x2000001c   Data           4  main.o(.data)
    date                                     0x20000020   Data           4  main.o(.data)
    setSEC                                   0x20000024   Data           4  main.o(.data)
    setMIN                                   0x20000028   Data           4  main.o(.data)
    setHRS                                   0x2000002c   Data           4  main.o(.data)
    alarmSEC                                 0x20000030   Data           4  main.o(.data)
    alarmMIN                                 0x20000034   Data           4  main.o(.data)
    alarmHRS                                 0x20000038   Data           4  main.o(.data)
    time4clk                                 0x2000003c   Data           4  main.o(.data)
    menu                                     0x20000040   Data           4  main.o(.data)
    setmenu                                  0x20000044   Data           4  main.o(.data)
    UARTSetmenu                              0x20000048   Data           4  main.o(.data)
    UARTmenu                                 0x2000004c   Data           4  main.o(.data)
    SPIbuff                                  0x20000050   Data           6  main.o(.data)
    uwTickFreq                               0x20000058   Data           1  stm32f4xx_hal.o(.data)
    uwTickPrio                               0x2000005c   Data           4  stm32f4xx_hal.o(.data)
    uwTick                                   0x20000060   Data           4  stm32f4xx_hal.o(.data)
    SystemCoreClock                          0x20000064   Data           4  system_stm32f4xx.o(.data)
    __stdin                                  0x20000068   Data           4  stdin.o(.data)
    __stdout                                 0x2000006c   Data           4  stdout.o(.data)
    hadc1                                    0x20000074   Data          72  main.o(.bss)
    hi2c3                                    0x200000bc   Data          84  main.o(.bss)
    hspi1                                    0x20000110   Data          88  main.o(.bss)
    htim2                                    0x20000168   Data          64  main.o(.bss)
    htim3                                    0x200001a8   Data          64  main.o(.bss)
    htim4                                    0x200001e8   Data          64  main.o(.bss)
    huart2                                   0x20000228   Data          64  main.o(.bss)
    hdma_usart2_rx                           0x20000268   Data          96  main.o(.bss)
    __initial_sp                             0x200006c8   Data           0  startup_stm32f429xx.o(STACK)



==============================================================================

Memory Map of the image

  Image Entry point : 0x080001ad

  Load Region LR_IROM1 (Base: 0x08000000, Size: 0x000051b4, Max: 0x00200000, ABSOLUTE)

    Execution Region ER_IROM1 (Exec base: 0x08000000, Load base: 0x08000000, Size: 0x00005140, Max: 0x00200000, ABSOLUTE)

    Exec Addr    Load Addr    Size         Type   Attr      Idx    E Section Name        Object

    0x08000000   0x08000000   0x000001ac   Data   RO            3    RESET               startup_stm32f429xx.o
    0x080001ac   0x080001ac   0x00000000   Code   RO         4180  * .ARM.Collect$$$$00000000  mc_w.l(entry.o)
    0x080001ac   0x080001ac   0x00000004   Code   RO         4479    .ARM.Collect$$$$00000001  mc_w.l(entry2.o)
    0x080001b0   0x080001b0   0x00000004   Code   RO         4482    .ARM.Collect$$$$00000004  mc_w.l(entry5.o)
    0x080001b4   0x080001b4   0x00000000   Code   RO         4484    .ARM.Collect$$$$00000008  mc_w.l(entry7b.o)
    0x080001b4   0x080001b4   0x00000000   Code   RO         4486    .ARM.Collect$$$$0000000A  mc_w.l(entry8b.o)
    0x080001b4   0x080001b4   0x00000008   Code   RO         4487    .ARM.Collect$$$$0000000B  mc_w.l(entry9a.o)
    0x080001bc   0x080001bc   0x00000000   Code   RO         4489    .ARM.Collect$$$$0000000D  mc_w.l(entry10a.o)
    0x080001bc   0x080001bc   0x00000000   Code   RO         4491    .ARM.Collect$$$$0000000F  mc_w.l(entry11a.o)
    0x080001bc   0x080001bc   0x00000004   Code   RO         4480    .ARM.Collect$$$$00002712  mc_w.l(entry2.o)
    0x080001c0   0x080001c0   0x00000024   Code   RO            4    .text               startup_stm32f429xx.o
    0x080001e4   0x080001e4   0x00000062   Code   RO         4184    .text               mc_w.l(uldiv.o)
    0x08000246   0x08000246   0x00000024   Code   RO         4186    .text               mc_w.l(memseta.o)
    0x0800026a   0x0800026a   0x00000002   PAD
    0x0800026c   0x0800026c   0x00000020   Code   RO         4467    .text               mc_w.l(__0scanf.o)
    0x0800028c   0x0800028c   0x0000014c   Code   RO         4469    .text               mc_w.l(_scanf_int.o)
    0x080003d8   0x080003d8   0x000000de   Code   RO         4471    .text               mf_w.l(ddiv.o)
    0x080004b6   0x080004b6   0x0000001a   Code   RO         4473    .text               mf_w.l(dfltui.o)
    0x080004d0   0x080004d0   0x0000003e   Code   RO         4475    .text               mf_w.l(dfixi.o)
    0x0800050e   0x0800050e   0x0000002c   Code   RO         4494    .text               mc_w.l(uidiv.o)
    0x0800053a   0x0800053a   0x0000001e   Code   RO         4496    .text               mc_w.l(llshl.o)
    0x08000558   0x08000558   0x00000020   Code   RO         4498    .text               mc_w.l(llushr.o)
    0x08000578   0x08000578   0x0000001c   Code   RO         4506    .text               mc_w.l(_chval.o)
    0x08000594   0x08000594   0x00000014   Code   RO         4508    .text               mc_w.l(scanf_char_file.o)
    0x080005a8   0x080005a8   0x00000000   Code   RO         4510    .text               mc_w.l(iusefp.o)
    0x080005a8   0x080005a8   0x000000ba   Code   RO         4511    .text               mf_w.l(depilogue.o)
    0x08000662   0x08000662   0x0000014e   Code   RO         4513    .text               mf_w.l(dadd.o)
    0x080007b0   0x080007b0   0x000000e4   Code   RO         4515    .text               mf_w.l(dmul.o)
    0x08000894   0x08000894   0x00000030   Code   RO         4517    .text               mf_w.l(dfixul.o)
    0x080008c4   0x080008c4   0x00000030   Code   RO         4519    .text               mf_w.l(cdrcmple.o)
    0x080008f4   0x080008f4   0x00000024   Code   RO         4521    .text               mc_w.l(init.o)
    0x08000918   0x08000918   0x0000002c   Code   RO         4523    .text               mc_w.l(fgetc_b.o)
    0x08000944   0x08000944   0x00000024   Code   RO         4526    .text               mc_w.l(llsshr.o)
    0x08000968   0x08000968   0x00000028   Code   RO         4528    .text               mc_w.l(scanf_char.o)
    0x08000990   0x08000990   0x00000000   Code   RO         4530    .text               mc_w.l(semi.o)
    0x08000990   0x08000990   0x0000000a   Code   RO         4531    .text               mc_w.l(isspace_c.o)
    0x0800099a   0x0800099a   0x00000002   PAD
    0x0800099c   0x0800099c   0x0000032c   Code   RO         4533    .text               mc_w.l(_scanf.o)
    0x08000cc8   0x08000cc8   0x00000000   Code   RO         4535    .text               mc_w.l(iusesemig.o)
    0x08000cc8   0x08000cc8   0x00000028   Code   RO         4536    .text               mc_w.l(ctype_c.o)
    0x08000cf0   0x08000cf0   0x0000000c   Code   RO          414    i.ADC_IRQHandler    stm32f4xx_it.o
    0x08000cfc   0x08000cfc   0x00000128   Code   RO          626    i.ADC_Init          stm32f4xx_hal_adc.o
    0x08000e24   0x08000e24   0x00000078   Code   RO          221    i.Alarm             main.o
    0x08000e9c   0x08000e9c   0x00000002   Code   RO          415    i.BusFault_Handler  stm32f4xx_it.o
    0x08000e9e   0x08000e9e   0x00000002   PAD
    0x08000ea0   0x08000ea0   0x0000002c   Code   RO          222    i.Buzzer            main.o
    0x08000ecc   0x08000ecc   0x00000054   Code   RO          223    i.ClearJunk         main.o
    0x08000f20   0x08000f20   0x0000000c   Code   RO          416    i.DMA1_Stream5_IRQHandler  stm32f4xx_it.o
    0x08000f2c   0x08000f2c   0x00000028   Code   RO         1409    i.DMA_CalcBaseAndBitshift  stm32f4xx_hal_dma.o
    0x08000f54   0x08000f54   0x00000054   Code   RO         1410    i.DMA_CheckFifoParam  stm32f4xx_hal_dma.o
    0x08000fa8   0x08000fa8   0x000000f8   Code   RO          224    i.Days              main.o
    0x080010a0   0x080010a0   0x00000002   Code   RO          417    i.DebugMon_Handler  stm32f4xx_it.o
    0x080010a2   0x080010a2   0x00000006   Code   RO          418    i.EXTI0_IRQHandler  stm32f4xx_it.o
    0x080010a8   0x080010a8   0x00000002   Code   RO          225    i.Error_Handler     main.o
    0x080010aa   0x080010aa   0x00000002   Code   RO          797    i.HAL_ADCEx_InjectedConvCpltCallback  stm32f4xx_hal_adc_ex.o
    0x080010ac   0x080010ac   0x00000164   Code   RO          628    i.HAL_ADC_ConfigChannel  stm32f4xx_hal_adc.o
    0x08001210   0x08001210   0x000000b8   Code   RO          228    i.HAL_ADC_ConvCpltCallback  main.o
    0x080012c8   0x080012c8   0x00000002   Code   RO          632    i.HAL_ADC_ErrorCallback  stm32f4xx_hal_adc.o
    0x080012ca   0x080012ca   0x00000006   Code   RO          635    i.HAL_ADC_GetValue  stm32f4xx_hal_adc.o
    0x080012d0   0x080012d0   0x0000013c   Code   RO          636    i.HAL_ADC_IRQHandler  stm32f4xx_hal_adc.o
    0x0800140c   0x0800140c   0x00000054   Code   RO          637    i.HAL_ADC_Init      stm32f4xx_hal_adc.o
    0x08001460   0x08001460   0x00000002   Code   RO          638    i.HAL_ADC_LevelOutOfWindowCallback  stm32f4xx_hal_adc.o
    0x08001462   0x08001462   0x00000002   PAD
    0x08001464   0x08001464   0x00000070   Code   RO          539    i.HAL_ADC_MspInit   stm32f4xx_hal_msp.o
    0x080014d4   0x080014d4   0x000000f8   Code   RO          645    i.HAL_ADC_Start_IT  stm32f4xx_hal_adc.o
    0x080015cc   0x080015cc   0x00000024   Code   RO         1413    i.HAL_DMA_Abort_IT  stm32f4xx_hal_dma.o
    0x080015f0   0x080015f0   0x000001a0   Code   RO         1417    i.HAL_DMA_IRQHandler  stm32f4xx_hal_dma.o
    0x08001790   0x08001790   0x000000d4   Code   RO         1418    i.HAL_DMA_Init      stm32f4xx_hal_dma.o
    0x08001864   0x08001864   0x00000024   Code   RO         1849    i.HAL_Delay         stm32f4xx_hal.o
    0x08001888   0x08001888   0x00000048   Code   RO          229    i.HAL_GPIO_EXTI_Callback  main.o
    0x080018d0   0x080018d0   0x00000018   Code   RO         1304    i.HAL_GPIO_EXTI_IRQHandler  stm32f4xx_hal_gpio.o
    0x080018e8   0x080018e8   0x000001d4   Code   RO         1305    i.HAL_GPIO_Init     stm32f4xx_hal_gpio.o
    0x08001abc   0x08001abc   0x0000000a   Code   RO         1307    i.HAL_GPIO_ReadPin  stm32f4xx_hal_gpio.o
    0x08001ac6   0x08001ac6   0x0000000e   Code   RO         1308    i.HAL_GPIO_TogglePin  stm32f4xx_hal_gpio.o
    0x08001ad4   0x08001ad4   0x0000000a   Code   RO         1309    i.HAL_GPIO_WritePin  stm32f4xx_hal_gpio.o
    0x08001ade   0x08001ade   0x00000002   PAD
    0x08001ae0   0x08001ae0   0x0000000c   Code   RO         1857    i.HAL_GetTick       stm32f4xx_hal.o
    0x08001aec   0x08001aec   0x00000042   Code   RO         2539    i.HAL_I2CEx_ConfigAnalogFilter  stm32f4xx_hal_i2c_ex.o
    0x08001b2e   0x08001b2e   0x0000003e   Code   RO         2540    i.HAL_I2CEx_ConfigDigitalFilter  stm32f4xx_hal_i2c_ex.o
    0x08001b6c   0x08001b6c   0x00000188   Code   RO         2123    i.HAL_I2C_Init      stm32f4xx_hal_i2c.o
    0x08001cf4   0x08001cf4   0x0000012c   Code   RO         2136    i.HAL_I2C_Master_Transmit  stm32f4xx_hal_i2c.o
    0x08001e20   0x08001e20   0x00000088   Code   RO          541    i.HAL_I2C_MspInit   stm32f4xx_hal_msp.o
    0x08001ea8   0x08001ea8   0x00000010   Code   RO         1863    i.HAL_IncTick       stm32f4xx_hal.o
    0x08001eb8   0x08001eb8   0x00000034   Code   RO         1864    i.HAL_Init          stm32f4xx_hal.o
    0x08001eec   0x08001eec   0x00000040   Code   RO         1865    i.HAL_InitTick      stm32f4xx_hal.o
    0x08001f2c   0x08001f2c   0x00000040   Code   RO          542    i.HAL_MspInit       stm32f4xx_hal_msp.o
    0x08001f6c   0x08001f6c   0x0000001a   Code   RO         1712    i.HAL_NVIC_EnableIRQ  stm32f4xx_hal_cortex.o
    0x08001f86   0x08001f86   0x00000002   PAD
    0x08001f88   0x08001f88   0x00000040   Code   RO         1718    i.HAL_NVIC_SetPriority  stm32f4xx_hal_cortex.o
    0x08001fc8   0x08001fc8   0x00000024   Code   RO         1719    i.HAL_NVIC_SetPriorityGrouping  stm32f4xx_hal_cortex.o
    0x08001fec   0x08001fec   0x00000134   Code   RO          899    i.HAL_RCC_ClockConfig  stm32f4xx_hal_rcc.o
    0x08002120   0x08002120   0x00000020   Code   RO          906    i.HAL_RCC_GetPCLK1Freq  stm32f4xx_hal_rcc.o
    0x08002140   0x08002140   0x00000020   Code   RO          907    i.HAL_RCC_GetPCLK2Freq  stm32f4xx_hal_rcc.o
    0x08002160   0x08002160   0x00000060   Code   RO          908    i.HAL_RCC_GetSysClockFreq  stm32f4xx_hal_rcc.o
    0x080021c0   0x080021c0   0x0000035c   Code   RO          911    i.HAL_RCC_OscConfig  stm32f4xx_hal_rcc.o
    0x0800251c   0x0800251c   0x00000002   Code   RO         2576    i.HAL_SPI_ErrorCallback  stm32f4xx_hal_spi.o
    0x0800251e   0x0800251e   0x00000002   PAD
    0x08002520   0x08002520   0x000000fc   Code   RO         2579    i.HAL_SPI_IRQHandler  stm32f4xx_hal_spi.o
    0x0800261c   0x0800261c   0x00000080   Code   RO         2580    i.HAL_SPI_Init      stm32f4xx_hal_spi.o
    0x0800269c   0x0800269c   0x00000078   Code   RO          544    i.HAL_SPI_MspInit   stm32f4xx_hal_msp.o
    0x08002714   0x08002714   0x000000a4   Code   RO         2585    i.HAL_SPI_Receive_IT  stm32f4xx_hal_spi.o
    0x080027b8   0x080027b8   0x00000002   Code   RO          230    i.HAL_SPI_RxCpltCallback  main.o
    0x080027ba   0x080027ba   0x00000002   PAD
    0x080027bc   0x080027bc   0x000000a4   Code   RO         2591    i.HAL_SPI_TransmitReceive_IT  stm32f4xx_hal_spi.o
    0x08002860   0x08002860   0x00000002   Code   RO         2596    i.HAL_SPI_TxRxCpltCallback  stm32f4xx_hal_spi.o
    0x08002862   0x08002862   0x00000028   Code   RO         1723    i.HAL_SYSTICK_Config  stm32f4xx_hal_cortex.o
    0x0800288a   0x0800288a   0x00000002   Code   RO         3568    i.HAL_TIMEx_BreakCallback  stm32f4xx_hal_tim_ex.o
    0x0800288c   0x0800288c   0x00000002   Code   RO         3569    i.HAL_TIMEx_CommutCallback  stm32f4xx_hal_tim_ex.o
    0x0800288e   0x0800288e   0x00000002   PAD
    0x08002890   0x08002890   0x00000090   Code   RO         3586    i.HAL_TIMEx_MasterConfigSynchronization  stm32f4xx_hal_tim_ex.o
    0x08002920   0x08002920   0x00000036   Code   RO         2893    i.HAL_TIM_Base_Init  stm32f4xx_hal_tim.o
    0x08002956   0x08002956   0x00000002   PAD
    0x08002958   0x08002958   0x00000078   Code   RO          546    i.HAL_TIM_Base_MspInit  stm32f4xx_hal_msp.o
    0x080029d0   0x080029d0   0x00000024   Code   RO         2896    i.HAL_TIM_Base_Start  stm32f4xx_hal_tim.o
    0x080029f4   0x080029f4   0x00000022   Code   RO         2898    i.HAL_TIM_Base_Start_IT  stm32f4xx_hal_tim.o
    0x08002a16   0x08002a16   0x000000d6   Code   RO         2902    i.HAL_TIM_ConfigClockSource  stm32f4xx_hal_tim.o
    0x08002aec   0x08002aec   0x00000002   Code   RO         2922    i.HAL_TIM_IC_CaptureCallback  stm32f4xx_hal_tim.o
    0x08002aee   0x08002aee   0x00000166   Code   RO         2936    i.HAL_TIM_IRQHandler  stm32f4xx_hal_tim.o
    0x08002c54   0x08002c54   0x00000002   Code   RO         2939    i.HAL_TIM_OC_DelayElapsedCallback  stm32f4xx_hal_tim.o
    0x08002c56   0x08002c56   0x00000002   Code   RO         2966    i.HAL_TIM_PWM_PulseFinishedCallback  stm32f4xx_hal_tim.o
    0x08002c58   0x08002c58   0x00000044   Code   RO         2968    i.HAL_TIM_PWM_Start  stm32f4xx_hal_tim.o
    0x08002c9c   0x08002c9c   0x000000bc   Code   RO          231    i.HAL_TIM_PeriodElapsedCallback  main.o
    0x08002d58   0x08002d58   0x00000002   Code   RO         2979    i.HAL_TIM_TriggerCallback  stm32f4xx_hal_tim.o
    0x08002d5a   0x08002d5a   0x00000002   Code   RO         3840    i.HAL_UART_ErrorCallback  stm32f4xx_hal_uart.o
    0x08002d5c   0x08002d5c   0x00000114   Code   RO         3843    i.HAL_UART_IRQHandler  stm32f4xx_hal_uart.o
    0x08002e70   0x08002e70   0x00000062   Code   RO         3844    i.HAL_UART_Init     stm32f4xx_hal_uart.o
    0x08002ed2   0x08002ed2   0x00000002   PAD
    0x08002ed4   0x08002ed4   0x000000b0   Code   RO          548    i.HAL_UART_MspInit  stm32f4xx_hal_msp.o
    0x08002f84   0x08002f84   0x000000be   Code   RO         3847    i.HAL_UART_Receive  stm32f4xx_hal_uart.o
    0x08003042   0x08003042   0x00000002   Code   RO         3850    i.HAL_UART_RxCpltCallback  stm32f4xx_hal_uart.o
    0x08003044   0x08003044   0x000000ba   Code   RO         3852    i.HAL_UART_Transmit  stm32f4xx_hal_uart.o
    0x080030fe   0x080030fe   0x00000002   PAD
    0x08003100   0x08003100   0x00000018   Code   RO          232    i.HAL_UART_TxCpltCallback  main.o
    0x08003118   0x08003118   0x00000002   Code   RO          419    i.HardFault_Handler  stm32f4xx_it.o
    0x0800311a   0x0800311a   0x0000002e   Code   RO         2165    i.I2C_IsAcknowledgeFailed  stm32f4xx_hal_i2c.o
    0x08003148   0x08003148   0x0000009c   Code   RO         2169    i.I2C_MasterRequestWrite  stm32f4xx_hal_i2c.o
    0x080031e4   0x080031e4   0x0000004c   Code   RO         2179    i.I2C_WaitOnBTFFlagUntilTimeout  stm32f4xx_hal_i2c.o
    0x08003230   0x08003230   0x00000068   Code   RO         2180    i.I2C_WaitOnFlagUntilTimeout  stm32f4xx_hal_i2c.o
    0x08003298   0x08003298   0x00000096   Code   RO         2181    i.I2C_WaitOnMasterAddressFlagUntilTimeout  stm32f4xx_hal_i2c.o
    0x0800332e   0x0800332e   0x0000004c   Code   RO         2183    i.I2C_WaitOnTXEFlagUntilTimeout  stm32f4xx_hal_i2c.o
    0x0800337a   0x0800337a   0x00000002   PAD
    0x0800337c   0x0800337c   0x00000054   Code   RO          233    i.MX_ADC1_Init      main.o
    0x080033d0   0x080033d0   0x00000108   Code   RO          234    i.MX_GPIO_Init      main.o
    0x080034d8   0x080034d8   0x00000044   Code   RO          235    i.MX_I2C3_Init      main.o
    0x0800351c   0x0800351c   0x00000030   Code   RO          236    i.MX_SPI1_Init      main.o
    0x0800354c   0x0800354c   0x00000054   Code   RO          237    i.MX_TIM2_Init      main.o
    0x080035a0   0x080035a0   0x00000054   Code   RO          238    i.MX_TIM3_Init      main.o
    0x080035f4   0x080035f4   0x00000054   Code   RO          239    i.MX_TIM4_Init      main.o
    0x08003648   0x08003648   0x00000002   Code   RO          420    i.MemManage_Handler  stm32f4xx_it.o
    0x0800364a   0x0800364a   0x00000002   Code   RO          421    i.NMI_Handler       stm32f4xx_it.o
    0x0800364c   0x0800364c   0x00000002   Code   RO          422    i.PendSV_Handler    stm32f4xx_it.o
    0x0800364e   0x0800364e   0x00000002   Code   RO          423    i.RCC_IRQHandler    stm32f4xx_it.o
    0x08003650   0x08003650   0x0000000c   Code   RO          424    i.SPI1_IRQHandler   stm32f4xx_it.o
    0x0800365c   0x0800365c   0x00000030   Code   RO         2598    i.SPI_2linesRxISR_16BIT  stm32f4xx_hal_spi.o
    0x0800368c   0x0800368c   0x00000030   Code   RO         2599    i.SPI_2linesRxISR_8BIT  stm32f4xx_hal_spi.o
    0x080036bc   0x080036bc   0x00000030   Code   RO         2600    i.SPI_2linesTxISR_16BIT  stm32f4xx_hal_spi.o
    0x080036ec   0x080036ec   0x00000030   Code   RO         2601    i.SPI_2linesTxISR_8BIT  stm32f4xx_hal_spi.o
    0x0800371c   0x0800371c   0x00000090   Code   RO         2604    i.SPI_CloseRxTx_ISR  stm32f4xx_hal_spi.o
    0x080037ac   0x080037ac   0x0000004c   Code   RO         2605    i.SPI_CloseRx_ISR   stm32f4xx_hal_spi.o
    0x080037f8   0x080037f8   0x00000010   Code   RO         2607    i.SPI_DMAAbortOnError  stm32f4xx_hal_spi.o
    0x08003808   0x08003808   0x0000005c   Code   RO         2617    i.SPI_EndRxTransaction  stm32f4xx_hal_spi.o
    0x08003864   0x08003864   0x00000058   Code   RO         2618    i.SPI_EndRxTxTransaction  stm32f4xx_hal_spi.o
    0x080038bc   0x080038bc   0x00000020   Code   RO         2619    i.SPI_RxISR_16BIT   stm32f4xx_hal_spi.o
    0x080038dc   0x080038dc   0x00000020   Code   RO         2620    i.SPI_RxISR_8BIT    stm32f4xx_hal_spi.o
    0x080038fc   0x080038fc   0x00000094   Code   RO         2623    i.SPI_WaitFlagStateUntilTimeout  stm32f4xx_hal_spi.o
    0x08003990   0x08003990   0x00000002   Code   RO          425    i.SVC_Handler       stm32f4xx_it.o
    0x08003992   0x08003992   0x00000004   Code   RO          426    i.SysTick_Handler   stm32f4xx_it.o
    0x08003996   0x08003996   0x00000002   PAD
    0x08003998   0x08003998   0x00000084   Code   RO          244    i.SystemClock_Config  main.o
    0x08003a1c   0x08003a1c   0x0000001c   Code   RO         4146    i.SystemInit        system_stm32f4xx.o
    0x08003a38   0x08003a38   0x0000000c   Code   RO          427    i.TIM2_IRQHandler   stm32f4xx_it.o
    0x08003a44   0x08003a44   0x0000000c   Code   RO          428    i.TIM4_IRQHandler   stm32f4xx_it.o
    0x08003a50   0x08003a50   0x000000c8   Code   RO         2981    i.TIM_Base_SetConfig  stm32f4xx_hal_tim.o
    0x08003b18   0x08003b18   0x0000001a   Code   RO         2982    i.TIM_CCxChannelCmd  stm32f4xx_hal_tim.o
    0x08003b32   0x08003b32   0x00000014   Code   RO         2992    i.TIM_ETR_SetConfig  stm32f4xx_hal_tim.o
    0x08003b46   0x08003b46   0x00000010   Code   RO         2993    i.TIM_ITRx_SetConfig  stm32f4xx_hal_tim.o
    0x08003b56   0x08003b56   0x00000022   Code   RO         2999    i.TIM_TI1_ConfigInputStage  stm32f4xx_hal_tim.o
    0x08003b78   0x08003b78   0x00000024   Code   RO         3001    i.TIM_TI2_ConfigInputStage  stm32f4xx_hal_tim.o
    0x08003b9c   0x08003b9c   0x00000010   Code   RO         3857    i.UART_DMAAbortOnError  stm32f4xx_hal_uart.o
    0x08003bac   0x08003bac   0x0000001c   Code   RO         3867    i.UART_EndRxTransfer  stm32f4xx_hal_uart.o
    0x08003bc8   0x08003bc8   0x00000096   Code   RO         3869    i.UART_Receive_IT   stm32f4xx_hal_uart.o
    0x08003c5e   0x08003c5e   0x00000002   PAD
    0x08003c60   0x08003c60   0x00000128   Code   RO         3870    i.UART_SetConfig    stm32f4xx_hal_uart.o
    0x08003d88   0x08003d88   0x00000062   Code   RO         3871    i.UART_Transmit_IT  stm32f4xx_hal_uart.o
    0x08003dea   0x08003dea   0x00000064   Code   RO         3872    i.UART_WaitOnFlagUntilTimeout  stm32f4xx_hal_uart.o
    0x08003e4e   0x08003e4e   0x00000002   PAD
    0x08003e50   0x08003e50   0x000002cc   Code   RO          245    i.UARTsetMenu       main.o
    0x0800411c   0x0800411c   0x0000000c   Code   RO          429    i.USART2_IRQHandler  stm32f4xx_it.o
    0x08004128   0x08004128   0x00000002   Code   RO          430    i.UsageFault_Handler  stm32f4xx_it.o
    0x0800412a   0x0800412a   0x00000002   PAD
    0x0800412c   0x0800412c   0x00000020   Code   RO         4421    i.__0printf         mc_w.l(printfa.o)
    0x0800414c   0x0800414c   0x00000028   Code   RO         4423    i.__0sprintf        mc_w.l(printfa.o)
    0x08004174   0x08004174   0x00000020   Code   RO         1725    i.__NVIC_SetPriority  stm32f4xx_hal_cortex.o
    0x08004194   0x08004194   0x0000000e   Code   RO         4541    i.__scatterload_copy  mc_w.l(handlers.o)
    0x080041a2   0x080041a2   0x00000002   Code   RO         4542    i.__scatterload_null  mc_w.l(handlers.o)
    0x080041a4   0x080041a4   0x0000000e   Code   RO         4543    i.__scatterload_zeroinit  mc_w.l(handlers.o)
    0x080041b2   0x080041b2   0x00000002   PAD
    0x080041b4   0x080041b4   0x00000184   Code   RO         4428    i._fp_digits        mc_w.l(printfa.o)
    0x08004338   0x08004338   0x000006dc   Code   RO         4429    i._printf_core      mc_w.l(printfa.o)
    0x08004a14   0x08004a14   0x00000024   Code   RO         4430    i._printf_post_padding  mc_w.l(printfa.o)
    0x08004a38   0x08004a38   0x0000002e   Code   RO         4431    i._printf_pre_padding  mc_w.l(printfa.o)
    0x08004a66   0x08004a66   0x0000000a   Code   RO         4433    i._sputc            mc_w.l(printfa.o)
    0x08004a70   0x08004a70   0x00000038   Code   RO          246    i.fgetc             main.o
    0x08004aa8   0x08004aa8   0x00000018   Code   RO          247    i.fputc             main.o
    0x08004ac0   0x08004ac0   0x00000018   Code   RO           16    i.lcd_PrintInt      i2c-lcd.o
    0x08004ad8   0x08004ad8   0x00000078   Code   RO           19    i.lcd_init          i2c-lcd.o
    0x08004b50   0x08004b50   0x00000040   Code   RO           21    i.lcd_send_cmd      i2c-lcd.o
    0x08004b90   0x08004b90   0x00000040   Code   RO           22    i.lcd_send_data     i2c-lcd.o
    0x08004bd0   0x08004bd0   0x00000014   Code   RO           23    i.lcd_send_string   i2c-lcd.o
    0x08004be4   0x08004be4   0x0000001a   Code   RO           24    i.lcd_setCursor     i2c-lcd.o
    0x08004bfe   0x08004bfe   0x00000002   PAD
    0x08004c00   0x08004c00   0x000004ac   Code   RO          248    i.main              main.o
    0x080050ac   0x080050ac   0x00000008   Data   RO         1424    .constdata          stm32f4xx_hal_dma.o
    0x080050b4   0x080050b4   0x00000010   Data   RO         4147    .constdata          system_stm32f4xx.o
    0x080050c4   0x080050c4   0x00000008   Data   RO         4148    .constdata          system_stm32f4xx.o
    0x080050cc   0x080050cc   0x00000040   Data   RO         4537    .constdata          mc_w.l(ctype_c.o)
    0x0800510c   0x0800510c   0x00000011   Data   RO          251    .conststring        main.o
    0x0800511d   0x0800511d   0x00000003   PAD
    0x08005120   0x08005120   0x00000020   Data   RO         4539    Region$$Table       anon$$obj.o


    Execution Region RW_IRAM2 (Exec base: 0x10000000, Load base: 0x080051b4, Size: 0x00000000, Max: 0x00010000, ABSOLUTE)

    **** No section assigned to this execution region ****


    Execution Region RW_IRAM1 (Exec base: 0x20000000, Load base: 0x08005140, Size: 0x000006c8, Max: 0x00030000, ABSOLUTE)

    Exec Addr    Load Addr    Size         Type   Attr      Idx    E Section Name        Object

    0x20000000   0x08005140   0x00000056   Data   RW          252    .data               main.o
    0x20000056   0x08005196   0x00000002   PAD
    0x20000058   0x08005198   0x0000000c   Data   RW         1871    .data               stm32f4xx_hal.o
    0x20000064   0x080051a4   0x00000004   Data   RW         4149    .data               system_stm32f4xx.o
    0x20000068   0x080051a8   0x00000004   Data   RW         4183    .data               mc_w.l(stdin.o)
    0x2000006c   0x080051ac   0x00000004   Data   RW         4493    .data               mc_w.l(stdout.o)
    0x20000070   0x080051b0   0x00000003   Data   RW         4524    .data               mc_w.l(fgetc_b.o)
    0x20000073   0x080051b3   0x00000001   PAD
    0x20000074        -       0x000001f4   Zero   RW          249    .bss                main.o
    0x20000268        -       0x00000060   Zero   RW          250    .bss                main.o
    0x200002c8        -       0x00000400   Zero   RW            1    STACK               startup_stm32f429xx.o


==============================================================================

Image component sizes


      Code (inc. data)   RO Data    RW Data    ZI Data      Debug   Object Name

       318         16          0          0          0     787197   i2c-lcd.o
      3808        942         17         86        596      16390   main.o
        36          8        428          0       1024        880   startup_stm32f429xx.o
       180         28          0         12          0       9913   stm32f4xx_hal.o
      1310         62          0          0          0       6757   stm32f4xx_hal_adc.o
         2          0          0          0          0       1073   stm32f4xx_hal_adc_ex.o
       198         14          0          0          0      34215   stm32f4xx_hal_cortex.o
       788         16          8          0          0       4999   stm32f4xx_hal_dma.o
       526         60          0          0          0       4587   stm32f4xx_hal_gpio.o
      1300         32          0          0          0       9549   stm32f4xx_hal_i2c.o
       128          0          0          0          0       1991   stm32f4xx_hal_i2c_ex.o
       728         80          0          0          0       4907   stm32f4xx_hal_msp.o
      1328         72          0          0          0       5492   stm32f4xx_hal_rcc.o
      1532         44          0          0          0      14321   stm32f4xx_hal_spi.o
      1104         54          0          0          0      12742   stm32f4xx_hal_tim.o
       148         28          0          0          0       2633   stm32f4xx_hal_tim_ex.o
      1442         16          0          0          0      10696   stm32f4xx_hal_uart.o
       100         36          0          0          0       8499   stm32f4xx_it.o
        28          6         24          4          0       1263   system_stm32f4xx.o

    ----------------------------------------------------------------------
     15036       1514        512        104       1620     938104   Object Totals
         0          0         32          0          0          0   (incl. Generated)
        32          0          3          2          0          0   (incl. Padding)

    ----------------------------------------------------------------------

      Code (inc. data)   RO Data    RW Data    ZI Data      Debug   Library Member Name

        32          6          0          0          0         84   __0scanf.o
        28          0          0          0          0         68   _chval.o
       812          4          0          0          0        112   _scanf.o
       332          0          0          0          0         96   _scanf_int.o
        40          6         64          0          0         68   ctype_c.o
         0          0          0          0          0          0   entry.o
         0          0          0          0          0          0   entry10a.o
         0          0          0          0          0          0   entry11a.o
         8          4          0          0          0          0   entry2.o
         4          0          0          0          0          0   entry5.o
         0          0          0          0          0          0   entry7b.o
         0          0          0          0          0          0   entry8b.o
         8          4          0          0          0          0   entry9a.o
        44          6          0          3          0        144   fgetc_b.o
        30          0          0          0          0          0   handlers.o
        36          8          0          0          0         68   init.o
        10          0          0          0          0         68   isspace_c.o
         0          0          0          0          0          0   iusefp.o
         0          0          0          0          0          0   iusesemig.o
        30          0          0          0          0         68   llshl.o
        36          0          0          0          0         68   llsshr.o
        32          0          0          0          0         68   llushr.o
        36          0          0          0          0        108   memseta.o
      2308         96          0          0          0        604   printfa.o
        40          8          0          0          0         84   scanf_char.o
        20          8          0          0          0         68   scanf_char_file.o
         0          0          0          0          0          0   semi.o
         0          0          0          4          0          0   stdin.o
         0          0          0          4          0          0   stdout.o
        44          0          0          0          0         80   uidiv.o
        98          0          0          0          0         92   uldiv.o
        48          0          0          0          0         68   cdrcmple.o
       334          0          0          0          0        148   dadd.o
       222          0          0          0          0        100   ddiv.o
       186          0          0          0          0        176   depilogue.o
        62          0          0          0          0         80   dfixi.o
        48          0          0          0          0         68   dfixul.o
        26          0          0          0          0         76   dfltui.o
       228          0          0          0          0         96   dmul.o

    ----------------------------------------------------------------------
      5188        150         64         12          0       2760   Library Totals
         6          0          0          1          0          0   (incl. Padding)

    ----------------------------------------------------------------------

      Code (inc. data)   RO Data    RW Data    ZI Data      Debug   Library Name

      4028        150         64         11          0       1948   mc_w.l
      1154          0          0          0          0        812   mf_w.l

    ----------------------------------------------------------------------
      5188        150         64         12          0       2760   Library Totals

    ----------------------------------------------------------------------

==============================================================================


      Code (inc. data)   RO Data    RW Data    ZI Data      Debug   

     20224       1664        576        116       1620     925760   Grand Totals
     20224       1664        576        116       1620     925760   ELF Image Totals
     20224       1664        576        116          0          0   ROM Totals

==============================================================================

    Total RO  Size (Code + RO Data)                20800 (  20.31kB)
    Total RW  Size (RW Data + ZI Data)              1736 (   1.70kB)
    Total ROM Size (Code + RO Data + RW Data)      20916 (  20.43kB)

==============================================================================

