Component: ARM Compiler 5.06 update 6 (build 750) Tool: armlink [4d35ed]

==============================================================================

Section Cross References

    startup_stm32f407xx.o(RESET) refers to startup_stm32f407xx.o(STACK) for __initial_sp
    startup_stm32f407xx.o(RESET) refers to startup_stm32f407xx.o(.text) for Reset_Handler
    startup_stm32f407xx.o(RESET) refers to stm32f4xx_it.o(i.NMI_Handler) for NMI_Handler
    startup_stm32f407xx.o(RESET) refers to stm32f4xx_it.o(i.HardFault_Handler) for HardFault_Handler
    startup_stm32f407xx.o(RESET) refers to stm32f4xx_it.o(i.MemManage_Handler) for MemManage_Handler
    startup_stm32f407xx.o(RESET) refers to stm32f4xx_it.o(i.BusFault_Handler) for BusFault_Handler
    startup_stm32f407xx.o(RESET) refers to stm32f4xx_it.o(i.UsageFault_Handler) for UsageFault_Handler
    startup_stm32f407xx.o(RESET) refers to stm32f4xx_it.o(i.SVC_Handler) for SVC_Handler
    startup_stm32f407xx.o(RESET) refers to stm32f4xx_it.o(i.DebugMon_Handler) for DebugMon_Handler
    startup_stm32f407xx.o(RESET) refers to stm32f4xx_it.o(i.PendSV_Handler) for PendSV_Handler
    startup_stm32f407xx.o(RESET) refers to stm32f4xx_it.o(i.SysTick_Handler) for SysTick_Handler
    startup_stm32f407xx.o(RESET) refers to stm32f4xx_it.o(i.TIM2_IRQHandler) for TIM2_IRQHandler
    startup_stm32f407xx.o(.text) refers to system_stm32f4xx.o(i.SystemInit) for SystemInit
    startup_stm32f407xx.o(.text) refers to entry.o(.ARM.Collect$$$$00000000) for __main
    main.o(i.HAL_TIM_PeriodElapsedCallback) refers to stm32f4xx_hal_gpio.o(i.HAL_GPIO_TogglePin) for HAL_GPIO_TogglePin
    main.o(i.HAL_TIM_PeriodElapsedCallback) refers to main.o(.data) for .data
    main.o(i.MX_GPIO_Init) refers to memseta.o(.text) for __aeabi_memclr4
    main.o(i.MX_GPIO_Init) refers to stm32f4xx_hal_gpio.o(i.HAL_GPIO_WritePin) for HAL_GPIO_WritePin
    main.o(i.MX_GPIO_Init) refers to stm32f4xx_hal_gpio.o(i.HAL_GPIO_Init) for HAL_GPIO_Init
    main.o(i.MX_TIM2_Init) refers to stm32f4xx_hal_tim.o(i.HAL_TIM_Base_Init) for HAL_TIM_Base_Init
    main.o(i.MX_TIM2_Init) refers to stm32f4xx_hal_tim.o(i.HAL_TIM_ConfigClockSource) for HAL_TIM_ConfigClockSource
    main.o(i.MX_TIM2_Init) refers to stm32f4xx_hal_tim_ex.o(i.HAL_TIMEx_MasterConfigSynchronization) for HAL_TIMEx_MasterConfigSynchronization
    main.o(i.MX_TIM2_Init) refers to main.o(.bss) for .bss
    main.o(i.SetClock) refers to main.o(.data) for .data
    main.o(i.SystemClock_Config) refers to memseta.o(.text) for __aeabi_memclr4
    main.o(i.SystemClock_Config) refers to stm32f4xx_hal_rcc.o(i.HAL_RCC_OscConfig) for HAL_RCC_OscConfig
    main.o(i.SystemClock_Config) refers to stm32f4xx_hal_rcc.o(i.HAL_RCC_ClockConfig) for HAL_RCC_ClockConfig
    main.o(i.main) refers to stm32f4xx_hal.o(i.HAL_Init) for HAL_Init
    main.o(i.main) refers to main.o(i.SystemClock_Config) for SystemClock_Config
    main.o(i.main) refers to main.o(i.MX_GPIO_Init) for MX_GPIO_Init
    main.o(i.main) refers to main.o(i.MX_TIM2_Init) for MX_TIM2_Init
    main.o(i.main) refers to stm32f4xx_hal_i2c.o(i.HAL_I2C_Init) for HAL_I2C_Init
    main.o(i.main) refers to stm32f4xx_hal_tim.o(i.HAL_TIM_Base_Start_IT) for HAL_TIM_Base_Start_IT
    main.o(i.main) refers to i2c-lcd.o(i.lcd_init) for lcd_init
    main.o(i.main) refers to i2c-lcd.o(i.lcd_clear) for lcd_clear
    main.o(i.main) refers to stm32f4xx_hal_gpio.o(i.HAL_GPIO_TogglePin) for HAL_GPIO_TogglePin
    main.o(i.main) refers to i2c-lcd.o(i.lcd_put_cur) for lcd_put_cur
    main.o(i.main) refers to i2c-lcd.o(i.lcd_send_string) for lcd_send_string
    main.o(i.main) refers to i2c-lcd.o(i.lcd_PrintInt) for lcd_PrintInt
    main.o(i.main) refers to main.o(.bss) for .bss
    main.o(i.main) refers to main.o(.data) for .data
    stm32f4xx_it.o(i.SysTick_Handler) refers to stm32f4xx_hal.o(i.HAL_IncTick) for HAL_IncTick
    stm32f4xx_it.o(i.TIM2_IRQHandler) refers to stm32f4xx_hal_tim.o(i.HAL_TIM_IRQHandler) for HAL_TIM_IRQHandler
    stm32f4xx_it.o(i.TIM2_IRQHandler) refers to main.o(.bss) for htim2
    stm32f4xx_hal_msp.o(i.HAL_I2C_MspDeInit) refers to stm32f4xx_hal_gpio.o(i.HAL_GPIO_DeInit) for HAL_GPIO_DeInit
    stm32f4xx_hal_msp.o(i.HAL_I2C_MspInit) refers to memseta.o(.text) for __aeabi_memclr4
    stm32f4xx_hal_msp.o(i.HAL_I2C_MspInit) refers to stm32f4xx_hal_gpio.o(i.HAL_GPIO_Init) for HAL_GPIO_Init
    stm32f4xx_hal_msp.o(i.HAL_TIM_Base_MspDeInit) refers to stm32f4xx_hal_cortex.o(i.HAL_NVIC_DisableIRQ) for HAL_NVIC_DisableIRQ
    stm32f4xx_hal_msp.o(i.HAL_TIM_Base_MspInit) refers to stm32f4xx_hal_cortex.o(i.HAL_NVIC_SetPriority) for HAL_NVIC_SetPriority
    stm32f4xx_hal_msp.o(i.HAL_TIM_Base_MspInit) refers to stm32f4xx_hal_cortex.o(i.HAL_NVIC_EnableIRQ) for HAL_NVIC_EnableIRQ
    i2c-lcd.o(i.lcd_PrintFloat) refers to f2d.o(.text) for __aeabi_f2d
    i2c-lcd.o(i.lcd_PrintFloat) refers to printfa.o(i.__0sprintf) for __2sprintf
[...]
    Removing stm32f4xx_hal_i2c.o(i.HAL_I2C_Master_Transmit_DMA), (332 bytes).
    Removing stm32f4xx_hal_i2c.o(i.HAL_I2C_Master_Transmit_IT), (188 bytes).
    Removing stm32f4xx_hal_i2c.o(i.HAL_I2C_MemRxCpltCallback), (2 bytes).
    Removing stm32f4xx_hal_i2c.o(i.HAL_I2C_MemTxCpltCallback), (2 bytes).
    Removing stm32f4xx_hal_i2c.o(i.HAL_I2C_Mem_Read), (504 bytes).
    Removing stm32f4xx_hal_i2c.o(i.HAL_I2C_Mem_Read_DMA), (400 bytes).
    Removing stm32f4xx_hal_i2c.o(i.HAL_I2C_Mem_Read_IT), (224 bytes).
    Removing stm32f4xx_hal_i2c.o(i.HAL_I2C_Mem_Write), (304 bytes).
    Removing stm32f4xx_hal_i2c.o(i.HAL_I2C_Mem_Write_DMA), (344 bytes).
    Removing stm32f4xx_hal_i2c.o(i.HAL_I2C_Mem_Write_IT), (212 bytes).
    Removing stm32f4xx_hal_i2c.o(i.HAL_I2C_MspDeInit), (2 bytes).
    Removing stm32f4xx_hal_i2c.o(i.HAL_I2C_MspInit), (2 bytes).
    Removing stm32f4xx_hal_i2c.o(i.HAL_I2C_SlaveRxCpltCallback), (2 bytes).
    Removing stm32f4xx_hal_i2c.o(i.HAL_I2C_SlaveTxCpltCallback), (2 bytes).
    Removing stm32f4xx_hal_i2c.o(i.HAL_I2C_Slave_Receive), (364 bytes).
    Removing stm32f4xx_hal_i2c.o(i.HAL_I2C_Slave_Receive_DMA), (212 bytes).
    Removing stm32f4xx_hal_i2c.o(i.HAL_I2C_Slave_Receive_IT), (124 bytes).
    Removing stm32f4xx_hal_i2c.o(i.HAL_I2C_Slave_Seq_Receive_DMA), (328 bytes).
    Removing stm32f4xx_hal_i2c.o(i.HAL_I2C_Slave_Seq_Receive_IT), (116 bytes).
    Removing stm32f4xx_hal_i2c.o(i.HAL_I2C_Slave_Seq_Transmit_DMA), (328 bytes).
    Removing stm32f4xx_hal_i2c.o(i.HAL_I2C_Slave_Seq_Transmit_IT), (116 bytes).
    Removing stm32f4xx_hal_i2c.o(i.HAL_I2C_Slave_Transmit), (348 bytes).
    Removing stm32f4xx_hal_i2c.o(i.HAL_I2C_Slave_Transmit_DMA), (212 bytes).
    Removing stm32f4xx_hal_i2c.o(i.HAL_I2C_Slave_Transmit_IT), (124 bytes).
    Removing stm32f4xx_hal_i2c.o(i.I2C_DMAAbort), (134 bytes).
    Removing stm32f4xx_hal_i2c.o(i.I2C_DMAError), (64 bytes).
    Removing stm32f4xx_hal_i2c.o(i.I2C_DMAXferCplt), (266 bytes).
    Removing stm32f4xx_hal_i2c.o(i.I2C_ITError), (340 bytes).
    Removing stm32f4xx_hal_i2c.o(i.I2C_MasterReceive_BTF), (210 bytes).
    Removing stm32f4xx_hal_i2c.o(i.I2C_MasterReceive_RXNE), (146 bytes).
    Removing stm32f4xx_hal_i2c.o(i.I2C_MasterRequestRead), (236 bytes).
    Removing stm32f4xx_hal_i2c.o(i.I2C_MasterTransmit_BTF), (146 bytes).
    Removing stm32f4xx_hal_i2c.o(i.I2C_MasterTransmit_TXE), (182 bytes).
    Removing stm32f4xx_hal_i2c.o(i.I2C_Master_ADDR), (280 bytes).
    Removing stm32f4xx_hal_i2c.o(i.I2C_Master_SB), (140 bytes).
    Removing stm32f4xx_hal_i2c.o(i.I2C_MemoryTransmit_TXE_BTF), (108 bytes).
    Removing stm32f4xx_hal_i2c.o(i.I2C_RequestMemoryRead), (252 bytes).
    Removing stm32f4xx_hal_i2c.o(i.I2C_RequestMemoryWrite), (168 bytes).
    Removing stm32f4xx_hal_i2c.o(i.I2C_Slave_AF), (132 bytes).
    Removing stm32f4xx_hal_i2c.o(i.I2C_Slave_STOPF), (348 bytes).
    Removing stm32f4xx_hal_i2c.o(i.I2C_WaitOnRXNEFlagUntilTimeout), (102 bytes).
    Removing stm32f4xx_hal_i2c_ex.o(.rev16_text), (4 bytes).
    Removing stm32f4xx_hal_i2c_ex.o(.revsh_text), (4 bytes).
    Removing stm32f4xx_hal_i2c_ex.o(.rrx_text), (6 bytes).
    Removing stm32f4xx_hal_rcc.o(.rev16_text), (4 bytes).
    Removing stm32f4xx_hal_rcc.o(.revsh_text), (4 bytes).
    Removing stm32f4xx_hal_rcc.o(.rrx_text), (6 bytes).
    Removing stm32f4xx_hal_rcc.o(i.HAL_RCC_CSSCallback), (2 bytes).
    Removing stm32f4xx_hal_rcc.o(i.HAL_RCC_DeInit), (4 bytes).
    Removing stm32f4xx_hal_rcc.o(i.HAL_RCC_DisableCSS), (12 bytes).
    Removing stm32f4xx_hal_rcc.o(i.HAL_RCC_EnableCSS), (12 bytes).
    Removing stm32f4xx_hal_rcc.o(i.HAL_RCC_GetClockConfig), (64 bytes).
    Removing stm32f4xx_hal_rcc.o(i.HAL_RCC_GetHCLKFreq), (12 bytes).
    Removing stm32f4xx_hal_rcc.o(i.HAL_RCC_GetOscConfig), (180 bytes).
    Removing stm32f4xx_hal_rcc.o(i.HAL_RCC_GetPCLK2Freq), (32 bytes).
    Removing stm32f4xx_hal_rcc.o(i.HAL_RCC_MCOConfig), (140 bytes).
    Removing stm32f4xx_hal_rcc.o(i.HAL_RCC_NMI_IRQHandler), (28 bytes).
    Removing stm32f4xx_hal_rcc_ex.o(.rev16_text), (4 bytes).
    Removing stm32f4xx_hal_rcc_ex.o(.revsh_text), (4 bytes).
    Removing stm32f4xx_hal_rcc_ex.o(.rrx_text), (6 bytes).
    Removing stm32f4xx_hal_rcc_ex.o(i.HAL_RCCEx_DisablePLLI2S), (52 bytes).
    Removing stm32f4xx_hal_rcc_ex.o(i.HAL_RCCEx_EnablePLLI2S), (104 bytes).
    Removing stm32f4xx_hal_rcc_ex.o(i.HAL_RCCEx_GetPeriphCLKConfig), (52 bytes).
    Removing stm32f4xx_hal_rcc_ex.o(i.HAL_RCCEx_GetPeriphCLKFreq), (92 bytes).
    Removing stm32f4xx_hal_rcc_ex.o(i.HAL_RCCEx_PeriphCLKConfig), (316 bytes).
    Removing stm32f4xx_hal_rcc_ex.o(i.HAL_RCC_DeInit), (308 bytes).
    Removing stm32f4xx_hal_flash.o(.rev16_text), (4 bytes).
    Removing stm32f4xx_hal_flash.o(.revsh_text), (4 bytes).
    Removing stm32f4xx_hal_flash.o(.rrx_text), (6 bytes).
    Removing stm32f4xx_hal_flash.o(i.FLASH_Program_Byte), (32 bytes).
    Removing stm32f4xx_hal_flash.o(i.FLASH_Program_DoubleWord), (44 bytes).
    Removing stm32f4xx_hal_flash.o(i.FLASH_Program_HalfWord), (36 bytes).
    Removing stm32f4xx_hal_flash.o(i.FLASH_Program_Word), (36 bytes).
    Removing stm32f4xx_hal_flash.o(i.FLASH_SetErrorCode), (104 bytes).
    Removing stm32f4xx_hal_flash.o(i.FLASH_WaitForLastOperation), (80 bytes).
    Removing stm32f4xx_hal_flash.o(i.HAL_FLASH_EndOfOperationCallback), (2 bytes).
    Removing stm32f4xx_hal_flash.o(i.HAL_FLASH_GetError), (12 bytes).
    Removing stm32f4xx_hal_flash.o(i.HAL_FLASH_IRQHandler), (204 bytes).
    Removing stm32f4xx_hal_flash.o(i.HAL_FLASH_Lock), (20 bytes).
    Removing stm32f4xx_hal_flash.o(i.HAL_FLASH_OB_Launch), (24 bytes).
    Removing stm32f4xx_hal_flash.o(i.HAL_FLASH_OB_Lock), (20 bytes).
    Removing stm32f4xx_hal_flash.o(i.HAL_FLASH_OB_Unlock), (40 bytes).
    Removing stm32f4xx_hal_flash.o(i.HAL_FLASH_OperationErrorCallback), (2 bytes).
    Removing stm32f4xx_hal_flash.o(i.HAL_FLASH_Program), (124 bytes).
    Removing stm32f4xx_hal_flash.o(i.HAL_FLASH_Program_IT), (108 bytes).
    Removing stm32f4xx_hal_flash.o(i.HAL_FLASH_Unlock), (44 bytes).
    Removing stm32f4xx_hal_flash.o(.bss), (32 bytes).
    Removing stm32f4xx_hal_flash_ex.o(.rev16_text), (4 bytes).
    Removing stm32f4xx_hal_flash_ex.o(.revsh_text), (4 bytes).
    Removing stm32f4xx_hal_flash_ex.o(.rrx_text), (6 bytes).
    Removing stm32f4xx_hal_flash_ex.o(i.FLASH_Erase_Sector), (80 bytes).
    Removing stm32f4xx_hal_flash_ex.o(i.FLASH_FlushCaches), (84 bytes).
    Removing stm32f4xx_hal_flash_ex.o(i.FLASH_MassErase), (40 bytes).
    Removing stm32f4xx_hal_flash_ex.o(i.HAL_FLASHEx_Erase), (152 bytes).
    Removing stm32f4xx_hal_flash_ex.o(i.HAL_FLASHEx_Erase_IT), (104 bytes).
    Removing stm32f4xx_hal_flash_ex.o(i.HAL_FLASHEx_OBGetConfig), (64 bytes).
    Removing stm32f4xx_hal_flash_ex.o(i.HAL_FLASHEx_OBProgram), (204 bytes).
    Removing stm32f4xx_hal_flash_ramfunc.o(.rev16_text), (4 bytes).
    Removing stm32f4xx_hal_flash_ramfunc.o(.revsh_text), (4 bytes).
    Removing stm32f4xx_hal_flash_ramfunc.o(.rrx_text), (6 bytes).
    Removing stm32f4xx_hal_gpio.o(.rev16_text), (4 bytes).
    Removing stm32f4xx_hal_gpio.o(.revsh_text), (4 bytes).
    Removing stm32f4xx_hal_gpio.o(.rrx_text), (6 bytes).
    Removing stm32f4xx_hal_gpio.o(i.HAL_GPIO_DeInit), (360 bytes).
    Removing stm32f4xx_hal_gpio.o(i.HAL_GPIO_EXTI_Callback), (2 bytes).
    Removing stm32f4xx_hal_gpio.o(i.HAL_GPIO_EXTI_IRQHandler), (24 bytes).
    Removing stm32f4xx_hal_gpio.o(i.HAL_GPIO_LockPin), (34 bytes).
    Removing stm32f4xx_hal_gpio.o(i.HAL_GPIO_ReadPin), (10 bytes).
    Removing stm32f4xx_hal_dma_ex.o(.rev16_text), (4 bytes).
    Removing stm32f4xx_hal_dma_ex.o(.revsh_text), (4 bytes).
    Removing stm32f4xx_hal_dma_ex.o(.rrx_text), (6 bytes).
    Removing stm32f4xx_hal_dma_ex.o(i.DMA_MultiBufferSetConfig), (30 bytes).
    Removing stm32f4xx_hal_dma_ex.o(i.HAL_DMAEx_ChangeMemory), (14 bytes).
    Removing stm32f4xx_hal_dma_ex.o(i.HAL_DMAEx_MultiBufferStart), (100 bytes).
    Removing stm32f4xx_hal_dma_ex.o(i.HAL_DMAEx_MultiBufferStart_IT), (2432 bytes).
    Removing stm32f4xx_hal_dma.o(.rev16_text), (4 bytes).
    Removing stm32f4xx_hal_dma.o(.revsh_text), (4 bytes).
    Removing stm32f4xx_hal_dma.o(.rrx_text), (6 bytes).
    Removing stm32f4xx_hal_dma.o(i.DMA_CalcBaseAndBitshift), (40 bytes).
    Removing stm32f4xx_hal_dma.o(i.DMA_CheckFifoParam), (84 bytes).
    Removing stm32f4xx_hal_dma.o(i.DMA_SetConfig), (40 bytes).
    Removing stm32f4xx_hal_dma.o(i.HAL_DMA_Abort), (142 bytes).
    Removing stm32f4xx_hal_dma.o(i.HAL_DMA_Abort_IT), (36 bytes).
    Removing stm32f4xx_hal_dma.o(i.HAL_DMA_DeInit), (98 bytes).
    Removing stm32f4xx_hal_dma.o(i.HAL_DMA_GetError), (4 bytes).
    Removing stm32f4xx_hal_dma.o(i.HAL_DMA_GetState), (6 bytes).
    Removing stm32f4xx_hal_dma.o(i.HAL_DMA_IRQHandler), (416 bytes).
    Removing stm32f4xx_hal_dma.o(i.HAL_DMA_Init), (212 bytes).
    Removing stm32f4xx_hal_dma.o(i.HAL_DMA_PollForTransfer), (292 bytes).
    Removing stm32f4xx_hal_dma.o(i.HAL_DMA_RegisterCallback), (80 bytes).
    Removing stm32f4xx_hal_dma.o(i.HAL_DMA_Start), (70 bytes).
    Removing stm32f4xx_hal_dma.o(i.HAL_DMA_Start_IT), (110 bytes).
    Removing stm32f4xx_hal_dma.o(i.HAL_DMA_UnRegisterCallback), (96 bytes).
    Removing stm32f4xx_hal_dma.o(.constdata), (8 bytes).
    Removing stm32f4xx_hal_pwr.o(.rev16_text), (4 bytes).
    Removing stm32f4xx_hal_pwr.o(.revsh_text), (4 bytes).
    Removing stm32f4xx_hal_pwr.o(.rrx_text), (6 bytes).
    Removing stm32f4xx_hal_pwr.o(i.HAL_PWR_ConfigPVD), (124 bytes).
    Removing stm32f4xx_hal_pwr.o(i.HAL_PWR_DeInit), (24 bytes).
    Removing stm32f4xx_hal_pwr.o(i.HAL_PWR_DisableBkUpAccess), (12 bytes).
    Removing stm32f4xx_hal_pwr.o(i.HAL_PWR_DisablePVD), (12 bytes).
    Removing stm32f4xx_hal_pwr.o(i.HAL_PWR_DisableSEVOnPend), (16 bytes).
    Removing stm32f4xx_hal_pwr.o(i.HAL_PWR_DisableSleepOnExit), (16 bytes).
    Removing stm32f4xx_hal_pwr.o(i.HAL_PWR_DisableWakeUpPin), (16 bytes).
    Removing stm32f4xx_hal_pwr.o(i.HAL_PWR_EnableBkUpAccess), (12 bytes).
    Removing stm32f4xx_hal_pwr.o(i.HAL_PWR_EnablePVD), (12 bytes).
    Removing stm32f4xx_hal_pwr.o(i.HAL_PWR_EnableSEVOnPend), (16 bytes).
    Removing stm32f4xx_hal_pwr.o(i.HAL_PWR_EnableSleepOnExit), (16 bytes).
    Removing stm32f4xx_hal_pwr.o(i.HAL_PWR_EnableWakeUpPin), (16 bytes).
    Removing stm32f4xx_hal_pwr.o(i.HAL_PWR_EnterSLEEPMode), (32 bytes).
    Removing stm32f4xx_hal_pwr.o(i.HAL_PWR_EnterSTANDBYMode), (32 bytes).
    Removing stm32f4xx_hal_pwr.o(i.HAL_PWR_EnterSTOPMode), (56 bytes).
    Removing stm32f4xx_hal_pwr.o(i.HAL_PWR_PVDCallback), (2 bytes).
    Removing stm32f4xx_hal_pwr.o(i.HAL_PWR_PVD_IRQHandler), (28 bytes).
    Removing stm32f4xx_hal_pwr_ex.o(.rev16_text), (4 bytes).
    Removing stm32f4xx_hal_pwr_ex.o(.revsh_text), (4 bytes).
    Removing stm32f4xx_hal_pwr_ex.o(.rrx_text), (6 bytes).
    Removing stm32f4xx_hal_pwr_ex.o(i.HAL_PWREx_ControlVoltageScaling), (88 bytes).
    Removing stm32f4xx_hal_pwr_ex.o(i.HAL_PWREx_DisableBkUpReg), (60 bytes).
    Removing stm32f4xx_hal_pwr_ex.o(i.HAL_PWREx_DisableFlashPowerDown), (12 bytes).
    Removing stm32f4xx_hal_pwr_ex.o(i.HAL_PWREx_EnableBkUpReg), (60 bytes).
    Removing stm32f4xx_hal_pwr_ex.o(i.HAL_PWREx_EnableFlashPowerDown), (12 bytes).
    Removing stm32f4xx_hal_pwr_ex.o(i.HAL_PWREx_GetVoltageRange), (16 bytes).
    Removing stm32f4xx_hal_cortex.o(.rev16_text), (4 bytes).
    Removing stm32f4xx_hal_cortex.o(.revsh_text), (4 bytes).
    Removing stm32f4xx_hal_cortex.o(.rrx_text), (6 bytes).
    Removing stm32f4xx_hal_cortex.o(i.HAL_MPU_ConfigRegion), (84 bytes).
    Removing stm32f4xx_hal_cortex.o(i.HAL_MPU_Disable), (28 bytes).
    Removing stm32f4xx_hal_cortex.o(i.HAL_MPU_Enable), (36 bytes).
    Removing stm32f4xx_hal_cortex.o(i.HAL_NVIC_ClearPendingIRQ), (26 bytes).
    Removing stm32f4xx_hal_cortex.o(i.HAL_NVIC_DisableIRQ), (34 bytes).
    Removing stm32f4xx_hal_cortex.o(i.HAL_NVIC_GetActive), (36 bytes).
    Removing stm32f4xx_hal_cortex.o(i.HAL_NVIC_GetPendingIRQ), (36 bytes).
    Removing stm32f4xx_hal_cortex.o(i.HAL_NVIC_GetPriority), (82 bytes).
    Removing stm32f4xx_hal_cortex.o(i.HAL_NVIC_GetPriorityGrouping), (16 bytes).
    Removing stm32f4xx_hal_cortex.o(i.HAL_NVIC_SetPendingIRQ), (26 bytes).
    Removing stm32f4xx_hal_cortex.o(i.HAL_NVIC_SystemReset), (36 bytes).
    Removing stm32f4xx_hal_cortex.o(i.HAL_SYSTICK_CLKSourceConfig), (24 bytes).
    Removing stm32f4xx_hal_cortex.o(i.HAL_SYSTICK_Callback), (2 bytes).
    Removing stm32f4xx_hal_cortex.o(i.HAL_SYSTICK_IRQHandler), (8 bytes).
    Removing stm32f4xx_hal.o(.rev16_text), (4 bytes).
    Removing stm32f4xx_hal.o(.revsh_text), (4 bytes).
    Removing stm32f4xx_hal.o(.rrx_text), (6 bytes).
    Removing stm32f4xx_hal.o(i.HAL_DBGMCU_DisableDBGSleepMode), (16 bytes).
    Removing stm32f4xx_hal.o(i.HAL_DBGMCU_DisableDBGStandbyMode), (16 bytes).
    Removing stm32f4xx_hal.o(i.HAL_DBGMCU_DisableDBGStopMode), (16 bytes).
    Removing stm32f4xx_hal.o(i.HAL_DBGMCU_EnableDBGSleepMode), (16 bytes).
    Removing stm32f4xx_hal.o(i.HAL_DBGMCU_EnableDBGStandbyMode), (16 bytes).
    Removing stm32f4xx_hal.o(i.HAL_DBGMCU_EnableDBGStopMode), (16 bytes).
    Removing stm32f4xx_hal.o(i.HAL_DeInit), (52 bytes).
    Removing stm32f4xx_hal.o(i.HAL_DisableCompensationCell), (12 bytes).
    Removing stm32f4xx_hal.o(i.HAL_EnableCompensationCell), (12 bytes).
    Removing stm32f4xx_hal.o(i.HAL_GetDEVID), (16 bytes).
    Removing stm32f4xx_hal.o(i.HAL_GetHalVersion), (8 bytes).
    Removing stm32f4xx_hal.o(i.HAL_GetREVID), (12 bytes).
    Removing stm32f4xx_hal.o(i.HAL_GetTickFreq), (12 bytes).
    Removing stm32f4xx_hal.o(i.HAL_GetTickPrio), (12 bytes).
    Removing stm32f4xx_hal.o(i.HAL_GetUIDw0), (12 bytes).
    Removing stm32f4xx_hal.o(i.HAL_GetUIDw1), (12 bytes).
    Removing stm32f4xx_hal.o(i.HAL_GetUIDw2), (12 bytes).
    Removing stm32f4xx_hal.o(i.HAL_MspDeInit), (2 bytes).
    Removing stm32f4xx_hal.o(i.HAL_MspInit), (2 bytes).
    Removing stm32f4xx_hal.o(i.HAL_ResumeTick), (14 bytes).
    Removing stm32f4xx_hal.o(i.HAL_SetTickFreq), (36 bytes).
    Removing stm32f4xx_hal.o(i.HAL_SuspendTick), (14 bytes).
    Removing stm32f4xx_hal_exti.o(.rev16_text), (4 bytes).
    Removing stm32f4xx_hal_exti.o(.revsh_text), (4 bytes).
    Removing stm32f4xx_hal_exti.o(.rrx_text), (6 bytes).
    Removing stm32f4xx_hal_exti.o(i.HAL_EXTI_ClearConfigLine), (108 bytes).
    Removing stm32f4xx_hal_exti.o(i.HAL_EXTI_ClearPending), (20 bytes).
    Removing stm32f4xx_hal_exti.o(i.HAL_EXTI_GenerateSWI), (20 bytes).
    Removing stm32f4xx_hal_exti.o(i.HAL_EXTI_GetConfigLine), (156 bytes).
    Removing stm32f4xx_hal_exti.o(i.HAL_EXTI_GetHandle), (12 bytes).
    Removing stm32f4xx_hal_exti.o(i.HAL_EXTI_GetPending), (24 bytes).
    Removing stm32f4xx_hal_exti.o(i.HAL_EXTI_IRQHandler), (36 bytes).
    Removing stm32f4xx_hal_exti.o(i.HAL_EXTI_RegisterCallback), (14 bytes).
    Removing stm32f4xx_hal_exti.o(i.HAL_EXTI_SetConfigLine), (168 bytes).
    Removing stm32f4xx_hal_tim.o(.rev16_text), (4 bytes).
    Removing stm32f4xx_hal_tim.o(.revsh_text), (4 bytes).
    Removing stm32f4xx_hal_tim.o(.rrx_text), (6 bytes).
    Removing stm32f4xx_hal_tim.o(i.HAL_TIM_Base_DeInit), (56 bytes).
    Removing stm32f4xx_hal_tim.o(i.HAL_TIM_Base_GetState), (6 bytes).
    Removing stm32f4xx_hal_tim.o(i.HAL_TIM_Base_MspDeInit), (2 bytes).
    Removing stm32f4xx_hal_tim.o(i.HAL_TIM_Base_MspInit), (2 bytes).
    Removing stm32f4xx_hal_tim.o(i.HAL_TIM_Base_Start), (36 bytes).
    Removing stm32f4xx_hal_tim.o(i.HAL_TIM_Base_Start_DMA), (116 bytes).
    Removing stm32f4xx_hal_tim.o(i.HAL_TIM_Base_Stop), (44 bytes).
    Removing stm32f4xx_hal_tim.o(i.HAL_TIM_Base_Stop_DMA), (58 bytes).
    Removing stm32f4xx_hal_tim.o(i.HAL_TIM_Base_Stop_IT), (42 bytes).
    Removing stm32f4xx_hal_tim.o(i.HAL_TIM_ConfigOCrefClear), (210 bytes).
    Removing stm32f4xx_hal_tim.o(i.HAL_TIM_ConfigTI1Input), (16 bytes).
    Removing stm32f4xx_hal_tim.o(i.HAL_TIM_DMABurst_ReadStart), (336 bytes).
    Removing stm32f4xx_hal_tim.o(i.HAL_TIM_DMABurst_ReadStop), (100 bytes).
    Removing stm32f4xx_hal_tim.o(i.HAL_TIM_DMABurst_WriteStart), (336 bytes).
    Removing stm32f4xx_hal_tim.o(i.HAL_TIM_DMABurst_WriteStop), (100 bytes).
    Removing stm32f4xx_hal_tim.o(i.HAL_TIM_Encoder_DeInit), (56 bytes).
    Removing stm32f4xx_hal_tim.o(i.HAL_TIM_Encoder_GetState), (6 bytes).
    Removing stm32f4xx_hal_tim.o(i.HAL_TIM_Encoder_Init), (152 bytes).
    Removing stm32f4xx_hal_tim.o(i.HAL_TIM_Encoder_MspDeInit), (2 bytes).
    Removing stm32f4xx_hal_tim.o(i.HAL_TIM_Encoder_MspInit), (2 bytes).
    Removing stm32f4xx_hal_tim.o(i.HAL_TIM_Encoder_Start), (52 bytes).
    Removing stm32f4xx_hal_tim.o(i.HAL_TIM_Encoder_Start_DMA), (312 bytes).
    Removing stm32f4xx_hal_tim.o(i.HAL_TIM_Encoder_Start_IT), (92 bytes).
    Removing stm32f4xx_hal_tim.o(i.HAL_TIM_Encoder_Stop), (70 bytes).
    Removing stm32f4xx_hal_tim.o(i.HAL_TIM_Encoder_Stop_DMA), (144 bytes).
    Removing stm32f4xx_hal_tim.o(i.HAL_TIM_Encoder_Stop_IT), (116 bytes).
    Removing stm32f4xx_hal_tim.o(i.HAL_TIM_ErrorCallback), (2 bytes).
    Removing stm32f4xx_hal_tim.o(i.HAL_TIM_GenerateEvent), (38 bytes).
    Removing stm32f4xx_hal_tim.o(i.HAL_TIM_IC_CaptureHalfCpltCallback), (2 bytes).
    Removing stm32f4xx_hal_tim.o(i.HAL_TIM_IC_ConfigChannel), (286 bytes).
    Removing stm32f4xx_hal_tim.o(i.HAL_TIM_IC_DeInit), (56 bytes).
    Removing stm32f4xx_hal_tim.o(i.HAL_TIM_IC_GetState), (6 bytes).
    Removing stm32f4xx_hal_tim.o(i.HAL_TIM_IC_Init), (54 bytes).
    Removing stm32f4xx_hal_tim.o(i.HAL_TIM_IC_MspDeInit), (2 bytes).
    Removing stm32f4xx_hal_tim.o(i.HAL_TIM_IC_MspInit), (2 bytes).
    Removing stm32f4xx_hal_tim.o(i.HAL_TIM_IC_Start), (36 bytes).
    Removing stm32f4xx_hal_tim.o(i.HAL_TIM_IC_Start_DMA), (248 bytes).
    Removing stm32f4xx_hal_tim.o(i.HAL_TIM_IC_Start_IT), (86 bytes).
    Removing stm32f4xx_hal_tim.o(i.HAL_TIM_IC_Stop), (44 bytes).
    Removing stm32f4xx_hal_tim.o(i.HAL_TIM_IC_Stop_DMA), (122 bytes).
    Removing stm32f4xx_hal_tim.o(i.HAL_TIM_IC_Stop_IT), (94 bytes).
    Removing stm32f4xx_hal_tim.o(i.HAL_TIM_OC_ConfigChannel), (86 bytes).
    Removing stm32f4xx_hal_tim.o(i.HAL_TIM_OC_DeInit), (56 bytes).
    Removing stm32f4xx_hal_tim.o(i.HAL_TIM_OC_GetState), (6 bytes).
    Removing stm32f4xx_hal_tim.o(i.HAL_TIM_OC_Init), (54 bytes).
    Removing stm32f4xx_hal_tim.o(i.HAL_TIM_OC_MspDeInit), (2 bytes).
    Removing stm32f4xx_hal_tim.o(i.HAL_TIM_OC_MspInit), (2 bytes).
    Removing stm32f4xx_hal_tim.o(i.HAL_TIM_OC_Start), (68 bytes).
    Removing stm32f4xx_hal_tim.o(i.HAL_TIM_OC_Start_DMA), (288 bytes).
    Removing stm32f4xx_hal_tim.o(i.HAL_TIM_OC_Start_IT), (116 bytes).
    Removing stm32f4xx_hal_tim.o(i.HAL_TIM_OC_Stop), (88 bytes).
    Removing stm32f4xx_hal_tim.o(i.HAL_TIM_OC_Stop_DMA), (164 bytes).
    Removing stm32f4xx_hal_tim.o(i.HAL_TIM_OC_Stop_IT), (136 bytes).
    Removing stm32f4xx_hal_tim.o(i.HAL_TIM_OnePulse_ConfigChannel), (218 bytes).
    Removing stm32f4xx_hal_tim.o(i.HAL_TIM_OnePulse_DeInit), (56 bytes).
    Removing stm32f4xx_hal_tim.o(i.HAL_TIM_OnePulse_GetState), (6 bytes).
    Removing stm32f4xx_hal_tim.o(i.HAL_TIM_OnePulse_Init), (74 bytes).
    Removing stm32f4xx_hal_tim.o(i.HAL_TIM_OnePulse_MspDeInit), (2 bytes).
    Removing stm32f4xx_hal_tim.o(i.HAL_TIM_OnePulse_MspInit), (2 bytes).
    Removing stm32f4xx_hal_tim.o(i.HAL_TIM_OnePulse_Start), (60 bytes).
    Removing stm32f4xx_hal_tim.o(i.HAL_TIM_OnePulse_Start_IT), (80 bytes).
    Removing stm32f4xx_hal_tim.o(i.HAL_TIM_OnePulse_Stop), (100 bytes).
    Removing stm32f4xx_hal_tim.o(i.HAL_TIM_OnePulse_Stop_IT), (120 bytes).
    Removing stm32f4xx_hal_tim.o(i.HAL_TIM_PWM_ConfigChannel), (208 bytes).
    Removing stm32f4xx_hal_tim.o(i.HAL_TIM_PWM_DeInit), (56 bytes).
    Removing stm32f4xx_hal_tim.o(i.HAL_TIM_PWM_GetState), (6 bytes).
    Removing stm32f4xx_hal_tim.o(i.HAL_TIM_PWM_Init), (54 bytes).
    Removing stm32f4xx_hal_tim.o(i.HAL_TIM_PWM_MspDeInit), (2 bytes).
    Removing stm32f4xx_hal_tim.o(i.HAL_TIM_PWM_MspInit), (2 bytes).
    Removing stm32f4xx_hal_tim.o(i.HAL_TIM_PWM_PulseFinishedHalfCpltCallback), (2 bytes).
    Removing stm32f4xx_hal_tim.o(i.HAL_TIM_PWM_Start), (68 bytes).
    Removing stm32f4xx_hal_tim.o(i.HAL_TIM_PWM_Start_DMA), (288 bytes).
    Removing stm32f4xx_hal_tim.o(i.HAL_TIM_PWM_Start_IT), (116 bytes).
    Removing stm32f4xx_hal_tim.o(i.HAL_TIM_PWM_Stop), (92 bytes).
    Removing stm32f4xx_hal_tim.o(i.HAL_TIM_PWM_Stop_DMA), (164 bytes).
    Removing stm32f4xx_hal_tim.o(i.HAL_TIM_PWM_Stop_IT), (136 bytes).
    Removing stm32f4xx_hal_tim.o(i.HAL_TIM_PeriodElapsedCallback), (2 bytes).
    Removing stm32f4xx_hal_tim.o(i.HAL_TIM_PeriodElapsedHalfCpltCallback), (2 bytes).
    Removing stm32f4xx_hal_tim.o(i.HAL_TIM_ReadCapturedValue), (42 bytes).
    Removing stm32f4xx_hal_tim.o(i.HAL_TIM_SlaveConfigSynchro), (86 bytes).
    Removing stm32f4xx_hal_tim.o(i.HAL_TIM_SlaveConfigSynchro_IT), (86 bytes).
    Removing stm32f4xx_hal_tim.o(i.HAL_TIM_TriggerHalfCpltCallback), (2 bytes).
    Removing stm32f4xx_hal_tim.o(i.TIM_CCxChannelCmd), (26 bytes).
    Removing stm32f4xx_hal_tim.o(i.TIM_DMACaptureCplt), (62 bytes).
    Removing stm32f4xx_hal_tim.o(i.TIM_DMACaptureHalfCplt), (62 bytes).
    Removing stm32f4xx_hal_tim.o(i.TIM_DMADelayPulseCplt), (62 bytes).
    Removing stm32f4xx_hal_tim.o(i.TIM_DMADelayPulseHalfCplt), (62 bytes).
    Removing stm32f4xx_hal_tim.o(i.TIM_DMAError), (16 bytes).
    Removing stm32f4xx_hal_tim.o(i.TIM_DMAPeriodElapsedCplt), (16 bytes).
    Removing stm32f4xx_hal_tim.o(i.TIM_DMAPeriodElapsedHalfCplt), (16 bytes).
    Removing stm32f4xx_hal_tim.o(i.TIM_DMATriggerCplt), (16 bytes).
    Removing stm32f4xx_hal_tim.o(i.TIM_DMATriggerHalfCplt), (16 bytes).
    Removing stm32f4xx_hal_tim.o(i.TIM_OC1_SetConfig), (96 bytes).
    Removing stm32f4xx_hal_tim.o(i.TIM_OC2_SetConfig), (108 bytes).
    Removing stm32f4xx_hal_tim.o(i.TIM_OC3_SetConfig), (104 bytes).
    Removing stm32f4xx_hal_tim.o(i.TIM_OC4_SetConfig), (80 bytes).
    Removing stm32f4xx_hal_tim.o(i.TIM_SlaveTimer_SetConfig), (134 bytes).
    Removing stm32f4xx_hal_tim.o(i.TIM_TI1_SetConfig), (128 bytes).
    Removing stm32f4xx_hal_tim.o(i.TIM_TI2_SetConfig), (54 bytes).
    Removing stm32f4xx_hal_tim_ex.o(.rev16_text), (4 bytes).
    Removing stm32f4xx_hal_tim_ex.o(.revsh_text), (4 bytes).
    Removing stm32f4xx_hal_tim_ex.o(.rrx_text), (6 bytes).
    Removing stm32f4xx_hal_tim_ex.o(i.HAL_TIMEx_CommutHalfCpltCallback), (2 bytes).
    Removing stm32f4xx_hal_tim_ex.o(i.HAL_TIMEx_ConfigBreakDeadTime), (84 bytes).
    Removing stm32f4xx_hal_tim_ex.o(i.HAL_TIMEx_ConfigCommutEvent), (112 bytes).
    Removing stm32f4xx_hal_tim_ex.o(i.HAL_TIMEx_ConfigCommutEvent_DMA), (144 bytes).
    Removing stm32f4xx_hal_tim_ex.o(i.HAL_TIMEx_ConfigCommutEvent_IT), (112 bytes).
    Removing stm32f4xx_hal_tim_ex.o(i.HAL_TIMEx_HallSensor_DeInit), (56 bytes).
    Removing stm32f4xx_hal_tim_ex.o(i.HAL_TIMEx_HallSensor_GetState), (6 bytes).
    Removing stm32f4xx_hal_tim_ex.o(i.HAL_TIMEx_HallSensor_Init), (188 bytes).
    Removing stm32f4xx_hal_tim_ex.o(i.HAL_TIMEx_HallSensor_MspDeInit), (2 bytes).
    Removing stm32f4xx_hal_tim_ex.o(i.HAL_TIMEx_HallSensor_MspInit), (2 bytes).
    Removing stm32f4xx_hal_tim_ex.o(i.HAL_TIMEx_HallSensor_Start), (38 bytes).
    Removing stm32f4xx_hal_tim_ex.o(i.HAL_TIMEx_HallSensor_Start_DMA), (128 bytes).
    Removing stm32f4xx_hal_tim_ex.o(i.HAL_TIMEx_HallSensor_Start_IT), (48 bytes).
    Removing stm32f4xx_hal_tim_ex.o(i.HAL_TIMEx_HallSensor_Stop), (46 bytes).
    Removing stm32f4xx_hal_tim_ex.o(i.HAL_TIMEx_HallSensor_Stop_DMA), (62 bytes).
    Removing stm32f4xx_hal_tim_ex.o(i.HAL_TIMEx_HallSensor_Stop_IT), (56 bytes).
    Removing stm32f4xx_hal_tim_ex.o(i.HAL_TIMEx_OCN_Start), (46 bytes).
    Removing stm32f4xx_hal_tim_ex.o(i.HAL_TIMEx_OCN_Start_DMA), (228 bytes).
    Removing stm32f4xx_hal_tim_ex.o(i.HAL_TIMEx_OCN_Start_IT), (94 bytes).
    Removing stm32f4xx_hal_tim_ex.o(i.HAL_TIMEx_OCN_Stop), (68 bytes).
    Removing stm32f4xx_hal_tim_ex.o(i.HAL_TIMEx_OCN_Stop_DMA), (130 bytes).
    Removing stm32f4xx_hal_tim_ex.o(i.HAL_TIMEx_OCN_Stop_IT), (122 bytes).
    Removing stm32f4xx_hal_tim_ex.o(i.HAL_TIMEx_OnePulseN_Start), (26 bytes).
    Removing stm32f4xx_hal_tim_ex.o(i.HAL_TIMEx_OnePulseN_Start_IT), (46 bytes).
    Removing stm32f4xx_hal_tim_ex.o(i.HAL_TIMEx_OnePulseN_Stop), (68 bytes).
    Removing stm32f4xx_hal_tim_ex.o(i.HAL_TIMEx_OnePulseN_Stop_IT), (88 bytes).
    Removing stm32f4xx_hal_tim_ex.o(i.HAL_TIMEx_PWMN_Start), (46 bytes).
    Removing stm32f4xx_hal_tim_ex.o(i.HAL_TIMEx_PWMN_Start_DMA), (228 bytes).
    Removing stm32f4xx_hal_tim_ex.o(i.HAL_TIMEx_PWMN_Start_IT), (94 bytes).
    Removing stm32f4xx_hal_tim_ex.o(i.HAL_TIMEx_PWMN_Stop), (68 bytes).
    Removing stm32f4xx_hal_tim_ex.o(i.HAL_TIMEx_PWMN_Stop_DMA), (130 bytes).
    Removing stm32f4xx_hal_tim_ex.o(i.HAL_TIMEx_PWMN_Stop_IT), (122 bytes).
    Removing stm32f4xx_hal_tim_ex.o(i.HAL_TIMEx_RemapConfig), (28 bytes).
    Removing stm32f4xx_hal_tim_ex.o(i.TIMEx_DMACommutationCplt), (16 bytes).
    Removing stm32f4xx_hal_tim_ex.o(i.TIMEx_DMACommutationHalfCplt), (16 bytes).
    Removing stm32f4xx_hal_tim_ex.o(i.TIM_CCxNChannelCmd), (26 bytes).
    Removing system_stm32f4xx.o(.rev16_text), (4 bytes).
    Removing system_stm32f4xx.o(.revsh_text), (4 bytes).
    Removing system_stm32f4xx.o(.rrx_text), (6 bytes).
    Removing system_stm32f4xx.o(i.SystemCoreClockUpdate), (120 bytes).
    Removing f2d.o(.text), (38 bytes).

407 unused section(s) (total 33486 bytes) removed from the image.

==============================================================================

Image Symbol Table

    Local Symbols

    Symbol Name                              Value     Ov Type        Size  Object(Section)

    ../Drivers/STM32F4xx_HAL_Driver/Src/stm32f4xx_hal.c 0x00000000   Number         0  stm32f4xx_hal.o ABSOLUTE
    ../Drivers/STM32F4xx_HAL_Driver/Src/stm32f4xx_hal_cortex.c 0x00000000   Number         0  stm32f4xx_hal_cortex.o ABSOLUTE
    ../Drivers/STM32F4xx_HAL_Driver/Src/stm32f4xx_hal_dma.c 0x00000000   Number         0  stm32f4xx_hal_dma.o ABSOLUTE
    ../Drivers/STM32F4xx_HAL_Driver/Src/stm32f4xx_hal_dma_ex.c 0x00000000   Number         0  stm32f4xx_hal_dma_ex.o ABSOLUTE
    ../Drivers/STM32F4xx_HAL_Driver/Src/stm32f4xx_hal_exti.c 0x00000000   Number         0  stm32f4xx_hal_exti.o ABSOLUTE
    ../Drivers/STM32F4xx_HAL_Driver/Src/stm32f4xx_hal_flash.c 0x00000000   Number         0  stm32f4xx_hal_flash.o ABSOLUTE
    ../Drivers/STM32F4xx_HAL_Driver/Src/stm32f4xx_hal_flash_ex.c 0x00000000   Number         0  stm32f4xx_hal_flash_ex.o ABSOLUTE
    ../Drivers/STM32F4xx_HAL_Driver/Src/stm32f4xx_hal_flash_ramfunc.c 0x00000000   Number         0  stm32f4xx_hal_flash_ramfunc.o ABSOLUTE
    ../Drivers/STM32F4xx_HAL_Driver/Src/stm32f4xx_hal_gpio.c 0x00000000   Number         0  stm32f4xx_hal_gpio.o ABSOLUTE
    ../Drivers/STM32F4xx_HAL_Driver/Src/stm32f4xx_hal_i2c.c 0x00000000   Number         0  stm32f4xx_hal_i2c.o ABSOLUTE
    ../Drivers/STM32F4xx_HAL_Driver/Src/stm32f4xx_hal_i2c_ex.c 0x00000000   Number         0  stm32f4xx_hal_i2c_ex.o ABSOLUTE
    ../Drivers/STM32F4xx_HAL_Driver/Src/stm32f4xx_hal_pwr.c 0x00000000   Number         0  stm32f4xx_hal_pwr.o ABSOLUTE
    ../Drivers/STM32F4xx_HAL_Driver/Src/stm32f4xx_hal_pwr_ex.c 0x00000000   Number         0  stm32f4xx_hal_pwr_ex.o ABSOLUTE
    ../Drivers/STM32F4xx_HAL_Driver/Src/stm32f4xx_hal_rcc.c 0x00000000   Number         0  stm32f4xx_hal_rcc.o ABSOLUTE
    ../Drivers/STM32F4xx_HAL_Driver/Src/stm32f4xx_hal_rcc_ex.c 0x00000000   Number         0  stm32f4xx_hal_rcc_ex.o ABSOLUTE
    ../Drivers/STM32F4xx_HAL_Driver/Src/stm32f4xx_hal_tim.c 0x00000000   Number         0  stm32f4xx_hal_tim.o ABSOLUTE
    ../Drivers/STM32F4xx_HAL_Driver/Src/stm32f4xx_hal_tim_ex.c 0x00000000   Number         0  stm32f4xx_hal_tim_ex.o ABSOLUTE
    ../Src/main.c                            0x00000000   Number         0  main.o ABSOLUTE
    ../Src/stm32f4xx_hal_msp.c               0x00000000   Number         0  stm32f4xx_hal_msp.o ABSOLUTE
    ../Src/stm32f4xx_it.c                    0x00000000   Number         0  stm32f4xx_it.o ABSOLUTE
    ../Src/system_stm32f4xx.c                0x00000000   Number         0  system_stm32f4xx.o ABSOLUTE
    ../clib/microlib/division.c              0x00000000   Number         0  uldiv.o ABSOLUTE
    ../clib/microlib/division.c              0x00000000   Number         0  uidiv.o ABSOLUTE
    ../clib/microlib/init/entry.s            0x00000000   Number         0  entry9b.o ABSOLUTE
    ../clib/microlib/init/entry.s            0x00000000   Number         0  entry10a.o ABSOLUTE
    ../clib/microlib/init/entry.s            0x00000000   Number         0  entry10b.o ABSOLUTE
    ../clib/microlib/init/entry.s            0x00000000   Number         0  entry11a.o ABSOLUTE
    ../clib/microlib/init/entry.s            0x00000000   Number         0  entry11b.o ABSOLUTE
    ../clib/microlib/init/entry.s            0x00000000   Number         0  entry8b.o ABSOLUTE
    ../clib/microlib/init/entry.s            0x00000000   Number         0  entry2.o ABSOLUTE
    ../clib/microlib/init/entry.s            0x00000000   Number         0  entry5.o ABSOLUTE
    ../clib/microlib/init/entry.s            0x00000000   Number         0  entry7a.o ABSOLUTE
    ../clib/microlib/init/entry.s            0x00000000   Number         0  entry7b.o ABSOLUTE
    ../clib/microlib/init/entry.s            0x00000000   Number         0  entry.o ABSOLUTE
    ../clib/microlib/init/entry.s            0x00000000   Number         0  entry8a.o ABSOLUTE
    ../clib/microlib/init/entry.s            0x00000000   Number         0  entry9a.o ABSOLUTE
    ../clib/microlib/longlong.c              0x00000000   Number         0  llushr.o ABSOLUTE
    ../clib/microlib/longlong.c              0x00000000   Number         0  llshl.o ABSOLUTE
    ../clib/microlib/longlong.c              0x00000000   Number         0  llsshr.o ABSOLUTE
    ../clib/microlib/printf/printf.c         0x00000000   Number         0  printf2.o ABSOLUTE
    ../clib/microlib/printf/printf.c         0x00000000   Number         0  printf1.o ABSOLUTE
    ../clib/microlib/printf/printf.c         0x00000000   Number         0  printf0.o ABSOLUTE
    ../clib/microlib/printf/printf.c         0x00000000   Number         0  printfb.o ABSOLUTE
    ../clib/microlib/printf/printf.c         0x00000000   Number         0  printf8.o ABSOLUTE
    ../clib/microlib/printf/printf.c         0x00000000   Number         0  printfa.o ABSOLUTE
    ../clib/microlib/printf/printf.c         0x00000000   Number         0  printf7.o ABSOLUTE
    ../clib/microlib/printf/printf.c         0x00000000   Number         0  printf6.o ABSOLUTE
    ../clib/microlib/printf/printf.c         0x00000000   Number         0  printf5.o ABSOLUTE
    ../clib/microlib/printf/printf.c         0x00000000   Number         0  printf4.o ABSOLUTE
    ../clib/microlib/printf/printf.c         0x00000000   Number         0  printf3.o ABSOLUTE
    ../clib/microlib/printf/stubs.s          0x00000000   Number         0  stubs.o ABSOLUTE
    ../clib/microlib/stdio/fputc.c           0x00000000   Number         0  fputc.o ABSOLUTE
    ../clib/microlib/stdio/semi.s            0x00000000   Number         0  semi.o ABSOLUTE
    ../clib/microlib/stdio/streams.c         0x00000000   Number         0  stdout.o ABSOLUTE
    ../clib/microlib/string/memset.c         0x00000000   Number         0  memseta.o ABSOLUTE
    ../clib/microlib/stubs.s                 0x00000000   Number         0  iusesemip.o ABSOLUTE
    ../clib/microlib/stubs.s                 0x00000000   Number         0  iusefp.o ABSOLUTE
    ../fplib/microlib/f2d.c                  0x00000000   Number         0  f2d.o ABSOLUTE
    ../fplib/microlib/fpadd.c                0x00000000   Number         0  dadd.o ABSOLUTE
    ../fplib/microlib/fpdiv.c                0x00000000   Number         0  ddiv.o ABSOLUTE
    ../fplib/microlib/fpepilogue.c           0x00000000   Number         0  depilogue.o ABSOLUTE
    ../fplib/microlib/fpfix.c                0x00000000   Number         0  dfixul.o ABSOLUTE
    ../fplib/microlib/fpmul.c                0x00000000   Number         0  dmul.o ABSOLUTE
    ..\Drivers\STM32F4xx_HAL_Driver\Src\stm32f4xx_hal.c 0x00000000   Number         0  stm32f4xx_hal.o ABSOLUTE
    ..\Drivers\STM32F4xx_HAL_Driver\Src\stm32f4xx_hal_cortex.c 0x00000000   Number         0  stm32f4xx_hal_cortex.o ABSOLUTE
    ..\Drivers\STM32F4xx_HAL_Driver\Src\stm32f4xx_hal_dma.c 0x00000000   Number         0  stm32f4xx_hal_dma.o ABSOLUTE
    ..\Drivers\STM32F4xx_HAL_Driver\Src\stm32f4xx_hal_dma_ex.c 0x00000000   Number         0  stm32f4xx_hal_dma_ex.o ABSOLUTE
    ..\Drivers\STM32F4xx_HAL_Driver\Src\stm32f4xx_hal_exti.c 0x00000000   Number         0  stm32f4xx_hal_exti.o ABSOLUTE
    ..\Drivers\STM32F4xx_HAL_Driver\Src\stm32f4xx_hal_flash.c 0x00000000   Number         0  stm32f4xx_hal_flash.o ABSOLUTE
    ..\Drivers\STM32F4xx_HAL_Driver\Src\stm32f4xx_hal_flash_ex.c 0x00000000   Number         0  stm32f4xx_hal_flash_ex.o ABSOLUTE
    ..\Drivers\STM32F4xx_HAL_Driver\Src\stm32f4xx_hal_flash_ramfunc.c 0x00000000   Number         0  stm32f4xx_hal_flash_ramfunc.o ABSOLUTE
    ..\Drivers\STM32F4xx_HAL_Driver\Src\stm32f4xx_hal_gpio.c 0x00000000   Number         0  stm32f4xx_hal_gpio.o ABSOLUTE
    ..\Drivers\STM32F4xx_HAL_Driver\Src\stm32f4xx_hal_i2c.c 0x00000000   Number         0  stm32f4xx_hal_i2c.o ABSOLUTE
    ..\Drivers\STM32F4xx_HAL_Driver\Src\stm32f4xx_hal_i2c_ex.c 0x00000000   Number         0  stm32f4xx_hal_i2c_ex.o ABSOLUTE
    ..\Drivers\STM32F4xx_HAL_Driver\Src\stm32f4xx_hal_pwr.c 0x00000000   Number         0  stm32f4xx_hal_pwr.o ABSOLUTE
    ..\Drivers\STM32F4xx_HAL_Driver\Src\stm32f4xx_hal_pwr_ex.c 0x00000000   Number         0  stm32f4xx_hal_pwr_ex.o ABSOLUTE
    ..\Drivers\STM32F4xx_HAL_Driver\Src\stm32f4xx_hal_rcc.c 0x00000000   Number         0  stm32f4xx_hal_rcc.o ABSOLUTE
    ..\Drivers\STM32F4xx_HAL_Driver\Src\stm32f4xx_hal_rcc_ex.c 0x00000000   Number         0  stm32f4xx_hal_rcc_ex.o ABSOLUTE
    ..\Drivers\STM32F4xx_HAL_Driver\Src\stm32f4xx_hal_tim.c 0x00000000   Number         0  stm32f4xx_hal_tim.o ABSOLUTE
    ..\Drivers\STM32F4xx_HAL_Driver\Src\stm32f4xx_hal_tim_ex.c 0x00000000   Number         0  stm32f4xx_hal_tim_ex.o ABSOLUTE
    ..\Src\main.c                            0x00000000   Number         0  main.o ABSOLUTE
    ..\Src\stm32f4xx_hal_msp.c               0x00000000   Number         0  stm32f4xx_hal_msp.o ABSOLUTE
    ..\Src\stm32f4xx_it.c                    0x00000000   Number         0  stm32f4xx_it.o ABSOLUTE
    ..\Src\system_stm32f4xx.c                0x00000000   Number         0  system_stm32f4xx.o ABSOLUTE
    ..\\i2c-lcd.c                            0x00000000   Number         0  i2c-lcd.o ABSOLUTE
    ..\i2c-lcd.c                             0x00000000   Number         0  i2c-lcd.o ABSOLUTE
    cdrcmple.s                               0x00000000   Number         0  cdrcmple.o ABSOLUTE
    dc.s                                     0x00000000   Number         0  dc.o ABSOLUTE
    handlers.s                               0x00000000   Number         0  handlers.o ABSOLUTE
    init.s                                   0x00000000   Number         0  init.o ABSOLUTE
    startup_stm32f407xx.s                    0x00000000   Number         0  startup_stm32f407xx.o ABSOLUTE
    RESET                                    0x08000000   Section      392  startup_stm32f407xx.o(RESET)
    .ARM.Collect$$$$00000000                 0x08000188   Section        0  entry.o(.ARM.Collect$$$$00000000)
    .ARM.Collect$$$$00000001                 0x08000188   Section        4  entry2.o(.ARM.Collect$$$$00000001)
    .ARM.Collect$$$$00000004                 0x0800018c   Section        4  entry5.o(.ARM.Collect$$$$00000004)
    .ARM.Collect$$$$00000008                 0x08000190   Section        0  entry7b.o(.ARM.Collect$$$$00000008)
    .ARM.Collect$$$$0000000A                 0x08000190   Section        0  entry8b.o(.ARM.Collect$$$$0000000A)
    .ARM.Collect$$$$0000000B                 0x08000190   Section        8  entry9a.o(.ARM.Collect$$$$0000000B)
    .ARM.Collect$$$$0000000D                 0x08000198   Section        0  entry10a.o(.ARM.Collect$$$$0000000D)
    .ARM.Collect$$$$0000000F                 0x08000198   Section        0  entry11a.o(.ARM.Collect$$$$0000000F)
    .ARM.Collect$$$$00002712                 0x08000198   Section        4  entry2.o(.ARM.Collect$$$$00002712)
    __lit__00000000                          0x08000198   Data           4  entry2.o(.ARM.Collect$$$$00002712)
    .text                                    0x0800019c   Section       36  startup_stm32f407xx.o(.text)
    $v0                                      0x0800019c   Number         0  startup_stm32f407xx.o(.text)
    .text                                    0x080001c0   Section        0  uldiv.o(.text)
    .text                                    0x08000222   Section        0  memseta.o(.text)
    .text                                    0x08000246   Section        0  uidiv.o(.text)
    .text                                    0x08000272   Section        0  llshl.o(.text)
    .text                                    0x08000290   Section        0  llushr.o(.text)
    .text                                    0x080002b0   Section        0  dadd.o(.text)
    .text                                    0x080002b0   Section        0  iusefp.o(.text)
    .text                                    0x080003fe   Section        0  dmul.o(.text)
    .text                                    0x080004e2   Section        0  ddiv.o(.text)
    .text                                    0x080005c0   Section        0  dfixul.o(.text)
    .text                                    0x080005f0   Section       48  cdrcmple.o(.text)
    .text                                    0x08000620   Section       36  init.o(.text)
    .text                                    0x08000644   Section        0  llsshr.o(.text)
    .text                                    0x08000668   Section        0  depilogue.o(.text)
    i.BusFault_Handler                       0x08000722   Section        0  stm32f4xx_it.o(i.BusFault_Handler)
    i.DebugMon_Handler                       0x08000724   Section        0  stm32f4xx_it.o(i.DebugMon_Handler)
    i.HAL_Delay                              0x08000728   Section        0  stm32f4xx_hal.o(i.HAL_Delay)
    i.HAL_GPIO_Init                          0x0800074c   Section        0  stm32f4xx_hal_gpio.o(i.HAL_GPIO_Init)
    i.HAL_GPIO_TogglePin                     0x08000904   Section        0  stm32f4xx_hal_gpio.o(i.HAL_GPIO_TogglePin)
    i.HAL_GPIO_WritePin                      0x08000912   Section        0  stm32f4xx_hal_gpio.o(i.HAL_GPIO_WritePin)
    i.HAL_GetTick                            0x0800091c   Section        0  stm32f4xx_hal.o(i.HAL_GetTick)
    i.HAL_I2C_Init                           0x08000928   Section        0  stm32f4xx_hal_i2c.o(i.HAL_I2C_Init)
    i.HAL_I2C_Master_Transmit                0x08000ab0   Section        0  stm32f4xx_hal_i2c.o(i.HAL_I2C_Master_Transmit)
    i.HAL_I2C_MspInit                        0x08000bdc   Section        0  stm32f4xx_hal_msp.o(i.HAL_I2C_MspInit)
    i.HAL_IncTick                            0x08000c44   Section        0  stm32f4xx_hal.o(i.HAL_IncTick)
    i.HAL_Init                               0x08000c54   Section        0  stm32f4xx_hal.o(i.HAL_Init)
    i.HAL_InitTick                           0x08000c88   Section        0  stm32f4xx_hal.o(i.HAL_InitTick)
    i.HAL_MspInit                            0x08000cc8   Section        0  stm32f4xx_hal_msp.o(i.HAL_MspInit)
    i.HAL_NVIC_EnableIRQ                     0x08000cf8   Section        0  stm32f4xx_hal_cortex.o(i.HAL_NVIC_EnableIRQ)
    i.HAL_NVIC_SetPriority                   0x08000d14   Section        0  stm32f4xx_hal_cortex.o(i.HAL_NVIC_SetPriority)
    i.HAL_NVIC_SetPriorityGrouping           0x08000d54   Section        0  stm32f4xx_hal_cortex.o(i.HAL_NVIC_SetPriorityGrouping)
    i.HAL_RCC_ClockConfig                    0x08000d78   Section        0  stm32f4xx_hal_rcc.o(i.HAL_RCC_ClockConfig)
    i.HAL_RCC_GetPCLK1Freq                   0x08000eac   Section        0  stm32f4xx_hal_rcc.o(i.HAL_RCC_GetPCLK1Freq)
    i.HAL_RCC_GetSysClockFreq                0x08000ecc   Section        0  stm32f4xx_hal_rcc.o(i.HAL_RCC_GetSysClockFreq)
    i.HAL_RCC_OscConfig                      0x08000f2c   Section        0  stm32f4xx_hal_rcc.o(i.HAL_RCC_OscConfig)
    i.HAL_SYSTICK_Config                     0x08001288   Section        0  stm32f4xx_hal_cortex.o(i.HAL_SYSTICK_Config)
    i.HAL_TIMEx_BreakCallback                0x080012b0   Section        0  stm32f4xx_hal_tim_ex.o(i.HAL_TIMEx_BreakCallback)
    i.HAL_TIMEx_CommutCallback               0x080012b2   Section        0  stm32f4xx_hal_tim_ex.o(i.HAL_TIMEx_CommutCallback)
    i.HAL_TIMEx_MasterConfigSynchronization  0x080012b4   Section        0  stm32f4xx_hal_tim_ex.o(i.HAL_TIMEx_MasterConfigSynchronization)
    i.HAL_TIM_Base_Init                      0x08001344   Section        0  stm32f4xx_hal_tim.o(i.HAL_TIM_Base_Init)
    i.HAL_TIM_Base_MspInit                   0x0800137c   Section        0  stm32f4xx_hal_msp.o(i.HAL_TIM_Base_MspInit)
    i.HAL_TIM_Base_Start_IT                  0x080013b4   Section        0  stm32f4xx_hal_tim.o(i.HAL_TIM_Base_Start_IT)
    i.HAL_TIM_ConfigClockSource              0x080013d6   Section        0  stm32f4xx_hal_tim.o(i.HAL_TIM_ConfigClockSource)
    i.HAL_TIM_IC_CaptureCallback             0x080014ac   Section        0  stm32f4xx_hal_tim.o(i.HAL_TIM_IC_CaptureCallback)
    i.HAL_TIM_IRQHandler                     0x080014ae   Section        0  stm32f4xx_hal_tim.o(i.HAL_TIM_IRQHandler)
    i.HAL_TIM_OC_DelayElapsedCallback        0x08001614   Section        0  stm32f4xx_hal_tim.o(i.HAL_TIM_OC_DelayElapsedCallback)
    i.HAL_TIM_PWM_PulseFinishedCallback      0x08001616   Section        0  stm32f4xx_hal_tim.o(i.HAL_TIM_PWM_PulseFinishedCallback)
    i.HAL_TIM_PeriodElapsedCallback          0x08001618   Section        0  main.o(i.HAL_TIM_PeriodElapsedCallback)
    i.HAL_TIM_TriggerCallback                0x08001644   Section        0  stm32f4xx_hal_tim.o(i.HAL_TIM_TriggerCallback)
    i.HardFault_Handler                      0x08001646   Section        0  stm32f4xx_it.o(i.HardFault_Handler)
    i.I2C_IsAcknowledgeFailed                0x08001648   Section        0  stm32f4xx_hal_i2c.o(i.I2C_IsAcknowledgeFailed)
    I2C_IsAcknowledgeFailed                  0x08001649   Thumb Code    46  stm32f4xx_hal_i2c.o(i.I2C_IsAcknowledgeFailed)
    i.I2C_MasterRequestWrite                 0x08001678   Section        0  stm32f4xx_hal_i2c.o(i.I2C_MasterRequestWrite)
    I2C_MasterRequestWrite                   0x08001679   Thumb Code   150  stm32f4xx_hal_i2c.o(i.I2C_MasterRequestWrite)
    i.I2C_WaitOnBTFFlagUntilTimeout          0x08001714   Section        0  stm32f4xx_hal_i2c.o(i.I2C_WaitOnBTFFlagUntilTimeout)
    I2C_WaitOnBTFFlagUntilTimeout            0x08001715   Thumb Code    76  stm32f4xx_hal_i2c.o(i.I2C_WaitOnBTFFlagUntilTimeout)
    i.I2C_WaitOnFlagUntilTimeout             0x08001760   Section        0  stm32f4xx_hal_i2c.o(i.I2C_WaitOnFlagUntilTimeout)
    I2C_WaitOnFlagUntilTimeout               0x08001761   Thumb Code   104  stm32f4xx_hal_i2c.o(i.I2C_WaitOnFlagUntilTimeout)
    i.I2C_WaitOnMasterAddressFlagUntilTimeout 0x080017c8   Section        0  stm32f4xx_hal_i2c.o(i.I2C_WaitOnMasterAddressFlagUntilTimeout)
    I2C_WaitOnMasterAddressFlagUntilTimeout  0x080017c9   Thumb Code   150  stm32f4xx_hal_i2c.o(i.I2C_WaitOnMasterAddressFlagUntilTimeout)
    i.I2C_WaitOnTXEFlagUntilTimeout          0x0800185e   Section        0  stm32f4xx_hal_i2c.o(i.I2C_WaitOnTXEFlagUntilTimeout)
    I2C_WaitOnTXEFlagUntilTimeout            0x0800185f   Thumb Code    76  stm32f4xx_hal_i2c.o(i.I2C_WaitOnTXEFlagUntilTimeout)
    i.MX_GPIO_Init                           0x080018ac   Section        0  main.o(i.MX_GPIO_Init)
    MX_GPIO_Init                             0x080018ad   Thumb Code   104  main.o(i.MX_GPIO_Init)
    i.MX_TIM2_Init                           0x0800191c   Section        0  main.o(i.MX_TIM2_Init)
    MX_TIM2_Init                             0x0800191d   Thumb Code    78  main.o(i.MX_TIM2_Init)
    i.MemManage_Handler                      0x08001970   Section        0  stm32f4xx_it.o(i.MemManage_Handler)
    i.NMI_Handler                            0x08001972   Section        0  stm32f4xx_it.o(i.NMI_Handler)
    i.PendSV_Handler                         0x08001974   Section        0  stm32f4xx_it.o(i.PendSV_Handler)
    i.SVC_Handler                            0x08001976   Section        0  stm32f4xx_it.o(i.SVC_Handler)
    i.SysTick_Handler                        0x08001978   Section        0  stm32f4xx_it.o(i.SysTick_Handler)
    i.SystemClock_Config                     0x0800197c   Section        0  main.o(i.SystemClock_Config)
    i.SystemInit                             0x08001a00   Section        0  system_stm32f4xx.o(i.SystemInit)
    i.TIM2_IRQHandler                        0x08001a1c   Section        0  stm32f4xx_it.o(i.TIM2_IRQHandler)
    i.TIM_Base_SetConfig                     0x08001a28   Section        0  stm32f4xx_hal_tim.o(i.TIM_Base_SetConfig)
    i.TIM_ETR_SetConfig                      0x08001af0   Section        0  stm32f4xx_hal_tim.o(i.TIM_ETR_SetConfig)
    i.TIM_ITRx_SetConfig                     0x08001b04   Section        0  stm32f4xx_hal_tim.o(i.TIM_ITRx_SetConfig)
    TIM_ITRx_SetConfig                       0x08001b05   Thumb Code    16  stm32f4xx_hal_tim.o(i.TIM_ITRx_SetConfig)
    i.TIM_TI1_ConfigInputStage               0x08001b14   Section        0  stm32f4xx_hal_tim.o(i.TIM_TI1_ConfigInputStage)
    TIM_TI1_ConfigInputStage                 0x08001b15   Thumb Code    34  stm32f4xx_hal_tim.o(i.TIM_TI1_ConfigInputStage)
    i.TIM_TI2_ConfigInputStage               0x08001b36   Section        0  stm32f4xx_hal_tim.o(i.TIM_TI2_ConfigInputStage)
    TIM_TI2_ConfigInputStage                 0x08001b37   Thumb Code    36  stm32f4xx_hal_tim.o(i.TIM_TI2_ConfigInputStage)
    i.UsageFault_Handler                     0x08001b5a   Section        0  stm32f4xx_it.o(i.UsageFault_Handler)
    i.__0sprintf                             0x08001b5c   Section        0  printfa.o(i.__0sprintf)
    i.__NVIC_SetPriority                     0x08001b84   Section        0  stm32f4xx_hal_cortex.o(i.__NVIC_SetPriority)
    __NVIC_SetPriority                       0x08001b85   Thumb Code    32  stm32f4xx_hal_cortex.o(i.__NVIC_SetPriority)
    i.__scatterload_copy                     0x08001ba4   Section       14  handlers.o(i.__scatterload_copy)
    i.__scatterload_null                     0x08001bb2   Section        2  handlers.o(i.__scatterload_null)
    i.__scatterload_zeroinit                 0x08001bb4   Section       14  handlers.o(i.__scatterload_zeroinit)
    i._fp_digits                             0x08001bc4   Section        0  printfa.o(i._fp_digits)
    _fp_digits                               0x08001bc5   Thumb Code   366  printfa.o(i._fp_digits)
    i._printf_core                           0x08001d48   Section        0  printfa.o(i._printf_core)
    _printf_core                             0x08001d49   Thumb Code  1744  printfa.o(i._printf_core)
    i._printf_post_padding                   0x08002424   Section        0  printfa.o(i._printf_post_padding)
    _printf_post_padding                     0x08002425   Thumb Code    36  printfa.o(i._printf_post_padding)
    i._printf_pre_padding                    0x08002448   Section        0  printfa.o(i._printf_pre_padding)
    _printf_pre_padding                      0x08002449   Thumb Code    46  printfa.o(i._printf_pre_padding)
    i._sputc                                 0x08002476   Section        0  printfa.o(i._sputc)
    _sputc                                   0x08002477   Thumb Code    10  printfa.o(i._sputc)
    i.lcd_PrintInt                           0x08002480   Section        0  i2c-lcd.o(i.lcd_PrintInt)
    i.lcd_clear                              0x08002498   Section        0  i2c-lcd.o(i.lcd_clear)
    i.lcd_init                               0x080024b0   Section        0  i2c-lcd.o(i.lcd_init)
    i.lcd_put_cur                            0x08002528   Section        0  i2c-lcd.o(i.lcd_put_cur)
    i.lcd_send_cmd                           0x08002540   Section        0  i2c-lcd.o(i.lcd_send_cmd)
    i.lcd_send_data                          0x08002580   Section        0  i2c-lcd.o(i.lcd_send_data)
    i.lcd_send_string                        0x080025c0   Section        0  i2c-lcd.o(i.lcd_send_string)
    i.main                                   0x080025d4   Section        0  main.o(i.main)
    .constdata                               0x08002708   Section       16  system_stm32f4xx.o(.constdata)
    .constdata                               0x08002718   Section        8  system_stm32f4xx.o(.constdata)
    .data                                    0x20000000   Section       40  main.o(.data)
    .data                                    0x20000028   Section       12  stm32f4xx_hal.o(.data)
    .data                                    0x20000034   Section        4  system_stm32f4xx.o(.data)
    .bss                                     0x20000038   Section      148  main.o(.bss)
    STACK                                    0x200000d0   Section     1024  startup_stm32f407xx.o(STACK)

    Global Symbols

    Symbol Name                              Value     Ov Type        Size  Object(Section)

    BuildAttributes$$THM_ISAv4$E$P$D$K$B$S$7EM$VFPi3$EXTD16$VFPS$VFMA$PE$A:L22UL41UL21$X:L11$S22US41US21$IEEE1$IW$USESV6$~STKCKD$USESV7$~SHL$OSPACE$ROPI$EBA8$MICROLIB$REQ8$PRES8$EABIv2 0x00000000   Number         0  anon$$obj.o ABSOLUTE
    __ARM_use_no_argv                        0x00000000   Number         0  main.o ABSOLUTE
    _printf_a                                0x00000000   Number         0  stubs.o ABSOLUTE
    _printf_c                                0x00000000   Number         0  stubs.o ABSOLUTE
    _printf_charcount                        0x00000000   Number         0  stubs.o ABSOLUTE
    _printf_d                                0x00000000   Number         0  stubs.o ABSOLUTE
    _printf_e                                0x00000000   Number         0  stubs.o ABSOLUTE
    _printf_f                                0x00000000   Number         0  stubs.o ABSOLUTE
    _printf_flags                            0x00000000   Number         0  stubs.o ABSOLUTE
    _printf_fp_dec                           0x00000000   Number         0  stubs.o ABSOLUTE
    _printf_fp_hex                           0x00000000   Number         0  stubs.o ABSOLUTE
    _printf_g                                0x00000000   Number         0  stubs.o ABSOLUTE
    _printf_i                                0x00000000   Number         0  stubs.o ABSOLUTE
    _printf_int_dec                          0x00000000   Number         0  stubs.o ABSOLUTE
    _printf_l                                0x00000000   Number         0  stubs.o ABSOLUTE
    _printf_lc                               0x00000000   Number         0  stubs.o ABSOLUTE
    _printf_ll                               0x00000000   Number         0  stubs.o ABSOLUTE
    _printf_lld                              0x00000000   Number         0  stubs.o ABSOLUTE
    _printf_lli                              0x00000000   Number         0  stubs.o ABSOLUTE
    _printf_llo                              0x00000000   Number         0  stubs.o ABSOLUTE
    _printf_llu                              0x00000000   Number         0  stubs.o ABSOLUTE
    _printf_llx                              0x00000000   Number         0  stubs.o ABSOLUTE
    _printf_longlong_dec                     0x00000000   Number         0  stubs.o ABSOLUTE
    _printf_longlong_hex                     0x00000000   Number         0  stubs.o ABSOLUTE
    _printf_longlong_oct                     0x00000000   Number         0  stubs.o ABSOLUTE
    _printf_ls                               0x00000000   Number         0  stubs.o ABSOLUTE
    _printf_mbtowc                           0x00000000   Number         0  stubs.o ABSOLUTE
    _printf_n                                0x00000000   Number         0  stubs.o ABSOLUTE
    _printf_o                                0x00000000   Number         0  stubs.o ABSOLUTE
    _printf_p                                0x00000000   Number         0  stubs.o ABSOLUTE
    _printf_percent                          0x00000000   Number         0  stubs.o ABSOLUTE
    _printf_pre_padding                      0x00000000   Number         0  stubs.o ABSOLUTE
    _printf_return_value                     0x00000000   Number         0  stubs.o ABSOLUTE
    _printf_s                                0x00000000   Number         0  stubs.o ABSOLUTE
    _printf_sizespec                         0x00000000   Number         0  stubs.o ABSOLUTE
    _printf_str                              0x00000000   Number         0  stubs.o ABSOLUTE
    _printf_truncate_signed                  0x00000000   Number         0  stubs.o ABSOLUTE
    _printf_truncate_unsigned                0x00000000   Number         0  stubs.o ABSOLUTE
    _printf_u                                0x00000000   Number         0  stubs.o ABSOLUTE
    _printf_wc                               0x00000000   Number         0  stubs.o ABSOLUTE
    _printf_wctomb                           0x00000000   Number         0  stubs.o ABSOLUTE
    _printf_widthprec                        0x00000000   Number         0  stubs.o ABSOLUTE
    _printf_x                                0x00000000   Number         0  stubs.o ABSOLUTE
    __cpp_initialize__aeabi_                  - Undefined Weak Reference
    __cxa_finalize                            - Undefined Weak Reference
    __decompress                              - Undefined Weak Reference
    _clock_init                               - Undefined Weak Reference
    _microlib_exit                            - Undefined Weak Reference
    __Vectors_Size                           0x00000188   Number         0  startup_stm32f407xx.o ABSOLUTE
    __Vectors                                0x08000000   Data           4  startup_stm32f407xx.o(RESET)
    __Vectors_End                            0x08000188   Data           0  startup_stm32f407xx.o(RESET)
    __main                                   0x08000189   Thumb Code     0  entry.o(.ARM.Collect$$$$00000000)
    _main_stk                                0x08000189   Thumb Code     0  entry2.o(.ARM.Collect$$$$00000001)
    _main_scatterload                        0x0800018d   Thumb Code     0  entry5.o(.ARM.Collect$$$$00000004)
    __main_after_scatterload                 0x08000191   Thumb Code     0  entry5.o(.ARM.Collect$$$$00000004)
    _main_clock                              0x08000191   Thumb Code     0  entry7b.o(.ARM.Collect$$$$00000008)
    _main_cpp_init                           0x08000191   Thumb Code     0  entry8b.o(.ARM.Collect$$$$0000000A)
    _main_init                               0x08000191   Thumb Code     0  entry9a.o(.ARM.Collect$$$$0000000B)
    __rt_final_cpp                           0x08000199   Thumb Code     0  entry10a.o(.ARM.Collect$$$$0000000D)
    __rt_final_exit                          0x08000199   Thumb Code     0  entry11a.o(.ARM.Collect$$$$0000000F)
    Reset_Handler                            0x0800019d   Thumb Code     8  startup_stm32f407xx.o(.text)
    ADC_IRQHandler                           0x080001b7   Thumb Code     0  startup_stm32f407xx.o(.text)
    CAN1_RX0_IRQHandler                      0x080001b7   Thumb Code     0  startup_stm32f407xx.o(.text)
    CAN1_RX1_IRQHandler                      0x080001b7   Thumb Code     0  startup_stm32f407xx.o(.text)
    CAN1_SCE_IRQHandler                      0x080001b7   Thumb Code     0  startup_stm32f407xx.o(.text)
    CAN1_TX_IRQHandler                       0x080001b7   Thumb Code     0  startup_stm32f407xx.o(.text)
    CAN2_RX0_IRQHandler                      0x080001b7   Thumb Code     0  startup_stm32f407xx.o(.text)
    CAN2_RX1_IRQHandler                      0x080001b7   Thumb Code     0  startup_stm32f407xx.o(.text)
    CAN2_SCE_IRQHandler                      0x080001b7   Thumb Code     0  startup_stm32f407xx.o(.text)
    CAN2_TX_IRQHandler                       0x080001b7   Thumb Code     0  startup_stm32f407xx.o(.text)
    DCMI_IRQHandler                          0x080001b7   Thumb Code     0  startup_stm32f407xx.o(.text)
    DMA1_Stream0_IRQHandler                  0x080001b7   Thumb Code     0  startup_stm32f407xx.o(.text)
    DMA1_Stream1_IRQHandler                  0x080001b7   Thumb Code     0  startup_stm32f407xx.o(.text)
    DMA1_Stream2_IRQHandler                  0x080001b7   Thumb Code     0  startup_stm32f407xx.o(.text)
    DMA1_Stream3_IRQHandler                  0x080001b7   Thumb Code     0  startup_stm32f407xx.o(.text)
    DMA1_Stream4_IRQHandler                  0x080001b7   Thumb Code     0  startup_stm32f407xx.o(.text)
    DMA1_Stream5_IRQHandler                  0x080001b7   Thumb Code     0  startup_stm32f407xx.o(.text)
    DMA1_Stream6_IRQHandler                  0x080001b7   Thumb Code     0  startup_stm32f407xx.o(.text)
    DMA1_Stream7_IRQHandler                  0x080001b7   Thumb Code     0  startup_stm32f407xx.o(.text)
    DMA2_Stream0_IRQHandler                  0x080001b7   Thumb Code     0  startup_stm32f407xx.o(.text)
    DMA2_Stream1_IRQHandler                  0x080001b7   Thumb Code     0  startup_stm32f407xx.o(.text)
    DMA2_Stream2_IRQHandler                  0x080001b7   Thumb Code     0  startup_stm32f407xx.o(.text)
    DMA2_Stream3_IRQHandler                  0x080001b7   Thumb Code     0  startup_stm32f407xx.o(.text)
    DMA2_Stream4_IRQHandler                  0x080001b7   Thumb Code     0  startup_stm32f407xx.o(.text)
    DMA2_Stream5_IRQHandler                  0x080001b7   Thumb Code     0  startup_stm32f407xx.o(.text)
    DMA2_Stream6_IRQHandler                  0x080001b7   Thumb Code     0  startup_stm32f407xx.o(.text)
    DMA2_Stream7_IRQHandler                  0x080001b7   Thumb Code     0  startup_stm32f407xx.o(.text)
    ETH_IRQHandler                           0x080001b7   Thumb Code     0  startup_stm32f407xx.o(.text)
    ETH_WKUP_IRQHandler                      0x080001b7   Thumb Code     0  startup_stm32f407xx.o(.text)
    EXTI0_IRQHandler                         0x080001b7   Thumb Code     0  startup_stm32f407xx.o(.text)
    EXTI15_10_IRQHandler                     0x080001b7   Thumb Code     0  startup_stm32f407xx.o(.text)
    EXTI1_IRQHandler                         0x080001b7   Thumb Code     0  startup_stm32f407xx.o(.text)
    EXTI2_IRQHandler                         0x080001b7   Thumb Code     0  startup_stm32f407xx.o(.text)
    EXTI3_IRQHandler                         0x080001b7   Thumb Code     0  startup_stm32f407xx.o(.text)
    EXTI4_IRQHandler                         0x080001b7   Thumb Code     0  startup_stm32f407xx.o(.text)
    EXTI9_5_IRQHandler                       0x080001b7   Thumb Code     0  startup_stm32f407xx.o(.text)
    FLASH_IRQHandler                         0x080001b7   Thumb Code     0  startup_stm32f407xx.o(.text)
    FMC_IRQHandler                           0x080001b7   Thumb Code     0  startup_stm32f407xx.o(.text)
    FPU_IRQHandler                           0x080001b7   Thumb Code     0  startup_stm32f407xx.o(.text)
    HASH_RNG_IRQHandler                      0x080001b7   Thumb Code     0  startup_stm32f407xx.o(.text)
    I2C1_ER_IRQHandler                       0x080001b7   Thumb Code     0  startup_stm32f407xx.o(.text)
    I2C1_EV_IRQHandler                       0x080001b7   Thumb Code     0  startup_stm32f407xx.o(.text)
    I2C2_ER_IRQHandler                       0x080001b7   Thumb Code     0  startup_stm32f407xx.o(.text)
    I2C2_EV_IRQHandler                       0x080001b7   Thumb Code     0  startup_stm32f407xx.o(.text)
    I2C3_ER_IRQHandler                       0x080001b7   Thumb Code     0  startup_stm32f407xx.o(.text)
    I2C3_EV_IRQHandler                       0x080001b7   Thumb Code     0  startup_stm32f407xx.o(.text)
    OTG_FS_IRQHandler                        0x080001b7   Thumb Code     0  startup_stm32f407xx.o(.text)
    OTG_FS_WKUP_IRQHandler                   0x080001b7   Thumb Code     0  startup_stm32f407xx.o(.text)
    OTG_HS_EP1_IN_IRQHandler                 0x080001b7   Thumb Code     0  startup_stm32f407xx.o(.text)
    OTG_HS_EP1_OUT_IRQHandler                0x080001b7   Thumb Code     0  startup_stm32f407xx.o(.text)
    OTG_HS_IRQHandler                        0x080001b7   Thumb Code     0  startup_stm32f407xx.o(.text)
    OTG_HS_WKUP_IRQHandler                   0x080001b7   Thumb Code     0  startup_stm32f407xx.o(.text)
    PVD_IRQHandler                           0x080001b7   Thumb Code     0  startup_stm32f407xx.o(.text)
    RCC_IRQHandler                           0x080001b7   Thumb Code     0  startup_stm32f407xx.o(.text)
    RTC_Alarm_IRQHandler                     0x080001b7   Thumb Code     0  startup_stm32f407xx.o(.text)
    RTC_WKUP_IRQHandler                      0x080001b7   Thumb Code     0  startup_stm32f407xx.o(.text)
    SDIO_IRQHandler                          0x080001b7   Thumb Code     0  startup_stm32f407xx.o(.text)
    SPI1_IRQHandler                          0x080001b7   Thumb Code     0  startup_stm32f407xx.o(.text)
    SPI2_IRQHandler                          0x080001b7   Thumb Code     0  startup_stm32f407xx.o(.text)
    SPI3_IRQHandler                          0x080001b7   Thumb Code     0  startup_stm32f407xx.o(.text)
    TAMP_STAMP_IRQHandler                    0x080001b7   Thumb Code     0  startup_stm32f407xx.o(.text)
    TIM1_BRK_TIM9_IRQHandler                 0x080001b7   Thumb Code     0  startup_stm32f407xx.o(.text)
    TIM1_CC_IRQHandler                       0x080001b7   Thumb Code     0  startup_stm32f407xx.o(.text)
    TIM1_TRG_COM_TIM11_IRQHandler            0x080001b7   Thumb Code     0  startup_stm32f407xx.o(.text)
    TIM1_UP_TIM10_IRQHandler                 0x080001b7   Thumb Code     0  startup_stm32f407xx.o(.text)
    TIM3_IRQHandler                          0x080001b7   Thumb Code     0  startup_stm32f407xx.o(.text)
    TIM4_IRQHandler                          0x080001b7   Thumb Code     0  startup_stm32f407xx.o(.text)
    TIM5_IRQHandler                          0x080001b7   Thumb Code     0  startup_stm32f407xx.o(.text)
    TIM6_DAC_IRQHandler                      0x080001b7   Thumb Code     0  startup_stm32f407xx.o(.text)
    TIM7_IRQHandler                          0x080001b7   Thumb Code     0  startup_stm32f407xx.o(.text)
    TIM8_BRK_TIM12_IRQHandler                0x080001b7   Thumb Code     0  startup_stm32f407xx.o(.text)
    TIM8_CC_IRQHandler                       0x080001b7   Thumb Code     0  startup_stm32f407xx.o(.text)
    TIM8_TRG_COM_TIM14_IRQHandler            0x080001b7   Thumb Code     0  startup_stm32f407xx.o(.text)
    TIM8_UP_TIM13_IRQHandler                 0x080001b7   Thumb Code     0  startup_stm32f407xx.o(.text)
    UART4_IRQHandler                         0x080001b7   Thumb Code     0  startup_stm32f407xx.o(.text)
    UART5_IRQHandler                         0x080001b7   Thumb Code     0  startup_stm32f407xx.o(.text)
    USART1_IRQHandler                        0x080001b7   Thumb Code     0  startup_stm32f407xx.o(.text)
    USART2_IRQHandler                        0x080001b7   Thumb Code     0  startup_stm32f407xx.o(.text)
    USART3_IRQHandler                        0x080001b7   Thumb Code     0  startup_stm32f407xx.o(.text)
    USART6_IRQHandler                        0x080001b7   Thumb Code     0  startup_stm32f407xx.o(.text)
    WWDG_IRQHandler                          0x080001b7   Thumb Code     0  startup_stm32f407xx.o(.text)
    __aeabi_uldivmod                         0x080001c1   Thumb Code    98  uldiv.o(.text)
    __aeabi_memset                           0x08000223   Thumb Code    14  memseta.o(.text)
    __aeabi_memset4                          0x08000223   Thumb Code     0  memseta.o(.text)
    __aeabi_memset8                          0x08000223   Thumb Code     0  memseta.o(.text)
    __aeabi_memclr                           0x08000231   Thumb Code     4  memseta.o(.text)
    __aeabi_memclr4                          0x08000231   Thumb Code     0  memseta.o(.text)
    __aeabi_memclr8                          0x08000231   Thumb Code     0  memseta.o(.text)
    _memset$wrapper                          0x08000235   Thumb Code    18  memseta.o(.text)
    __aeabi_uidiv                            0x08000247   Thumb Code     0  uidiv.o(.text)
    __aeabi_uidivmod                         0x08000247   Thumb Code    44  uidiv.o(.text)
    __aeabi_llsl                             0x08000273   Thumb Code    30  llshl.o(.text)
    _ll_shift_l                              0x08000273   Thumb Code     0  llshl.o(.text)
    __aeabi_llsr                             0x08000291   Thumb Code    32  llushr.o(.text)
    _ll_ushift_r                             0x08000291   Thumb Code     0  llushr.o(.text)
    __I$use$fp                               0x080002b1   Thumb Code     0  iusefp.o(.text)
    __aeabi_dadd                             0x080002b1   Thumb Code   322  dadd.o(.text)
    __aeabi_dsub                             0x080003f3   Thumb Code     6  dadd.o(.text)
    __aeabi_drsub                            0x080003f9   Thumb Code     6  dadd.o(.text)
    __aeabi_dmul                             0x080003ff   Thumb Code   228  dmul.o(.text)
    __aeabi_ddiv                             0x080004e3   Thumb Code   222  ddiv.o(.text)
    __aeabi_d2ulz                            0x080005c1   Thumb Code    48  dfixul.o(.text)
    __aeabi_cdrcmple                         0x080005f1   Thumb Code    48  cdrcmple.o(.text)
    __scatterload                            0x08000621   Thumb Code    28  init.o(.text)
    __scatterload_rt2                        0x08000621   Thumb Code     0  init.o(.text)
    __aeabi_lasr                             0x08000645   Thumb Code    36  llsshr.o(.text)
    _ll_sshift_r                             0x08000645   Thumb Code     0  llsshr.o(.text)
    _double_round                            0x08000669   Thumb Code    30  depilogue.o(.text)
    _double_epilogue                         0x08000687   Thumb Code   156  depilogue.o(.text)
    BusFault_Handler                         0x08000723   Thumb Code     2  stm32f4xx_it.o(i.BusFault_Handler)
    DebugMon_Handler                         0x08000725   Thumb Code     2  stm32f4xx_it.o(i.DebugMon_Handler)
    HAL_Delay                                0x08000729   Thumb Code    32  stm32f4xx_hal.o(i.HAL_Delay)
    HAL_GPIO_Init                            0x0800074d   Thumb Code   394  stm32f4xx_hal_gpio.o(i.HAL_GPIO_Init)
    HAL_GPIO_TogglePin                       0x08000905   Thumb Code    14  stm32f4xx_hal_gpio.o(i.HAL_GPIO_TogglePin)
    HAL_GPIO_WritePin                        0x08000913   Thumb Code    10  stm32f4xx_hal_gpio.o(i.HAL_GPIO_WritePin)
    HAL_GetTick                              0x0800091d   Thumb Code     6  stm32f4xx_hal.o(i.HAL_GetTick)
    HAL_I2C_Init                             0x08000929   Thumb Code   376  stm32f4xx_hal_i2c.o(i.HAL_I2C_Init)
    HAL_I2C_Master_Transmit                  0x08000ab1   Thumb Code   290  stm32f4xx_hal_i2c.o(i.HAL_I2C_Master_Transmit)
    HAL_I2C_MspInit                          0x08000bdd   Thumb Code    92  stm32f4xx_hal_msp.o(i.HAL_I2C_MspInit)
    HAL_IncTick                              0x08000c45   Thumb Code    12  stm32f4xx_hal.o(i.HAL_IncTick)
    HAL_Init                                 0x08000c55   Thumb Code    48  stm32f4xx_hal.o(i.HAL_Init)
    HAL_InitTick                             0x08000c89   Thumb Code    54  stm32f4xx_hal.o(i.HAL_InitTick)
    HAL_MspInit                              0x08000cc9   Thumb Code    42  stm32f4xx_hal_msp.o(i.HAL_MspInit)
    HAL_NVIC_EnableIRQ                       0x08000cf9   Thumb Code    26  stm32f4xx_hal_cortex.o(i.HAL_NVIC_EnableIRQ)
    HAL_NVIC_SetPriority                     0x08000d15   Thumb Code    60  stm32f4xx_hal_cortex.o(i.HAL_NVIC_SetPriority)
    HAL_NVIC_SetPriorityGrouping             0x08000d55   Thumb Code    26  stm32f4xx_hal_cortex.o(i.HAL_NVIC_SetPriorityGrouping)
    HAL_RCC_ClockConfig                      0x08000d79   Thumb Code   288  stm32f4xx_hal_rcc.o(i.HAL_RCC_ClockConfig)
    HAL_RCC_GetPCLK1Freq                     0x08000ead   Thumb Code    20  stm32f4xx_hal_rcc.o(i.HAL_RCC_GetPCLK1Freq)
    HAL_RCC_GetSysClockFreq                  0x08000ecd   Thumb Code    88  stm32f4xx_hal_rcc.o(i.HAL_RCC_GetSysClockFreq)
    HAL_RCC_OscConfig                        0x08000f2d   Thumb Code   840  stm32f4xx_hal_rcc.o(i.HAL_RCC_OscConfig)
    HAL_SYSTICK_Config                       0x08001289   Thumb Code    40  stm32f4xx_hal_cortex.o(i.HAL_SYSTICK_Config)
    HAL_TIMEx_BreakCallback                  0x080012b1   Thumb Code     2  stm32f4xx_hal_tim_ex.o(i.HAL_TIMEx_BreakCallback)
    HAL_TIMEx_CommutCallback                 0x080012b3   Thumb Code     2  stm32f4xx_hal_tim_ex.o(i.HAL_TIMEx_CommutCallback)
    HAL_TIMEx_MasterConfigSynchronization    0x080012b5   Thumb Code   116  stm32f4xx_hal_tim_ex.o(i.HAL_TIMEx_MasterConfigSynchronization)
    HAL_TIM_Base_Init                        0x08001345   Thumb Code    54  stm32f4xx_hal_tim.o(i.HAL_TIM_Base_Init)
    HAL_TIM_Base_MspInit                     0x0800137d   Thumb Code    50  stm32f4xx_hal_msp.o(i.HAL_TIM_Base_MspInit)
    HAL_TIM_Base_Start_IT                    0x080013b5   Thumb Code    34  stm32f4xx_hal_tim.o(i.HAL_TIM_Base_Start_IT)
    HAL_TIM_ConfigClockSource                0x080013d7   Thumb Code   214  stm32f4xx_hal_tim.o(i.HAL_TIM_ConfigClockSource)
    HAL_TIM_IC_CaptureCallback               0x080014ad   Thumb Code     2  stm32f4xx_hal_tim.o(i.HAL_TIM_IC_CaptureCallback)
    HAL_TIM_IRQHandler                       0x080014af   Thumb Code   358  stm32f4xx_hal_tim.o(i.HAL_TIM_IRQHandler)
    HAL_TIM_OC_DelayElapsedCallback          0x08001615   Thumb Code     2  stm32f4xx_hal_tim.o(i.HAL_TIM_OC_DelayElapsedCallback)
    HAL_TIM_PWM_PulseFinishedCallback        0x08001617   Thumb Code     2  stm32f4xx_hal_tim.o(i.HAL_TIM_PWM_PulseFinishedCallback)
    HAL_TIM_PeriodElapsedCallback            0x08001619   Thumb Code    34  main.o(i.HAL_TIM_PeriodElapsedCallback)
    HAL_TIM_TriggerCallback                  0x08001645   Thumb Code     2  stm32f4xx_hal_tim.o(i.HAL_TIM_TriggerCallback)
    HardFault_Handler                        0x08001647   Thumb Code     2  stm32f4xx_it.o(i.HardFault_Handler)
    MemManage_Handler                        0x08001971   Thumb Code     2  stm32f4xx_it.o(i.MemManage_Handler)
    NMI_Handler                              0x08001973   Thumb Code     2  stm32f4xx_it.o(i.NMI_Handler)
    PendSV_Handler                           0x08001975   Thumb Code     2  stm32f4xx_it.o(i.PendSV_Handler)
    SVC_Handler                              0x08001977   Thumb Code     2  stm32f4xx_it.o(i.SVC_Handler)
    SysTick_Handler                          0x08001979   Thumb Code     4  stm32f4xx_it.o(i.SysTick_Handler)
    SystemClock_Config                       0x0800197d   Thumb Code   122  main.o(i.SystemClock_Config)
    SystemInit                               0x08001a01   Thumb Code    22  system_stm32f4xx.o(i.SystemInit)
    TIM2_IRQHandler                          0x08001a1d   Thumb Code     6  stm32f4xx_it.o(i.TIM2_IRQHandler)
    TIM_Base_SetConfig                       0x08001a29   Thumb Code   156  stm32f4xx_hal_tim.o(i.TIM_Base_SetConfig)
    TIM_ETR_SetConfig                        0x08001af1   Thumb Code    20  stm32f4xx_hal_tim.o(i.TIM_ETR_SetConfig)
    UsageFault_Handler                       0x08001b5b   Thumb Code     2  stm32f4xx_it.o(i.UsageFault_Handler)
    __0sprintf                               0x08001b5d   Thumb Code    34  printfa.o(i.__0sprintf)
    __1sprintf                               0x08001b5d   Thumb Code     0  printfa.o(i.__0sprintf)
    __2sprintf                               0x08001b5d   Thumb Code     0  printfa.o(i.__0sprintf)
    __c89sprintf                             0x08001b5d   Thumb Code     0  printfa.o(i.__0sprintf)
    sprintf                                  0x08001b5d   Thumb Code     0  printfa.o(i.__0sprintf)
    __scatterload_copy                       0x08001ba5   Thumb Code    14  handlers.o(i.__scatterload_copy)
    __scatterload_null                       0x08001bb3   Thumb Code     2  handlers.o(i.__scatterload_null)
    __scatterload_zeroinit                   0x08001bb5   Thumb Code    14  handlers.o(i.__scatterload_zeroinit)
    lcd_PrintInt                             0x08002481   Thumb Code    20  i2c-lcd.o(i.lcd_PrintInt)
    lcd_clear                                0x08002499   Thumb Code    24  i2c-lcd.o(i.lcd_clear)
    lcd_init                                 0x080024b1   Thumb Code   120  i2c-lcd.o(i.lcd_init)
    lcd_put_cur                              0x08002529   Thumb Code    24  i2c-lcd.o(i.lcd_put_cur)
    lcd_send_cmd                             0x08002541   Thumb Code    58  i2c-lcd.o(i.lcd_send_cmd)
    lcd_send_data                            0x08002581   Thumb Code    58  i2c-lcd.o(i.lcd_send_data)
    lcd_send_string                          0x080025c1   Thumb Code    20  i2c-lcd.o(i.lcd_send_string)
    main                                     0x080025d5   Thumb Code   270  main.o(i.main)
    AHBPrescTable                            0x08002708   Data          16  system_stm32f4xx.o(.constdata)
    APBPrescTable                            0x08002718   Data           8  system_stm32f4xx.o(.constdata)
    Region$$Table$$Base                      0x08002720   Number         0  anon$$obj.o(Region$$Table)
    Region$$Table$$Limit                     0x08002740   Number         0  anon$$obj.o(Region$$Table)
    count1                                   0x20000000   Data           4  main.o(.data)
    count2                                   0x20000004   Data           4  main.o(.data)
    count3                                   0x20000008   Data           4  main.o(.data)
    seconds                                  0x2000000c   Data           4  main.o(.data)
    minutes                                  0x20000010   Data           4  main.o(.data)
    hours                                    0x20000014   Data           4  main.o(.data)
    min                                      0x20000018   Data           4  main.o(.data)
    max                                      0x2000001c   Data           4  main.o(.data)
    sec                                      0x20000020   Data           8  main.o(.data)
    uwTickFreq                               0x20000028   Data           1  stm32f4xx_hal.o(.data)
    uwTickPrio                               0x2000002c   Data           4  stm32f4xx_hal.o(.data)
    uwTick                                   0x20000030   Data           4  stm32f4xx_hal.o(.data)
    SystemCoreClock                          0x20000034   Data           4  system_stm32f4xx.o(.data)
    hi2c1                                    0x20000038   Data          84  main.o(.bss)
    htim2                                    0x2000008c   Data          64  main.o(.bss)
    __initial_sp                             0x200004d0   Data           0  startup_stm32f407xx.o(STACK)



==============================================================================

Memory Map of the image

  Image Entry point : 0x08000189

  Load Region LR_IROM1 (Base: 0x08000000, Size: 0x00002778, Max: 0x00100000, ABSOLUTE)

    Execution Region ER_IROM1 (Exec base: 0x08000000, Load base: 0x08000000, Size: 0x00002740, Max: 0x00100000, ABSOLUTE)

    Exec Addr    Load Addr    Size         Type   Attr      Idx    E Section Name        Object

    0x08000000   0x08000000   0x00000188   Data   RO            3    RESET               startup_stm32f407xx.o
    0x08000188   0x08000188   0x00000000   Code   RO         2921  * .ARM.Collect$$$$00000000  mc_w.l(entry.o)
    0x08000188   0x08000188   0x00000004   Code   RO         3191    .ARM.Collect$$$$00000001  mc_w.l(entry2.o)
    0x0800018c   0x0800018c   0x00000004   Code   RO         3194    .ARM.Collect$$$$00000004  mc_w.l(entry5.o)
    0x08000190   0x08000190   0x00000000   Code   RO         3196    .ARM.Collect$$$$00000008  mc_w.l(entry7b.o)
    0x08000190   0x08000190   0x00000000   Code   RO         3198    .ARM.Collect$$$$0000000A  mc_w.l(entry8b.o)
    0x08000190   0x08000190   0x00000008   Code   RO         3199    .ARM.Collect$$$$0000000B  mc_w.l(entry9a.o)
    0x08000198   0x08000198   0x00000000   Code   RO         3201    .ARM.Collect$$$$0000000D  mc_w.l(entry10a.o)
    0x08000198   0x08000198   0x00000000   Code   RO         3203    .ARM.Collect$$$$0000000F  mc_w.l(entry11a.o)
    0x08000198   0x08000198   0x00000004   Code   RO         3192    .ARM.Collect$$$$00002712  mc_w.l(entry2.o)
    0x0800019c   0x0800019c   0x00000024   Code   RO            4    .text               startup_stm32f407xx.o
    0x080001c0   0x080001c0   0x00000062   Code   RO         2924    .text               mc_w.l(uldiv.o)
    0x08000222   0x08000222   0x00000024   Code   RO         2926    .text               mc_w.l(memseta.o)
    0x08000246   0x08000246   0x0000002c   Code   RO         3208    .text               mc_w.l(uidiv.o)
    0x08000272   0x08000272   0x0000001e   Code   RO         3210    .text               mc_w.l(llshl.o)
    0x08000290   0x08000290   0x00000020   Code   RO         3212    .text               mc_w.l(llushr.o)
    0x080002b0   0x080002b0   0x00000000   Code   RO         3214    .text               mc_w.l(iusefp.o)
    0x080002b0   0x080002b0   0x0000014e   Code   RO         3215    .text               mf_w.l(dadd.o)
    0x080003fe   0x080003fe   0x000000e4   Code   RO         3217    .text               mf_w.l(dmul.o)
    0x080004e2   0x080004e2   0x000000de   Code   RO         3219    .text               mf_w.l(ddiv.o)
    0x080005c0   0x080005c0   0x00000030   Code   RO         3221    .text               mf_w.l(dfixul.o)
    0x080005f0   0x080005f0   0x00000030   Code   RO         3223    .text               mf_w.l(cdrcmple.o)
    0x08000620   0x08000620   0x00000024   Code   RO         3225    .text               mc_w.l(init.o)
    0x08000644   0x08000644   0x00000024   Code   RO         3228    .text               mc_w.l(llsshr.o)
    0x08000668   0x08000668   0x000000ba   Code   RO         3231    .text               mf_w.l(depilogue.o)
    0x08000722   0x08000722   0x00000002   Code   RO          182    i.BusFault_Handler  stm32f4xx_it.o
    0x08000724   0x08000724   0x00000002   Code   RO          183    i.DebugMon_Handler  stm32f4xx_it.o
    0x08000726   0x08000726   0x00000002   PAD
    0x08000728   0x08000728   0x00000024   Code   RO         1707    i.HAL_Delay         stm32f4xx_hal.o
    0x0800074c   0x0800074c   0x000001b8   Code   RO         1181    i.HAL_GPIO_Init     stm32f4xx_hal_gpio.o
    0x08000904   0x08000904   0x0000000e   Code   RO         1184    i.HAL_GPIO_TogglePin  stm32f4xx_hal_gpio.o
    0x08000912   0x08000912   0x0000000a   Code   RO         1185    i.HAL_GPIO_WritePin  stm32f4xx_hal_gpio.o
    0x0800091c   0x0800091c   0x0000000c   Code   RO         1713    i.HAL_GetTick       stm32f4xx_hal.o
    0x08000928   0x08000928   0x00000188   Code   RO          392    i.HAL_I2C_Init      stm32f4xx_hal_i2c.o
    0x08000ab0   0x08000ab0   0x0000012c   Code   RO          405    i.HAL_I2C_Master_Transmit  stm32f4xx_hal_i2c.o
    0x08000bdc   0x08000bdc   0x00000068   Code   RO          265    i.HAL_I2C_MspInit   stm32f4xx_hal_msp.o
    0x08000c44   0x08000c44   0x00000010   Code   RO         1719    i.HAL_IncTick       stm32f4xx_hal.o
    0x08000c54   0x08000c54   0x00000034   Code   RO         1720    i.HAL_Init          stm32f4xx_hal.o
    0x08000c88   0x08000c88   0x00000040   Code   RO         1721    i.HAL_InitTick      stm32f4xx_hal.o
    0x08000cc8   0x08000cc8   0x00000030   Code   RO          266    i.HAL_MspInit       stm32f4xx_hal_msp.o
    0x08000cf8   0x08000cf8   0x0000001a   Code   RO         1570    i.HAL_NVIC_EnableIRQ  stm32f4xx_hal_cortex.o
    0x08000d12   0x08000d12   0x00000002   PAD
    0x08000d14   0x08000d14   0x00000040   Code   RO         1576    i.HAL_NVIC_SetPriority  stm32f4xx_hal_cortex.o
    0x08000d54   0x08000d54   0x00000024   Code   RO         1577    i.HAL_NVIC_SetPriorityGrouping  stm32f4xx_hal_cortex.o
    0x08000d78   0x08000d78   0x00000134   Code   RO          827    i.HAL_RCC_ClockConfig  stm32f4xx_hal_rcc.o
    0x08000eac   0x08000eac   0x00000020   Code   RO          834    i.HAL_RCC_GetPCLK1Freq  stm32f4xx_hal_rcc.o
    0x08000ecc   0x08000ecc   0x00000060   Code   RO          836    i.HAL_RCC_GetSysClockFreq  stm32f4xx_hal_rcc.o
    0x08000f2c   0x08000f2c   0x0000035c   Code   RO          839    i.HAL_RCC_OscConfig  stm32f4xx_hal_rcc.o
    0x08001288   0x08001288   0x00000028   Code   RO         1581    i.HAL_SYSTICK_Config  stm32f4xx_hal_cortex.o
    0x080012b0   0x080012b0   0x00000002   Code   RO         2635    i.HAL_TIMEx_BreakCallback  stm32f4xx_hal_tim_ex.o
    0x080012b2   0x080012b2   0x00000002   Code   RO         2636    i.HAL_TIMEx_CommutCallback  stm32f4xx_hal_tim_ex.o
    0x080012b4   0x080012b4   0x00000090   Code   RO         2653    i.HAL_TIMEx_MasterConfigSynchronization  stm32f4xx_hal_tim_ex.o
    0x08001344   0x08001344   0x00000036   Code   RO         1960    i.HAL_TIM_Base_Init  stm32f4xx_hal_tim.o
    0x0800137a   0x0800137a   0x00000002   PAD
    0x0800137c   0x0800137c   0x00000038   Code   RO          268    i.HAL_TIM_Base_MspInit  stm32f4xx_hal_msp.o
    0x080013b4   0x080013b4   0x00000022   Code   RO         1965    i.HAL_TIM_Base_Start_IT  stm32f4xx_hal_tim.o
    0x080013d6   0x080013d6   0x000000d6   Code   RO         1969    i.HAL_TIM_ConfigClockSource  stm32f4xx_hal_tim.o
    0x080014ac   0x080014ac   0x00000002   Code   RO         1989    i.HAL_TIM_IC_CaptureCallback  stm32f4xx_hal_tim.o
    0x080014ae   0x080014ae   0x00000166   Code   RO         2003    i.HAL_TIM_IRQHandler  stm32f4xx_hal_tim.o
    0x08001614   0x08001614   0x00000002   Code   RO         2006    i.HAL_TIM_OC_DelayElapsedCallback  stm32f4xx_hal_tim.o
    0x08001616   0x08001616   0x00000002   Code   RO         2033    i.HAL_TIM_PWM_PulseFinishedCallback  stm32f4xx_hal_tim.o
    0x08001618   0x08001618   0x0000002c   Code   RO           14    i.HAL_TIM_PeriodElapsedCallback  main.o
    0x08001644   0x08001644   0x00000002   Code   RO         2046    i.HAL_TIM_TriggerCallback  stm32f4xx_hal_tim.o
    0x08001646   0x08001646   0x00000002   Code   RO          184    i.HardFault_Handler  stm32f4xx_it.o
    0x08001648   0x08001648   0x0000002e   Code   RO          434    i.I2C_IsAcknowledgeFailed  stm32f4xx_hal_i2c.o
    0x08001676   0x08001676   0x00000002   PAD
    0x08001678   0x08001678   0x0000009c   Code   RO          438    i.I2C_MasterRequestWrite  stm32f4xx_hal_i2c.o
    0x08001714   0x08001714   0x0000004c   Code   RO          448    i.I2C_WaitOnBTFFlagUntilTimeout  stm32f4xx_hal_i2c.o
    0x08001760   0x08001760   0x00000068   Code   RO          449    i.I2C_WaitOnFlagUntilTimeout  stm32f4xx_hal_i2c.o
    0x080017c8   0x080017c8   0x00000096   Code   RO          450    i.I2C_WaitOnMasterAddressFlagUntilTimeout  stm32f4xx_hal_i2c.o
    0x0800185e   0x0800185e   0x0000004c   Code   RO          452    i.I2C_WaitOnTXEFlagUntilTimeout  stm32f4xx_hal_i2c.o
    0x080018aa   0x080018aa   0x00000002   PAD
    0x080018ac   0x080018ac   0x00000070   Code   RO           15    i.MX_GPIO_Init      main.o
    0x0800191c   0x0800191c   0x00000054   Code   RO           16    i.MX_TIM2_Init      main.o
    0x08001970   0x08001970   0x00000002   Code   RO          185    i.MemManage_Handler  stm32f4xx_it.o
    0x08001972   0x08001972   0x00000002   Code   RO          186    i.NMI_Handler       stm32f4xx_it.o
    0x08001974   0x08001974   0x00000002   Code   RO          187    i.PendSV_Handler    stm32f4xx_it.o
    0x08001976   0x08001976   0x00000002   Code   RO          188    i.SVC_Handler       stm32f4xx_it.o
    0x08001978   0x08001978   0x00000004   Code   RO          189    i.SysTick_Handler   stm32f4xx_it.o
    0x0800197c   0x0800197c   0x00000084   Code   RO           18    i.SystemClock_Config  main.o
    0x08001a00   0x08001a00   0x0000001c   Code   RO         2887    i.SystemInit        system_stm32f4xx.o
    0x08001a1c   0x08001a1c   0x0000000c   Code   RO          190    i.TIM2_IRQHandler   stm32f4xx_it.o
    0x08001a28   0x08001a28   0x000000c8   Code   RO         2048    i.TIM_Base_SetConfig  stm32f4xx_hal_tim.o
    0x08001af0   0x08001af0   0x00000014   Code   RO         2059    i.TIM_ETR_SetConfig  stm32f4xx_hal_tim.o
    0x08001b04   0x08001b04   0x00000010   Code   RO         2060    i.TIM_ITRx_SetConfig  stm32f4xx_hal_tim.o
    0x08001b14   0x08001b14   0x00000022   Code   RO         2066    i.TIM_TI1_ConfigInputStage  stm32f4xx_hal_tim.o
    0x08001b36   0x08001b36   0x00000024   Code   RO         2068    i.TIM_TI2_ConfigInputStage  stm32f4xx_hal_tim.o
    0x08001b5a   0x08001b5a   0x00000002   Code   RO          191    i.UsageFault_Handler  stm32f4xx_it.o
    0x08001b5c   0x08001b5c   0x00000028   Code   RO         3163    i.__0sprintf        mc_w.l(printfa.o)
    0x08001b84   0x08001b84   0x00000020   Code   RO         1583    i.__NVIC_SetPriority  stm32f4xx_hal_cortex.o
    0x08001ba4   0x08001ba4   0x0000000e   Code   RO         3235    i.__scatterload_copy  mc_w.l(handlers.o)
    0x08001bb2   0x08001bb2   0x00000002   Code   RO         3236    i.__scatterload_null  mc_w.l(handlers.o)
    0x08001bb4   0x08001bb4   0x0000000e   Code   RO         3237    i.__scatterload_zeroinit  mc_w.l(handlers.o)
    0x08001bc2   0x08001bc2   0x00000002   PAD
    0x08001bc4   0x08001bc4   0x00000184   Code   RO         3168    i._fp_digits        mc_w.l(printfa.o)
    0x08001d48   0x08001d48   0x000006dc   Code   RO         3169    i._printf_core      mc_w.l(printfa.o)
    0x08002424   0x08002424   0x00000024   Code   RO         3170    i._printf_post_padding  mc_w.l(printfa.o)
    0x08002448   0x08002448   0x0000002e   Code   RO         3171    i._printf_pre_padding  mc_w.l(printfa.o)
    0x08002476   0x08002476   0x0000000a   Code   RO         3173    i._sputc            mc_w.l(printfa.o)
    0x08002480   0x08002480   0x00000018   Code   RO          313    i.lcd_PrintInt      i2c-lcd.o
    0x08002498   0x08002498   0x00000018   Code   RO          314    i.lcd_clear         i2c-lcd.o
    0x080024b0   0x080024b0   0x00000078   Code   RO          315    i.lcd_init          i2c-lcd.o
    0x08002528   0x08002528   0x00000018   Code   RO          316    i.lcd_put_cur       i2c-lcd.o
    0x08002540   0x08002540   0x00000040   Code   RO          317    i.lcd_send_cmd      i2c-lcd.o
    0x08002580   0x08002580   0x00000040   Code   RO          318    i.lcd_send_data     i2c-lcd.o
    0x080025c0   0x080025c0   0x00000014   Code   RO          319    i.lcd_send_string   i2c-lcd.o
    0x080025d4   0x080025d4   0x00000134   Code   RO           19    i.main              main.o
    0x08002708   0x08002708   0x00000010   Data   RO         2888    .constdata          system_stm32f4xx.o
    0x08002718   0x08002718   0x00000008   Data   RO         2889    .constdata          system_stm32f4xx.o
    0x08002720   0x08002720   0x00000020   Data   RO         3233    Region$$Table       anon$$obj.o


    Execution Region RW_IRAM2 (Exec base: 0x10000000, Load base: 0x08002778, Size: 0x00000000, Max: 0x00010000, ABSOLUTE)

    **** No section assigned to this execution region ****


    Execution Region RW_IRAM1 (Exec base: 0x20000000, Load base: 0x08002740, Size: 0x000004d0, Max: 0x00020000, ABSOLUTE)

    Exec Addr    Load Addr    Size         Type   Attr      Idx    E Section Name        Object

    0x20000000   0x08002740   0x00000028   Data   RW           21    .data               main.o
    0x20000028   0x08002768   0x0000000c   Data   RW         1727    .data               stm32f4xx_hal.o
    0x20000034   0x08002774   0x00000004   Data   RW         2890    .data               system_stm32f4xx.o
    0x20000038        -       0x00000094   Zero   RW           20    .bss                main.o
    0x200000cc   0x08002778   0x00000004   PAD
    0x200000d0        -       0x00000400   Zero   RW            1    STACK               startup_stm32f407xx.o


==============================================================================

Image component sizes


      Code (inc. data)   RO Data    RW Data    ZI Data      Debug   Object Name

       340         16          0          0          0       4547   i2c-lcd.o
       680         72          0         40        148     688385   main.o
        36          8        392          0       1024        872   startup_stm32f407xx.o
       180         28          0         12          0       9753   stm32f4xx_hal.o
       198         14          0          0          0      34211   stm32f4xx_hal_cortex.o
       464         46          0          0          0       3193   stm32f4xx_hal_gpio.o
      1300         32          0          0          0       9497   stm32f4xx_hal_i2c.o
       208         24          0          0          0       2359   stm32f4xx_hal_msp.o
      1296         60          0          0          0       4853   stm32f4xx_hal_rcc.o
       974         44          0          0          0      10621   stm32f4xx_hal_tim.o
       148         28          0          0          0       2629   stm32f4xx_hal_tim_ex.o
        32          6          0          0          0       4976   stm32f4xx_it.o
        28          6         24          4          0       1263   system_stm32f4xx.o

    ----------------------------------------------------------------------
      5894        384        448         56       1176     777159   Object Totals
         0          0         32          0          0          0   (incl. Generated)
        10          0          0          0          4          0   (incl. Padding)

    ----------------------------------------------------------------------

      Code (inc. data)   RO Data    RW Data    ZI Data      Debug   Library Member Name

         0          0          0          0          0          0   entry.o
         0          0          0          0          0          0   entry10a.o
         0          0          0          0          0          0   entry11a.o
         8          4          0          0          0          0   entry2.o
         4          0          0          0          0          0   entry5.o
         0          0          0          0          0          0   entry7b.o
         0          0          0          0          0          0   entry8b.o
         8          4          0          0          0          0   entry9a.o
        30          0          0          0          0          0   handlers.o
        36          8          0          0          0         68   init.o
         0          0          0          0          0          0   iusefp.o
        30          0          0          0          0         68   llshl.o
        36          0          0          0          0         68   llsshr.o
        32          0          0          0          0         68   llushr.o
        36          0          0          0          0        108   memseta.o
      2276         86          0          0          0        520   printfa.o
        44          0          0          0          0         80   uidiv.o
        98          0          0          0          0         92   uldiv.o
        48          0          0          0          0         68   cdrcmple.o
       334          0          0          0          0        148   dadd.o
       222          0          0          0          0        100   ddiv.o
       186          0          0          0          0        176   depilogue.o
        48          0          0          0          0         68   dfixul.o
       228          0          0          0          0         96   dmul.o

    ----------------------------------------------------------------------
      3706        102          0          0          0       1728   Library Totals
         2          0          0          0          0          0   (incl. Padding)

    ----------------------------------------------------------------------

      Code (inc. data)   RO Data    RW Data    ZI Data      Debug   Library Name

      2638        102          0          0          0       1072   mc_w.l
      1066          0          0          0          0        656   mf_w.l

    ----------------------------------------------------------------------
      3706        102          0          0          0       1728   Library Totals

    ----------------------------------------------------------------------

==============================================================================


      Code (inc. data)   RO Data    RW Data    ZI Data      Debug   

      9600        486        448         56       1176     772207   Grand Totals
      9600        486        448         56       1176     772207   ELF Image Totals
      9600        486        448         56          0          0   ROM Totals

==============================================================================

    Total RO  Size (Code + RO Data)                10048 (   9.81kB)
    Total RW  Size (RW Data + ZI Data)              1232 (   1.20kB)
    Total ROM Size (Code + RO Data + RW Data)      10104 (   9.87kB)

==============================================================================

